Archive member included to satisfy reference by file (symbol)

/usr/lib/gcc/arm-none-eabi/4.8/armv7e-m/fpu/libgcc.a(_arm_addsubdf3.o)
                              build/obj/chprintf.o (__aeabi_dsub)
/usr/lib/gcc/arm-none-eabi/4.8/armv7e-m/fpu/libgcc.a(_arm_muldivdf3.o)
                              build/obj/chprintf.o (__aeabi_dmul)
/usr/lib/gcc/arm-none-eabi/4.8/armv7e-m/fpu/libgcc.a(_arm_fixdfsi.o)
                              build/obj/chprintf.o (__aeabi_d2iz)
/usr/lib/gcc/arm-none-eabi/4.8/armv7e-m/fpu/libgcc.a(_arm_truncdfsf2.o)
                              build/obj/chprintf.o (__aeabi_d2f)
/usr/lib/gcc/arm-none-eabi/4.8/../../../arm-none-eabi/lib/armv7e-m/fpu/libg.a(lib_a-aeabi_atexit.o)
                              build/obj/rosserial.o (__aeabi_atexit)
/usr/lib/gcc/arm-none-eabi/4.8/../../../arm-none-eabi/lib/armv7e-m/fpu/libg.a(lib_a-cxa_atexit.o)
                              /usr/lib/gcc/arm-none-eabi/4.8/../../../arm-none-eabi/lib/armv7e-m/fpu/libg.a(lib_a-aeabi_atexit.o) (__cxa_atexit)
/usr/lib/gcc/arm-none-eabi/4.8/../../../arm-none-eabi/lib/armv7e-m/fpu/libg.a(lib_a-memcpy.o)
                              build/obj/Message.o (memcpy)
/usr/lib/gcc/arm-none-eabi/4.8/../../../arm-none-eabi/lib/armv7e-m/fpu/libg.a(lib_a-memset.o)
                              build/obj/usb.o (memset)
/usr/lib/gcc/arm-none-eabi/4.8/../../../arm-none-eabi/lib/armv7e-m/fpu/libg.a(lib_a-realloc.o)
                              build/obj/rosserial.o (realloc)
/usr/lib/gcc/arm-none-eabi/4.8/../../../arm-none-eabi/lib/armv7e-m/fpu/libg.a(lib_a-reallocr.o)
                              /usr/lib/gcc/arm-none-eabi/4.8/../../../arm-none-eabi/lib/armv7e-m/fpu/libg.a(lib_a-realloc.o) (_realloc_r)
/usr/lib/gcc/arm-none-eabi/4.8/../../../arm-none-eabi/lib/armv7e-m/fpu/libg.a(lib_a-strcasecmp.o)
                              build/obj/shell.o (strcasecmp)
/usr/lib/gcc/arm-none-eabi/4.8/../../../arm-none-eabi/lib/armv7e-m/fpu/libg.a(lib_a-strlen.o)
                              build/obj/rosserial.o (strlen)
/usr/lib/gcc/arm-none-eabi/4.8/../../../arm-none-eabi/lib/armv7e-m/fpu/libg.a(lib_a-strncmp.o)
                              build/obj/BaseSubscriber.o (strncmp)
/usr/lib/gcc/arm-none-eabi/4.8/../../../arm-none-eabi/lib/armv7e-m/fpu/libg.a(lib_a-strncpy.o)
                              build/obj/Middleware.o (strncpy)
/usr/lib/gcc/arm-none-eabi/4.8/../../../arm-none-eabi/lib/armv7e-m/fpu/libg.a(lib_a-strpbrk.o)
                              build/obj/shell.o (strpbrk)
/usr/lib/gcc/arm-none-eabi/4.8/../../../arm-none-eabi/lib/armv7e-m/fpu/libg.a(lib_a-strspn.o)
                              build/obj/shell.o (strspn)
/usr/lib/gcc/arm-none-eabi/4.8/../../../arm-none-eabi/lib/armv7e-m/fpu/libg.a(lib_a-__atexit.o)
                              /usr/lib/gcc/arm-none-eabi/4.8/../../../arm-none-eabi/lib/armv7e-m/fpu/libg.a(lib_a-cxa_atexit.o) (__register_exitproc)
/usr/lib/gcc/arm-none-eabi/4.8/../../../arm-none-eabi/lib/armv7e-m/fpu/libg.a(lib_a-ctype_.o)
                              /usr/lib/gcc/arm-none-eabi/4.8/../../../arm-none-eabi/lib/armv7e-m/fpu/libg.a(lib_a-strcasecmp.o) (__ctype_ptr__)
/usr/lib/gcc/arm-none-eabi/4.8/../../../arm-none-eabi/lib/armv7e-m/fpu/libg.a(lib_a-freer.o)
                              /usr/lib/gcc/arm-none-eabi/4.8/../../../arm-none-eabi/lib/armv7e-m/fpu/libg.a(lib_a-reallocr.o) (_free_r)
/usr/lib/gcc/arm-none-eabi/4.8/../../../arm-none-eabi/lib/armv7e-m/fpu/libg.a(lib_a-impure.o)
                              /usr/lib/gcc/arm-none-eabi/4.8/../../../arm-none-eabi/lib/armv7e-m/fpu/libg.a(lib_a-__atexit.o) (_global_impure_ptr)
/usr/lib/gcc/arm-none-eabi/4.8/../../../arm-none-eabi/lib/armv7e-m/fpu/libg.a(lib_a-mallocr.o)
                              /usr/lib/gcc/arm-none-eabi/4.8/../../../arm-none-eabi/lib/armv7e-m/fpu/libg.a(lib_a-reallocr.o) (_malloc_r)
/usr/lib/gcc/arm-none-eabi/4.8/../../../arm-none-eabi/lib/armv7e-m/fpu/libg.a(lib_a-memmove.o)
                              /usr/lib/gcc/arm-none-eabi/4.8/../../../arm-none-eabi/lib/armv7e-m/fpu/libg.a(lib_a-reallocr.o) (memmove)
/usr/lib/gcc/arm-none-eabi/4.8/../../../arm-none-eabi/lib/armv7e-m/fpu/libg.a(lib_a-mlock.o)
                              /usr/lib/gcc/arm-none-eabi/4.8/../../../arm-none-eabi/lib/armv7e-m/fpu/libg.a(lib_a-reallocr.o) (__malloc_lock)

Discarded input sections

 .text          0x0000000000000000        0x0 build/obj/crt0.o
 .data          0x0000000000000000        0x0 build/obj/crt0.o
 .bss           0x0000000000000000        0x0 build/obj/crt0.o
 .text.__early_init
                0x0000000000000000       0x10 build/obj/crt0.o
 .text          0x0000000000000000        0x0 build/obj/vectors.o
 .data          0x0000000000000000        0x0 build/obj/vectors.o
 .bss           0x0000000000000000        0x0 build/obj/vectors.o
 .text          0x0000000000000000        0x0 build/obj/chcore.o
 .data          0x0000000000000000        0x0 build/obj/chcore.o
 .bss           0x0000000000000000        0x0 build/obj/chcore.o
[...]
Memory Configuration

Name             Origin             Length             Attributes
flash            0x0000000008000000 0x0000000000040000
ram              0x0000000020000000 0x000000000000a000
ccmram           0x0000000010000000 0x0000000000002000
*default*        0x0000000000000000 0xffffffffffffffff

Linker script and memory map

LOAD build/obj/crt0.o
LOAD build/obj/vectors.o
LOAD build/obj/chcore.o
LOAD build/obj/chcore_v7m.o
LOAD build/obj/nvic.o
LOAD build/obj/chsys.o
LOAD build/obj/chdebug.o
LOAD build/obj/chlists.o
LOAD build/obj/chvt.o
LOAD build/obj/chschd.o
LOAD build/obj/chthreads.o
LOAD build/obj/chdynamic.o
LOAD build/obj/chregistry.o
LOAD build/obj/chsem.o
LOAD build/obj/chmtx.o
LOAD build/obj/chcond.o
LOAD build/obj/chevents.o
LOAD build/obj/chmsg.o
LOAD build/obj/chmboxes.o
LOAD build/obj/chqueues.o
LOAD build/obj/chmemcore.o
LOAD build/obj/chheap.o
LOAD build/obj/chmempools.o
LOAD build/obj/hal.o
LOAD build/obj/adc.o
LOAD build/obj/can.o
LOAD build/obj/ext.o
LOAD build/obj/gpt.o
LOAD build/obj/i2c.o
LOAD build/obj/icu.o
LOAD build/obj/mac.o
LOAD build/obj/mmc_spi.o
LOAD build/obj/mmcsd.o
LOAD build/obj/pal.o
LOAD build/obj/pwm.o
LOAD build/obj/rtc.o
LOAD build/obj/sdc.o
LOAD build/obj/serial.o
LOAD build/obj/serial_usb.o
LOAD build/obj/spi.o
LOAD build/obj/tm.o
LOAD build/obj/uart.o
LOAD build/obj/usb.o
LOAD build/obj/stm32_dma.o
LOAD build/obj/hal_lld.o
LOAD build/obj/adc_lld.o
LOAD build/obj/ext_lld_isr.o
LOAD build/obj/can_lld.o
LOAD build/obj/ext_lld.o
LOAD build/obj/pal_lld.o
LOAD build/obj/i2c_lld.o
LOAD build/obj/rtc_lld.o
LOAD build/obj/spi_lld.o
LOAD build/obj/gpt_lld.o
LOAD build/obj/icu_lld.o
LOAD build/obj/pwm_lld.o
LOAD build/obj/serial_lld.o
LOAD build/obj/uart_lld.o
LOAD build/obj/usb_lld.o
LOAD build/obj/chprintf.o
LOAD build/obj/evtimer.o
LOAD build/obj/shell.o
LOAD build/obj/syscalls.o
LOAD build/obj/rtcan.o
LOAD build/obj/msgqueue.o
LOAD build/obj/hrt.o
LOAD build/obj/srt.o
LOAD build/obj/rtcan_lld_can.o
LOAD build/obj/rtcan_lld_tim.o
LOAD build/obj/board.o
LOAD build/obj/stubs.o
LOAD build/obj/usbcfg.o
LOAD build/obj/ArrayQueue_.o
LOAD build/obj/SimplePool_.o
LOAD build/obj/StaticList_.o
LOAD build/obj/StaticQueue_.o
LOAD build/obj/BasePublisher.o
LOAD build/obj/BaseSubscriber.o
LOAD build/obj/BaseSubscriberQueue.o
LOAD build/obj/BootMsg.o
LOAD build/obj/Checksummer.o
LOAD build/obj/LocalPublisher.o
LOAD build/obj/LocalSubscriber.o
LOAD build/obj/MessagePtrQueue.o
LOAD build/obj/Message.o
LOAD build/obj/Middleware.o
LOAD build/obj/Node.o
LOAD build/obj/RemotePublisher.o
LOAD build/obj/RemoteSubscriber.o
LOAD build/obj/Time.o
LOAD build/obj/TimestampedMsgPtrQueue.o
LOAD build/obj/Topic.o
LOAD build/obj/Transport.o
LOAD build/obj/Utils.o
LOAD build/obj/RTCANTransport.o
LOAD build/obj/RTCANPublisher.o
LOAD build/obj/RTCANSubscriber.o
LOAD build/obj/Middleware_.o
LOAD build/obj/Time_.o
LOAD build/obj/chnew.o
LOAD build/obj/led.o
LOAD build/obj/duration.o
LOAD build/obj/time.o
LOAD build/obj/rosserial.o
LOAD build/obj/main.o
                0x0000000000000400                __main_stack_size__ = 0x400
                0x0000000000000400                __process_stack_size__ = 0x400
                0x0000000020000000                __ram_start__ = ORIGIN (ram)
                0x000000000000a000                __ram_size__ = 0xa000
                0x000000002000a000                __ram_end__ = (__ram_start__ + __ram_size__)
                0x0000000000000000                . = 0x0
                0x0000000000000000                _text = .

startup         0x0000000008000000      0x188
 *(vectors)
 vectors        0x0000000008000000      0x188 build/obj/vectors.o
                0x0000000008000000                _vectors

constructors    0x0000000008000188        0xc
                0x0000000008000188                PROVIDE (__init_array_start, .)
 *(SORT(.init_array.*))
 *(.init_array)
 .init_array    0x0000000008000188        0x4 build/obj/Time.o
 .init_array    0x000000000800018c        0x4 build/obj/rosserial.o
 .init_array    0x0000000008000190        0x4 build/obj/main.o
                0x0000000008000194                PROVIDE (__init_array_end, .)

destructors     0x0000000008000194        0x0
                0x0000000008000194                PROVIDE (__fini_array_start, .)
 *(.fini_array)
 *(SORT(.fini_array.*))
                0x0000000008000194                PROVIDE (__fini_array_end, .)

.text           0x00000000080001a0    0x10a84
 *(.text.startup.*)
 *(.text)
 .text          0x00000000080001a0      0x134 /usr/lib/gcc/arm-none-eabi/4.8/../../../arm-none-eabi/lib/armv7e-m/fpu/libg.a(lib_a-memcpy.o)
                0x00000000080001a0                memcpy
 *(.text.*)
 *fill*         0x00000000080002d4        0xc 
 .text.__late_init
                0x00000000080002e0       0x10 build/obj/crt0.o
                0x00000000080002e0                __late_init
 .text._default_exit
                0x00000000080002f0       0x10 build/obj/crt0.o
                0x00000000080002f0                _default_exit
 .text.ResetHandler
                0x0000000008000300      0x100 build/obj/crt0.o
                0x0000000008000300                ResetHandler
 .text._unhandled_exception
                0x0000000008000400       0x10 build/obj/vectors.o
                0x0000000008000400                Vector58
                0x0000000008000400                VectorE8
                0x0000000008000400                Vector9C
                0x0000000008000400                VectorAC
                0x0000000008000400                Vector5C
                0x0000000008000400                NMIVector
                0x0000000008000400                Vector11C
                0x0000000008000400                Vector110
                0x0000000008000400                VectorC8
                0x0000000008000400                VectorA8
                0x0000000008000400                VectorB4
                0x0000000008000400                Vector160
                0x0000000008000400                VectorEC
                0x0000000008000400                UsageFaultVector
                0x0000000008000400                DebugMonitorVector
                0x0000000008000400                Vector40
                0x0000000008000400                VectorF8
                0x0000000008000400                Vector108
                0x0000000008000400                VectorBC
                0x0000000008000400                Vector150
                0x0000000008000400                Vector148
                0x0000000008000400                PendSVVector
                0x0000000008000400                Vector118
                0x0000000008000400                Vector64
                0x0000000008000400                VectorCC
                0x0000000008000400                Vector54
                0x0000000008000400                VectorD8
                0x0000000008000400                Vector138
                0x0000000008000400                Vector24
                0x0000000008000400                Vector178
                0x0000000008000400                BusFaultVector
                0x0000000008000400                VectorD0
                0x0000000008000400                Vector140
                0x0000000008000400                VectorE4
                0x0000000008000400                VectorC0
                0x0000000008000400                Vector158
                0x0000000008000400                HardFaultVector
                0x0000000008000400                Vector134
                0x0000000008000400                VectorF0
                0x0000000008000400                Vector13C
                0x0000000008000400                Vector100
                0x0000000008000400                VectorE0
                0x0000000008000400                VectorF4
                0x0000000008000400                MemManageVector
                0x0000000008000400                VectorA0
                0x0000000008000400                VectorC4
                0x0000000008000400                Vector180
                0x0000000008000400                VectorB0
                0x0000000008000400                Vector114
                0x0000000008000400                Vector164
                0x0000000008000400                Vector60
                0x0000000008000400                Vector1C
                0x0000000008000400                Vector17C
                0x0000000008000400                Vector48
                0x0000000008000400                Vector4C
                0x0000000008000400                Vector144
                0x0000000008000400                Vector15C
                0x0000000008000400                Vector68
                0x0000000008000400                _unhandled_exception
                0x0000000008000400                Vector170
                0x0000000008000400                Vector88
                0x0000000008000400                Vector104
                0x0000000008000400                Vector184
                0x0000000008000400                Vector10C
                0x0000000008000400                Vector14C
                0x0000000008000400                Vector50
                0x0000000008000400                Vector154
                0x0000000008000400                Vector44
                0x0000000008000400                Vector28
                0x0000000008000400                VectorB8
                0x0000000008000400                VectorFC
                0x0000000008000400                Vector34
                0x0000000008000400                VectorA4
                0x0000000008000400                Vector20
                0x0000000008000400                Vector174
 .text.port_halt
                0x0000000008000410       0x10 build/obj/chcore.o
                0x0000000008000410                port_halt
 .text.SysTickVector
                0x0000000008000420       0x30 build/obj/chcore_v7m.o
                0x0000000008000420                SysTickVector
 .text.SVCallVector
                0x0000000008000450       0x30 build/obj/chcore_v7m.o
                0x0000000008000450                SVCallVector
 .text._port_init
                0x0000000008000480       0x30 build/obj/chcore_v7m.o
                0x0000000008000480                _port_init
 .text._port_irq_epilogue
                0x00000000080004b0       0xa0 build/obj/chcore_v7m.o
                0x00000000080004b0                _port_irq_epilogue
 .text._port_switch_from_isr
                0x0000000008000550       0x10 build/obj/chcore_v7m.o
                0x0000000008000550                _port_switch_from_isr
 .text._port_switch
                0x0000000008000560       0x20 build/obj/chcore_v7m.o
                0x0000000008000560                _port_switch
 .text._port_thread_start
                0x0000000008000580       0x20 build/obj/chcore_v7m.o
                0x0000000008000580                _port_thread_start
 .text.nvicEnableVector
                0x00000000080005a0       0x80 build/obj/nvic.o
                0x00000000080005a0                nvicEnableVector
 .text.nvicSetSystemHandlerPriority
                0x0000000008000620       0x50 build/obj/nvic.o
                0x0000000008000620                nvicSetSystemHandlerPriority
 .text._idle_thread
                0x0000000008000670       0x20 build/obj/chsys.o
                0x0000000008000670                _idle_thread
 .text.chSysInit
                0x0000000008000690       0x80 build/obj/chsys.o
                0x0000000008000690                chSysInit
 .text.chSysTimerHandlerI
                0x0000000008000710       0xb0 build/obj/chsys.o
                0x0000000008000710                chSysTimerHandlerI
 .text.dbg_check_disable
                0x00000000080007c0       0x30 build/obj/chdebug.o
                0x00000000080007c0                dbg_check_disable
 .text.dbg_check_enable
                0x00000000080007f0       0x30 build/obj/chdebug.o
                0x00000000080007f0                dbg_check_enable
 .text.dbg_check_lock
                0x0000000008000820       0x30 build/obj/chdebug.o
                0x0000000008000820                dbg_check_lock
 .text.dbg_check_unlock
                0x0000000008000850       0x30 build/obj/chdebug.o
                0x0000000008000850                dbg_check_unlock
 .text.dbg_check_lock_from_isr
                0x0000000008000880       0x30 build/obj/chdebug.o
                0x0000000008000880                dbg_check_lock_from_isr
 .text.dbg_check_unlock_from_isr
                0x00000000080008b0       0x30 build/obj/chdebug.o
                0x00000000080008b0                dbg_check_unlock_from_isr
 .text.dbg_check_enter_isr
                0x00000000080008e0       0x40 build/obj/chdebug.o
                0x00000000080008e0                dbg_check_enter_isr
 .text.dbg_check_leave_isr
                0x0000000008000920       0x40 build/obj/chdebug.o
                0x0000000008000920                dbg_check_leave_isr
 .text.chDbgCheckClassI
                0x0000000008000960       0x30 build/obj/chdebug.o
                0x0000000008000960                chDbgCheckClassI
 .text.chDbgCheckClassS
                0x0000000008000990       0x30 build/obj/chdebug.o
                0x0000000008000990                chDbgCheckClassS
 .text._trace_init
                0x00000000080009c0       0x20 build/obj/chdebug.o
                0x00000000080009c0                _trace_init
 .text.dbg_trace
                0x00000000080009e0       0x70 build/obj/chdebug.o
                0x00000000080009e0                dbg_trace
 .text.chDbgPanic
                0x0000000008000a50       0x20 build/obj/chdebug.o
                0x0000000008000a50                chDbgPanic
 .text._vt_init
                0x0000000008000a70       0x30 build/obj/chvt.o
                0x0000000008000a70                _vt_init
 .text.chVTSetI
                0x0000000008000aa0       0xa0 build/obj/chvt.o
                0x0000000008000aa0                chVTSetI
 .text.chVTResetI
                0x0000000008000b40       0x70 build/obj/chvt.o
                0x0000000008000b40                chVTResetI
 .text.fifo_remove
                0x0000000008000bb0       0x30 build/obj/chschd.o
 .text.dequeue  0x0000000008000be0       0x20 build/obj/chschd.o
 .text._scheduler_init
                0x0000000008000c00       0x30 build/obj/chschd.o
                0x0000000008000c00                _scheduler_init
 .text.chSchReadyI
                0x0000000008000c30       0x80 build/obj/chschd.o
                0x0000000008000c30                chSchReadyI
 .text.chSchGoSleepS
                0x0000000008000cb0       0x70 build/obj/chschd.o
                0x0000000008000cb0                chSchGoSleepS
 .text.wakeup   0x0000000008000d20       0xa0 build/obj/chschd.o
 .text.chSchGoSleepTimeoutS
                0x0000000008000dc0       0x70 build/obj/chschd.o
                0x0000000008000dc0                chSchGoSleepTimeoutS
 .text.chSchWakeupS
                0x0000000008000e30       0x80 build/obj/chschd.o
                0x0000000008000e30                chSchWakeupS
 .text.chSchDoRescheduleBehind
                0x0000000008000eb0       0x70 build/obj/chschd.o
                0x0000000008000eb0                chSchDoRescheduleBehind
 .text.chSchDoRescheduleAhead
                0x0000000008000f20       0x90 build/obj/chschd.o
                0x0000000008000f20                chSchDoRescheduleAhead
 .text.chSchDoReschedule
                0x0000000008000fb0       0x20 build/obj/chschd.o
                0x0000000008000fb0                chSchDoReschedule
 .text.list_remove
                0x0000000008000fd0       0x20 build/obj/chthreads.o
 .text._thread_init
                0x0000000008000ff0       0xa0 build/obj/chthreads.o
                0x0000000008000ff0                _thread_init
 .text._thread_memfill
                0x0000000008001090       0x30 build/obj/chthreads.o
                0x0000000008001090                _thread_memfill
 .text.chThdCreateI
                0x00000000080010c0       0x80 build/obj/chthreads.o
                0x00000000080010c0                chThdCreateI
 .text.chThdCreateStatic
                0x0000000008001140       0x70 build/obj/chthreads.o
                0x0000000008001140                chThdCreateStatic
 .text.chThdSleep
                0x00000000080011b0       0x40 build/obj/chthreads.o
                0x00000000080011b0                chThdSleep
 .text.chThdSleepUntil
                0x00000000080011f0       0x40 build/obj/chthreads.o
                0x00000000080011f0                chThdSleepUntil
 .text.chThdYield
                0x0000000008001230       0x30 build/obj/chthreads.o
                0x0000000008001230                chThdYield
 .text.chThdExit
                0x0000000008001260       0x20 build/obj/chthreads.o
                0x0000000008001260                chThdExit
 .text.chThdExitS
                0x0000000008001280       0x70 build/obj/chthreads.o
                0x0000000008001280                chThdExitS
 .text.chThdCreateFromHeap
                0x00000000080012f0       0x90 build/obj/chdynamic.o
                0x00000000080012f0                chThdCreateFromHeap
 .text.prio_insert
                0x0000000008001380       0x50 build/obj/chmtx.o
 .text.fifo_remove
                0x00000000080013d0       0x30 build/obj/chmtx.o
 .text.dequeue  0x0000000008001400       0x20 build/obj/chmtx.o
 .text.chMtxInit
                0x0000000008001420       0x30 build/obj/chmtx.o
                0x0000000008001420                chMtxInit
 .text.chMtxLock
                0x0000000008001450       0x30 build/obj/chmtx.o
                0x0000000008001450                chMtxLock
 .text.chMtxLockS
                0x0000000008001480      0x110 build/obj/chmtx.o
                0x0000000008001480                chMtxLockS
 .text.chMtxUnlock
                0x0000000008001590       0xe0 build/obj/chmtx.o
                0x0000000008001590                chMtxUnlock
 .text.chMtxUnlockS
                0x0000000008001670       0xd0 build/obj/chmtx.o
                0x0000000008001670                chMtxUnlockS
 .text.chEvtBroadcastFlagsI
                0x0000000008001740       0x60 build/obj/chevents.o
                0x0000000008001740                chEvtBroadcastFlagsI
 .text.chEvtSignalI
                0x00000000080017a0       0x70 build/obj/chevents.o
                0x00000000080017a0                chEvtSignalI
 .text.chEvtWaitAnyTimeout
                0x0000000008001810       0x90 build/obj/chevents.o
                0x0000000008001810                chEvtWaitAnyTimeout
 .text.queue_insert
                0x00000000080018a0       0x30 build/obj/chqueues.o
 .text.fifo_remove
                0x00000000080018d0       0x30 build/obj/chqueues.o
 .text.qwait    0x0000000008001900       0x40 build/obj/chqueues.o
 .text.chIQInit
                0x0000000008001940       0x50 build/obj/chqueues.o
                0x0000000008001940                chIQInit
 .text.chIQResetI
                0x0000000008001990       0x50 build/obj/chqueues.o
                0x0000000008001990                chIQResetI
 .text.chIQPutI
                0x00000000080019e0       0xa0 build/obj/chqueues.o
                0x00000000080019e0                chIQPutI
 .text.chIQGetTimeout
                0x0000000008001a80       0x90 build/obj/chqueues.o
                0x0000000008001a80                chIQGetTimeout
 .text.chIQReadTimeout
                0x0000000008001b10       0xd0 build/obj/chqueues.o
                0x0000000008001b10                chIQReadTimeout
 .text.chOQInit
                0x0000000008001be0       0x50 build/obj/chqueues.o
                0x0000000008001be0                chOQInit
 .text.chOQResetI
                0x0000000008001c30       0x60 build/obj/chqueues.o
                0x0000000008001c30                chOQResetI
 .text.chOQPutTimeout
                0x0000000008001c90       0xa0 build/obj/chqueues.o
                0x0000000008001c90                chOQPutTimeout
 .text.chOQGetI
                0x0000000008001d30       0x90 build/obj/chqueues.o
                0x0000000008001d30                chOQGetI
 .text.chOQWriteTimeout
                0x0000000008001dc0       0xd0 build/obj/chqueues.o
                0x0000000008001dc0                chOQWriteTimeout
 .text._core_init
                0x0000000008001e90       0x30 build/obj/chmemcore.o
                0x0000000008001e90                _core_init
 .text.chCoreAlloc
                0x0000000008001ec0       0x30 build/obj/chmemcore.o
                0x0000000008001ec0                chCoreAlloc
 .text.chCoreAllocI
                0x0000000008001ef0       0x50 build/obj/chmemcore.o
                0x0000000008001ef0                chCoreAllocI
 .text._heap_init
                0x0000000008001f40       0x30 build/obj/chheap.o
                0x0000000008001f40                _heap_init
 .text.chHeapAlloc
                0x0000000008001f70       0xf0 build/obj/chheap.o
                0x0000000008001f70                chHeapAlloc
 .text.chHeapFree
                0x0000000008002060      0x100 build/obj/chheap.o
                0x0000000008002060                chHeapFree
 .text.chPoolInit
                0x0000000008002160       0x40 build/obj/chmempools.o
                0x0000000008002160                chPoolInit
 .text.chPoolLoadArray
                0x00000000080021a0       0x50 build/obj/chmempools.o
                0x00000000080021a0                chPoolLoadArray
 .text.chPoolAllocI
                0x00000000080021f0       0x60 build/obj/chmempools.o
                0x00000000080021f0                chPoolAllocI
 .text.chPoolFreeI
                0x0000000008002250       0x40 build/obj/chmempools.o
                0x0000000008002250                chPoolFreeI
 .text.chPoolFree
                0x0000000008002290       0x30 build/obj/chmempools.o
                0x0000000008002290                chPoolFree
 .text.halInit  0x00000000080022c0       0x30 build/obj/hal.o
                0x00000000080022c0                halInit
 .text.mmcInit  0x00000000080022f0       0x10 build/obj/mmc_spi.o
                0x00000000080022f0                mmcInit
 .text.write    0x0000000008002300       0x30 build/obj/serial.o
 .text.read     0x0000000008002330       0x30 build/obj/serial.o
 .text.put      0x0000000008002360       0x30 build/obj/serial.o
 .text.get      0x0000000008002390       0x20 build/obj/serial.o
 .text.putt     0x00000000080023b0       0x30 build/obj/serial.o
 .text.gett     0x00000000080023e0       0x20 build/obj/serial.o
 .text.writet   0x0000000008002400       0x30 build/obj/serial.o
 .text.readt    0x0000000008002430       0x30 build/obj/serial.o
 .text.sdInit   0x0000000008002460       0x10 build/obj/serial.o
                0x0000000008002460                sdInit
 .text.sdObjectInit
                0x0000000008002470       0x70 build/obj/serial.o
                0x0000000008002470                sdObjectInit
 .text.sdIncomingDataI
                0x00000000080024e0       0x60 build/obj/serial.o
                0x00000000080024e0                sdIncomingDataI
 .text.write    0x0000000008002540       0x30 build/obj/serial_usb.o
 .text.read     0x0000000008002570       0x30 build/obj/serial_usb.o
 .text.put      0x00000000080025a0       0x30 build/obj/serial_usb.o
 .text.get      0x00000000080025d0       0x20 build/obj/serial_usb.o
 .text.putt     0x00000000080025f0       0x30 build/obj/serial_usb.o
 .text.gett     0x0000000008002620       0x20 build/obj/serial_usb.o
 .text.writet   0x0000000008002640       0x30 build/obj/serial_usb.o
 .text.readt    0x0000000008002670       0x30 build/obj/serial_usb.o
 .text.inotify  0x00000000080026a0       0xe0 build/obj/serial_usb.o
 .text.onotify  0x0000000008002780       0xc0 build/obj/serial_usb.o
 .text.sduInit  0x0000000008002840       0x10 build/obj/serial_usb.o
                0x0000000008002840                sduInit
 .text.sduObjectInit
                0x0000000008002850       0x70 build/obj/serial_usb.o
                0x0000000008002850                sduObjectInit
 .text.sduStart
                0x00000000080028c0       0xa0 build/obj/serial_usb.o
                0x00000000080028c0                sduStart
 .text.sduConfigureHookI
                0x0000000008002960       0x70 build/obj/serial_usb.o
                0x0000000008002960                sduConfigureHookI
 .text.sduRequestsHook
                0x00000000080029d0       0x80 build/obj/serial_usb.o
                0x00000000080029d0                sduRequestsHook
 .text.sduDataTransmitted
                0x0000000008002a50      0x120 build/obj/serial_usb.o
                0x0000000008002a50                sduDataTransmitted
 .text.sduDataReceived
                0x0000000008002b70       0xc0 build/obj/serial_usb.o
                0x0000000008002b70                sduDataReceived
 .text.sduInterruptTransmitted
                0x0000000008002c30       0x10 build/obj/serial_usb.o
                0x0000000008002c30                sduInterruptTransmitted
 .text.spiInit  0x0000000008002c40       0x10 build/obj/spi.o
                0x0000000008002c40                spiInit
 .text.spiObjectInit
                0x0000000008002c50       0x30 build/obj/spi.o
                0x0000000008002c50                spiObjectInit
 .text.uartInit
                0x0000000008002c80       0x10 build/obj/uart.o
                0x0000000008002c80                uartInit
 .text.uartObjectInit
                0x0000000008002c90       0x20 build/obj/uart.o
                0x0000000008002c90                uartObjectInit
 .text.set_address
                0x0000000008002cb0       0x40 build/obj/usb.o
 .text.default_handler
                0x0000000008002cf0      0x390 build/obj/usb.o
 .text.usbInit  0x0000000008003080       0x10 build/obj/usb.o
                0x0000000008003080                usbInit
 .text.usbObjectInit
                0x0000000008003090       0x50 build/obj/usb.o
                0x0000000008003090                usbObjectInit
 .text.usbStart
                0x00000000080030e0       0x90 build/obj/usb.o
                0x00000000080030e0                usbStart
 .text.usbInitEndpointI
                0x0000000008003170       0xb0 build/obj/usb.o
                0x0000000008003170                usbInitEndpointI
 .text.usbPrepareReceive
                0x0000000008003220       0x50 build/obj/usb.o
                0x0000000008003220                usbPrepareReceive
 .text.usbPrepareTransmit
                0x0000000008003270       0x50 build/obj/usb.o
                0x0000000008003270                usbPrepareTransmit
 .text.usbPrepareQueuedReceive
                0x00000000080032c0       0x50 build/obj/usb.o
                0x00000000080032c0                usbPrepareQueuedReceive
 .text.usbPrepareQueuedTransmit
                0x0000000008003310       0x50 build/obj/usb.o
                0x0000000008003310                usbPrepareQueuedTransmit
 .text.usbStartReceiveI
                0x0000000008003360       0x70 build/obj/usb.o
                0x0000000008003360                usbStartReceiveI
 .text.usbStartTransmitI
                0x00000000080033d0       0x70 build/obj/usb.o
                0x00000000080033d0                usbStartTransmitI
 .text._usb_reset
                0x0000000008003440       0x70 build/obj/usb.o
                0x0000000008003440                _usb_reset
 .text._usb_ep0setup
                0x00000000080034b0      0x1b0 build/obj/usb.o
                0x00000000080034b0                _usb_ep0setup
 .text._usb_ep0in
                0x0000000008003660      0x110 build/obj/usb.o
                0x0000000008003660                _usb_ep0in
 .text._usb_ep0out
                0x0000000008003770       0xb0 build/obj/usb.o
                0x0000000008003770                _usb_ep0out
 .text.Vector6C
                0x0000000008003820       0x50 build/obj/stm32_dma.o
                0x0000000008003820                Vector6C
 .text.Vector70
                0x0000000008003870       0x50 build/obj/stm32_dma.o
                0x0000000008003870                Vector70
 .text.Vector74
                0x00000000080038c0       0x50 build/obj/stm32_dma.o
                0x00000000080038c0                Vector74
 .text.Vector78
                0x0000000008003910       0x50 build/obj/stm32_dma.o
                0x0000000008003910                Vector78
 .text.Vector7C
                0x0000000008003960       0x50 build/obj/stm32_dma.o
                0x0000000008003960                Vector7C
 .text.Vector80
                0x00000000080039b0       0x50 build/obj/stm32_dma.o
                0x00000000080039b0                Vector80
 .text.Vector84
                0x0000000008003a00       0x50 build/obj/stm32_dma.o
                0x0000000008003a00                Vector84
 .text.Vector120
                0x0000000008003a50       0x50 build/obj/stm32_dma.o
                0x0000000008003a50                Vector120
 .text.Vector124
                0x0000000008003aa0       0x50 build/obj/stm32_dma.o
                0x0000000008003aa0                Vector124
 .text.Vector128
                0x0000000008003af0       0x50 build/obj/stm32_dma.o
                0x0000000008003af0                Vector128
 .text.Vector12C
                0x0000000008003b40       0x50 build/obj/stm32_dma.o
                0x0000000008003b40                Vector12C
 .text.Vector130
                0x0000000008003b90       0x50 build/obj/stm32_dma.o
                0x0000000008003b90                Vector130
 .text.dmaInit  0x0000000008003be0       0x60 build/obj/stm32_dma.o
                0x0000000008003be0                dmaInit
 .text.hal_lld_backup_domain_init
                0x0000000008003c40       0x30 build/obj/hal_lld.o
 .text.hal_lld_init
                0x0000000008003c70       0xb0 build/obj/hal_lld.o
                0x0000000008003c70                hal_lld_init
 .text.stm32_clock_init
                0x0000000008003d20       0xb0 build/obj/hal_lld.o
                0x0000000008003d20                stm32_clock_init
 .text.initgpio
                0x0000000008003dd0       0x50 build/obj/pal_lld.o
 .text._pal_lld_init
                0x0000000008003e20       0x80 build/obj/pal_lld.o
                0x0000000008003e20                _pal_lld_init
 .text._pal_lld_setgroupmode
                0x0000000008003ea0      0x130 build/obj/pal_lld.o
                0x0000000008003ea0                _pal_lld_setgroupmode
 .text.spi_lld_init
                0x0000000008003fd0       0x50 build/obj/spi_lld.o
                0x0000000008003fd0                spi_lld_init
 .text.set_error
                0x0000000008004020       0x80 build/obj/serial_lld.o
 .text.serve_interrupt
                0x00000000080040a0      0x150 build/obj/serial_lld.o
 .text.notify1  0x00000000080041f0       0x20 build/obj/serial_lld.o
 .text.VectorD4
                0x0000000008004210       0x20 build/obj/serial_lld.o
                0x0000000008004210                VectorD4
 .text.sd_lld_init
                0x0000000008004230       0x30 build/obj/serial_lld.o
                0x0000000008004230                sd_lld_init
 .text.translate_errors
                0x0000000008004260       0x70 build/obj/uart_lld.o
 .text.serve_usart_irq
                0x00000000080042d0       0x70 build/obj/uart_lld.o
 .text.VectorDC
                0x0000000008004340       0x20 build/obj/uart_lld.o
                0x0000000008004340                VectorDC
 .text.uart_lld_init
                0x0000000008004360       0x40 build/obj/uart_lld.o
                0x0000000008004360                uart_lld_init
 .text.fifo_remove
                0x00000000080043a0       0x30 build/obj/usb_lld.o
 .text.usb_pm_reset
                0x00000000080043d0       0x10 build/obj/usb_lld.o
 .text.usb_pm_alloc
                0x00000000080043e0       0x40 build/obj/usb_lld.o
 .text.usb_packet_read_to_buffer
                0x0000000008004420       0x50 build/obj/usb_lld.o
 .text.usb_packet_read_to_queue
                0x0000000008004470      0x100 build/obj/usb_lld.o
 .text.usb_packet_write_from_buffer
                0x0000000008004570       0x50 build/obj/usb_lld.o
 .text.usb_packet_write_from_queue
                0x00000000080045c0      0x110 build/obj/usb_lld.o
 .text.Vector168
                0x00000000080046d0       0x10 build/obj/usb_lld.o
                0x00000000080046d0                Vector168
 .text.Vector16C
                0x00000000080046e0      0x3b0 build/obj/usb_lld.o
                0x00000000080046e0                Vector16C
 .text.usb_lld_init
                0x0000000008004a90       0x10 build/obj/usb_lld.o
                0x0000000008004a90                usb_lld_init
 .text.usb_lld_start
                0x0000000008004aa0       0x60 build/obj/usb_lld.o
                0x0000000008004aa0                usb_lld_start
 .text.usb_lld_reset
                0x0000000008004b00       0x60 build/obj/usb_lld.o
                0x0000000008004b00                usb_lld_reset
 .text.usb_lld_set_address
                0x0000000008004b60       0x20 build/obj/usb_lld.o
                0x0000000008004b60                usb_lld_set_address
 .text.usb_lld_init_endpoint
                0x0000000008004b80      0x160 build/obj/usb_lld.o
                0x0000000008004b80                usb_lld_init_endpoint
 .text.usb_lld_get_status_out
                0x0000000008004ce0       0x40 build/obj/usb_lld.o
                0x0000000008004ce0                usb_lld_get_status_out
 .text.usb_lld_get_status_in
                0x0000000008004d20       0x40 build/obj/usb_lld.o
                0x0000000008004d20                usb_lld_get_status_in
 .text.usb_lld_read_setup
                0x0000000008004d60       0x70 build/obj/usb_lld.o
                0x0000000008004d60                usb_lld_read_setup
 .text.usb_lld_prepare_receive
                0x0000000008004dd0       0x70 build/obj/usb_lld.o
                0x0000000008004dd0                usb_lld_prepare_receive
 .text.usb_lld_prepare_transmit
                0x0000000008004e40       0xb0 build/obj/usb_lld.o
                0x0000000008004e40                usb_lld_prepare_transmit
 .text.usb_lld_start_out
                0x0000000008004ef0       0x40 build/obj/usb_lld.o
                0x0000000008004ef0                usb_lld_start_out
 .text.usb_lld_start_in
                0x0000000008004f30       0x40 build/obj/usb_lld.o
                0x0000000008004f30                usb_lld_start_in
 .text.usb_lld_stall_out
                0x0000000008004f70       0x40 build/obj/usb_lld.o
                0x0000000008004f70                usb_lld_stall_out
 .text.usb_lld_stall_in
                0x0000000008004fb0       0x40 build/obj/usb_lld.o
                0x0000000008004fb0                usb_lld_stall_in
 .text.usb_lld_clear_out
                0x0000000008004ff0       0x50 build/obj/usb_lld.o
                0x0000000008004ff0                usb_lld_clear_out
 .text.usb_lld_clear_in
                0x0000000008005040       0x50 build/obj/usb_lld.o
                0x0000000008005040                usb_lld_clear_in
 .text._sbrk_r  0x0000000008005090       0x40 build/obj/syscalls.o
                0x0000000008005090                _sbrk_r
 .text.stm32_id8
                0x00000000080050d0       0x20 build/obj/rtcan.o
                0x00000000080050d0                stm32_id8
 .text.rtcan_txok_isr_code
                0x00000000080050f0       0xb0 build/obj/rtcan.o
                0x00000000080050f0                rtcan_txok_isr_code
 .text.rtcan_alst_isr_code
                0x00000000080051a0       0x70 build/obj/rtcan.o
                0x00000000080051a0                rtcan_alst_isr_code
 .text.rtcan_terr_isr_code
                0x0000000008005210       0x70 build/obj/rtcan.o
                0x0000000008005210                rtcan_terr_isr_code
 .text.rtcan_rx_isr_code
                0x0000000008005280      0x1b0 build/obj/rtcan.o
                0x0000000008005280                rtcan_rx_isr_code
 .text.rtcanInit
                0x0000000008005430       0x10 build/obj/rtcan.o
                0x0000000008005430                rtcanInit
 .text.rtcanReset
                0x0000000008005440       0x60 build/obj/rtcan.o
                0x0000000008005440                rtcanReset
 .text.rtcanStart
                0x00000000080054a0       0x80 build/obj/rtcan.o
                0x00000000080054a0                rtcanStart
 .text.rtcanTransmitI
                0x0000000008005520       0x90 build/obj/rtcan.o
                0x0000000008005520                rtcanTransmitI
 .text.rtcanReceiveMask
                0x00000000080055b0       0x50 build/obj/rtcan.o
                0x00000000080055b0                rtcanReceiveMask
 .text.rtcan_blinker
                0x0000000008005600       0x10 build/obj/rtcan.o
                0x0000000008005600                rtcan_blinker
 .text.msgqueue_init
                0x0000000008005610       0x10 build/obj/msgqueue.o
                0x0000000008005610                msgqueue_init
 .text.msgqueue_insert
                0x0000000008005620       0x60 build/obj/msgqueue.o
                0x0000000008005620                msgqueue_insert
 .text.msgqueue_get
                0x0000000008005680       0x50 build/obj/msgqueue.o
                0x0000000008005680                msgqueue_get
 .text.srt_laxity
                0x00000000080056d0       0x40 build/obj/srt.o
                0x00000000080056d0                srt_laxity
 .text.srt_transmit
                0x0000000008005710      0x110 build/obj/srt.o
                0x0000000008005710                srt_transmit
 .text.rtcan_lld_can_tx_handler
                0x0000000008005820       0xd0 build/obj/rtcan_lld_can.o
 .text.rtcan_lld_can_rx0_handler
                0x00000000080058f0       0x50 build/obj/rtcan_lld_can.o
 .text.rtcan_lld_can_rx1_handler
                0x0000000008005940       0x40 build/obj/rtcan_lld_can.o
 .text.rtcan_lld_can_sce_handler
                0x0000000008005980       0x60 build/obj/rtcan_lld_can.o
 .text.Vector8C
                0x00000000080059e0       0x20 build/obj/rtcan_lld_can.o
                0x00000000080059e0                Vector8C
 .text.Vector90
                0x0000000008005a00       0x20 build/obj/rtcan_lld_can.o
                0x0000000008005a00                Vector90
 .text.Vector94
                0x0000000008005a20       0x20 build/obj/rtcan_lld_can.o
                0x0000000008005a20                Vector94
 .text.Vector98
                0x0000000008005a40       0x20 build/obj/rtcan_lld_can.o
                0x0000000008005a40                Vector98
 .text.rtcan_lld_can_init
                0x0000000008005a60       0x20 build/obj/rtcan_lld_can.o
                0x0000000008005a60                rtcan_lld_can_init
 .text.rtcan_lld_can_start
                0x0000000008005a80       0x80 build/obj/rtcan_lld_can.o
                0x0000000008005a80                rtcan_lld_can_start
 .text.rtcan_lld_can_txe
                0x0000000008005b00       0x20 build/obj/rtcan_lld_can.o
                0x0000000008005b00                rtcan_lld_can_txe
 .text.rtcan_lld_can_transmit
                0x0000000008005b20       0x70 build/obj/rtcan_lld_can.o
                0x0000000008005b20                rtcan_lld_can_transmit
 .text.rtcan_lld_can_receive
                0x0000000008005b90      0x110 build/obj/rtcan_lld_can.o
                0x0000000008005b90                rtcan_lld_can_receive
 .text.rtcan_lld_can_addfilter
                0x0000000008005ca0       0xe0 build/obj/rtcan_lld_can.o
                0x0000000008005ca0                rtcan_lld_can_addfilter
 .text.__early_init
                0x0000000008005d80       0x10 build/obj/board.o
                0x0000000008005d80                __early_init
 .text.boardInit
                0x0000000008005d90       0x10 build/obj/board.o
                0x0000000008005d90                boardInit
 .text.__cxa_pure_virtual
                0x0000000008005da0       0x10 build/obj/stubs.o
                0x0000000008005da0                __cxa_pure_virtual
 .text.get_descriptor
                0x0000000008005db0       0x50 build/obj/usbcfg.o
 .text.usb_event
                0x0000000008005e00       0x80 build/obj/usbcfg.o
 .text._ZN3r2p10UncopyableC2Ev
                0x0000000008005e80       0x10 build/obj/SimplePool_.o
                0x0000000008005e80                r2p::Uncopyable::Uncopyable()
                0x0000000008005e80                r2p::Uncopyable::Uncopyable()
 .text._ZN3r2p8SysLock_7acquireEv
                0x0000000008005e90       0x10 build/obj/SimplePool_.o
                0x0000000008005e90                r2p::SysLock_::acquire()
 .text._ZN3r2p8SysLock_7releaseEv
                0x0000000008005ea0       0x10 build/obj/SimplePool_.o
                0x0000000008005ea0                r2p::SysLock_::release()
 .text._ZN3r2p7SysLock7acquireEv
                0x0000000008005eb0       0x10 build/obj/SimplePool_.o
                0x0000000008005eb0                r2p::SysLock::acquire()
 .text._ZN3r2p7SysLock7releaseEv
                0x0000000008005ec0       0x10 build/obj/SimplePool_.o
                0x0000000008005ec0                r2p::SysLock::release()
 .text._ZN3r2p12StaticQueue_C2Ev
                0x0000000008005ed0       0x30 build/obj/StaticQueue_.o
                0x0000000008005ed0                r2p::StaticQueue_::StaticQueue_()
                0x0000000008005ed0                r2p::StaticQueue_::StaticQueue_()
 .text._ZN3r2p10UncopyableD2Ev
                0x0000000008005f00       0x10 build/obj/BasePublisher.o
                0x0000000008005f00                r2p::Uncopyable::~Uncopyable()
                0x0000000008005f00                r2p::Uncopyable::~Uncopyable()
 .text._ZN3r2p7Message14acquire_unsafeEv
                0x0000000008005f10       0x40 build/obj/BasePublisher.o
                0x0000000008005f10                r2p::Message::acquire_unsafe()
 .text._ZN3r2p7Message14release_unsafeEv
                0x0000000008005f50       0x40 build/obj/BasePublisher.o
                0x0000000008005f50                r2p::Message::release_unsafe()
 .text._ZN3r2p11MemoryPool_11free_unsafeEPv
                0x0000000008005f90       0x20 build/obj/BasePublisher.o
                0x0000000008005f90                r2p::MemoryPool_::free_unsafe(void*)
 .text._ZN3r2p11MemoryPool_4freeEPv
                0x0000000008005fb0       0x20 build/obj/BasePublisher.o
                0x0000000008005fb0                r2p::MemoryPool_::free(void*)
 .text._ZN3r2p5Topic11free_unsafeERNS_7MessageE
                0x0000000008005fd0       0x20 build/obj/BasePublisher.o
                0x0000000008005fd0                r2p::Topic::free_unsafe(r2p::Message&)
 .text._ZN3r2p5Topic4freeERNS_7MessageE
                0x0000000008005ff0       0x20 build/obj/BasePublisher.o
                0x0000000008005ff0                r2p::Topic::free(r2p::Message&)
 .text._ZN3r2p13BasePublisher22publish_locally_unsafeERNS_7MessageE
                0x0000000008006010       0x70 build/obj/BasePublisher.o
                0x0000000008006010                r2p::BasePublisher::publish_locally_unsafe(r2p::Message&)
 .text._ZN3r2p13BasePublisher7publishERNS_7MessageE
                0x0000000008006080       0x90 build/obj/BasePublisher.o
                0x0000000008006080                r2p::BasePublisher::publish(r2p::Message&)
 .text._ZN3r2p13BasePublisherC2Ev
                0x0000000008006110       0x30 build/obj/BasePublisher.o
                0x0000000008006110                r2p::BasePublisher::BasePublisher()
                0x0000000008006110                r2p::BasePublisher::BasePublisher()
 .text._ZN3r2p13BasePublisherD2Ev
                0x0000000008006140       0x30 build/obj/BasePublisher.o
                0x0000000008006140                r2p::BasePublisher::~BasePublisher()
                0x0000000008006140                r2p::BasePublisher::~BasePublisher()
 .text._ZNK3r2p5Topic8get_nameEv
                0x0000000008006170       0x10 build/obj/BaseSubscriber.o
                0x0000000008006170                r2p::Topic::get_name() const
 .text._ZN3r2p5Topic8has_nameERKS0_PKc
                0x0000000008006180       0x40 build/obj/BaseSubscriber.o
                0x0000000008006180                r2p::Topic::has_name(r2p::Topic const&, char const*)
 .text._ZN3r2p14BaseSubscriber14release_unsafeERNS_7MessageE
                0x00000000080061c0       0x50 build/obj/BaseSubscriber.o
                0x00000000080061c0                r2p::BaseSubscriber::release_unsafe(r2p::Message&)
 .text._ZN3r2p14BaseSubscriber7releaseERNS_7MessageE
                0x0000000008006210       0x50 build/obj/BaseSubscriber.o
                0x0000000008006210                r2p::BaseSubscriber::release(r2p::Message&)
 .text._ZN3r2p14BaseSubscriberC2Ev
                0x0000000008006260       0x30 build/obj/BaseSubscriber.o
                0x0000000008006260                r2p::BaseSubscriber::BaseSubscriber()
                0x0000000008006260                r2p::BaseSubscriber::BaseSubscriber()
 .text._ZN3r2p14BaseSubscriberD2Ev
                0x0000000008006290       0x30 build/obj/BaseSubscriber.o
                0x0000000008006290                r2p::BaseSubscriber::~BaseSubscriber()
                0x0000000008006290                r2p::BaseSubscriber::~BaseSubscriber()
 .text._ZN3r2p14BaseSubscriber9has_topicERKS0_PKc
                0x00000000080062c0       0x20 build/obj/BaseSubscriber.o
                0x00000000080062c0                r2p::BaseSubscriber::has_topic(r2p::BaseSubscriber const&, char const*)
 .text._ZN3r2p11StaticQueueINS_14BaseSubscriberEEC2Ev
                0x00000000080062e0       0x20 build/obj/BaseSubscriberQueue.o
                0x00000000080062e0                r2p::StaticQueue<r2p::BaseSubscriber>::StaticQueue()
                0x00000000080062e0                r2p::StaticQueue<r2p::BaseSubscriber>::StaticQueue()
 .text._ZN3r2p19BaseSubscriberQueueC2Ev
                0x0000000008006300       0x20 build/obj/BaseSubscriberQueue.o
                0x0000000008006300                r2p::BaseSubscriberQueue::BaseSubscriberQueue()
                0x0000000008006300                r2p::BaseSubscriberQueue::BaseSubscriberQueue()
 .text._ZN3r2p14LocalPublisherC2Ev
                0x0000000008006320       0x30 build/obj/LocalPublisher.o
                0x0000000008006320                r2p::LocalPublisher::LocalPublisher()
                0x0000000008006320                r2p::LocalPublisher::LocalPublisher()
 .text._ZN3r2p14LocalPublisherD2Ev
                0x0000000008006350       0x30 build/obj/LocalPublisher.o
                0x0000000008006350                r2p::LocalPublisher::~LocalPublisher()
                0x0000000008006350                r2p::LocalPublisher::~LocalPublisher()
 .text._ZN3r2p10StaticListINS_14LocalPublisherEE4LinkC2ERS1_
                0x0000000008006380       0x20 build/obj/LocalPublisher.o
                0x0000000008006380                r2p::StaticList<r2p::LocalPublisher>::Link::Link(r2p::LocalPublisher&)
                0x0000000008006380                r2p::StaticList<r2p::LocalPublisher>::Link::Link(r2p::LocalPublisher&)
 .text._ZN3r2p4TimeaSERKS0_
                0x00000000080063a0       0x20 build/obj/LocalSubscriber.o
                0x00000000080063a0                r2p::Time::operator=(r2p::Time const&)
 .text._ZNK3r2p10SpinEvent_10get_threadEv
                0x00000000080063c0       0x10 build/obj/LocalSubscriber.o
                0x00000000080063c0                r2p::SpinEvent_::get_thread() const
 .text._ZN3r2p10SpinEvent_13signal_unsafeEj
                0x00000000080063d0       0x40 build/obj/LocalSubscriber.o
                0x00000000080063d0                r2p::SpinEvent_::signal_unsafe(unsigned int)
 .text._ZNK3r2p9SpinEvent10get_threadEv
                0x0000000008006410       0x20 build/obj/LocalSubscriber.o
                0x0000000008006410                r2p::SpinEvent::get_thread() const
 .text._ZN3r2p9SpinEvent13signal_unsafeEj
                0x0000000008006430       0x20 build/obj/LocalSubscriber.o
                0x0000000008006430                r2p::SpinEvent::signal_unsafe(unsigned int)
 .text._ZNK3r2p4Node11get_enabledEv
                0x0000000008006450       0x30 build/obj/LocalSubscriber.o
                0x0000000008006450                r2p::Node::get_enabled() const
 .text._ZN3r2p4Node13notify_unsafeEj
                0x0000000008006480       0x20 build/obj/LocalSubscriber.o
                0x0000000008006480                r2p::Node::notify_unsafe(unsigned int)
 .text._ZNK3r2p15LocalSubscriber16get_queue_lengthEv
                0x00000000080064a0       0x20 build/obj/LocalSubscriber.o
                0x00000000080064a0                r2p::LocalSubscriber::get_queue_length() const
 .text._ZN3r2p15LocalSubscriber12fetch_unsafeERPNS_7MessageERNS_4TimeE
                0x00000000080064c0       0x40 build/obj/LocalSubscriber.o
                0x00000000080064c0                r2p::LocalSubscriber::fetch_unsafe(r2p::Message*&, r2p::Time&)
 .text._ZN3r2p15LocalSubscriber13notify_unsafeERNS_7MessageERKNS_4TimeE
                0x0000000008006500       0x60 build/obj/LocalSubscriber.o
                0x0000000008006500                r2p::LocalSubscriber::notify_unsafe(r2p::Message&, r2p::Time const&)
 .text._ZN3r2p15LocalSubscriber5fetchERPNS_7MessageERNS_4TimeE
                0x0000000008006560       0x50 build/obj/LocalSubscriber.o
                0x0000000008006560                r2p::LocalSubscriber::fetch(r2p::Message*&, r2p::Time&)
 .text._ZN3r2p15LocalSubscriber6notifyERNS_7MessageERKNS_4TimeE
                0x00000000080065b0       0x50 build/obj/LocalSubscriber.o
                0x00000000080065b0                r2p::LocalSubscriber::notify(r2p::Message&, r2p::Time const&)
 .text._ZN3r2p10ArrayQueueIPNS_7MessageEED2Ev
                0x0000000008006600       0x20 build/obj/LocalSubscriber.o
                0x0000000008006600                r2p::ArrayQueue<r2p::Message*>::~ArrayQueue()
                0x0000000008006600                r2p::ArrayQueue<r2p::Message*>::~ArrayQueue()
 .text._ZN3r2p15MessagePtrQueueD2Ev
                0x0000000008006620       0x20 build/obj/LocalSubscriber.o
                0x0000000008006620                r2p::MessagePtrQueue::~MessagePtrQueue()
                0x0000000008006620                r2p::MessagePtrQueue::~MessagePtrQueue()
 .text._ZN3r2p15LocalSubscriberC2EPPNS_7MessageEjPFbRKS1_E
                0x0000000008006640       0x80 build/obj/LocalSubscriber.o
                0x0000000008006640                r2p::LocalSubscriber::LocalSubscriber(r2p::Message**, unsigned int, bool (*)(r2p::Message const&))
                0x0000000008006640                r2p::LocalSubscriber::LocalSubscriber(r2p::Message**, unsigned int, bool (*)(r2p::Message const&))
 .text._ZN3r2p15LocalSubscriberD2Ev
                0x00000000080066c0       0x40 build/obj/LocalSubscriber.o
                0x00000000080066c0                r2p::LocalSubscriber::~LocalSubscriber()
                0x00000000080066c0                r2p::LocalSubscriber::~LocalSubscriber()
 .text._ZNK3r2p10ArrayQueueIPNS_7MessageEE10get_lengthEv
                0x0000000008006700       0x10 build/obj/LocalSubscriber.o
                0x0000000008006700                r2p::ArrayQueue<r2p::Message*>::get_length() const
 .text._ZN3r2p10ArrayQueueIPNS_7MessageEE12fetch_unsafeERS2_
                0x0000000008006710       0x60 build/obj/LocalSubscriber.o
                0x0000000008006710                r2p::ArrayQueue<r2p::Message*>::fetch_unsafe(r2p::Message*&)
 .text._ZN3r2p10ArrayQueueIPNS_7MessageEE11post_unsafeES2_
                0x0000000008006770       0x60 build/obj/LocalSubscriber.o
                0x0000000008006770                r2p::ArrayQueue<r2p::Message*>::post_unsafe(r2p::Message*)
 .text._ZN3r2p10StaticListINS_15LocalSubscriberEE4LinkC2ERS1_
                0x00000000080067d0       0x20 build/obj/LocalSubscriber.o
                0x00000000080067d0                r2p::StaticList<r2p::LocalSubscriber>::Link::Link(r2p::LocalSubscriber&)
                0x00000000080067d0                r2p::StaticList<r2p::LocalSubscriber>::Link::Link(r2p::LocalSubscriber&)
 .text._ZN3r2p15MessagePtrQueueC2EPPNS_7MessageEj
                0x00000000080067f0       0x20 build/obj/MessagePtrQueue.o
                0x00000000080067f0                r2p::MessagePtrQueue::MessagePtrQueue(r2p::Message**, unsigned int)
                0x00000000080067f0                r2p::MessagePtrQueue::MessagePtrQueue(r2p::Message**, unsigned int)
 .text._ZN3r2p10ArrayQueueIPNS_7MessageEEC2EPS2_j
                0x0000000008006810       0x60 build/obj/MessagePtrQueue.o
                0x0000000008006810                r2p::ArrayQueue<r2p::Message*>::ArrayQueue(r2p::Message**, unsigned int)
                0x0000000008006810                r2p::ArrayQueue<r2p::Message*>::ArrayQueue(r2p::Message**, unsigned int)
 .text._ZN3r2p7Message12reset_unsafeEv
                0x0000000008006870       0x20 build/obj/Message.o
                0x0000000008006870                r2p::Message::reset_unsafe()
 .text._ZN3r2p7Message7acquireEv
                0x0000000008006890       0x20 build/obj/Message.o
                0x0000000008006890                r2p::Message::acquire()
 .text._ZN3r2p7Message7releaseEv
                0x00000000080068b0       0x30 build/obj/Message.o
                0x00000000080068b0                r2p::Message::release()
 .text._ZN3r2p7Message4copyERS0_RKS0_j
                0x00000000080068e0       0x40 build/obj/Message.o
                0x00000000080068e0                r2p::Message::copy(r2p::Message&, r2p::Message const&, unsigned int)
 .text._ZN3r2p7SysLock5ScopeC2Ev
                0x0000000008006920       0x20 build/obj/Middleware.o
                0x0000000008006920                r2p::SysLock::Scope::Scope()
                0x0000000008006920                r2p::SysLock::Scope::Scope()
 .text._ZN3r2p7SysLock5ScopeD2Ev
                0x0000000008006940       0x20 build/obj/Middleware.o
                0x0000000008006940                r2p::SysLock::Scope::~Scope()
                0x0000000008006940                r2p::SysLock::Scope::~Scope()
 .text._ZNK3r2p11MemoryPool_13get_item_sizeEv
                0x0000000008006960       0x10 build/obj/Middleware.o
                0x0000000008006960                r2p::MemoryPool_::get_item_size() const
 .text._ZN3r2p11MemoryPool_12alloc_unsafeEv
                0x0000000008006970       0x20 build/obj/Middleware.o
                0x0000000008006970                r2p::MemoryPool_::alloc_unsafe()
 .text._ZN3r2p11MemoryPool_6extendEPvj
                0x0000000008006990       0x20 build/obj/Middleware.o
                0x0000000008006990                r2p::MemoryPool_::extend(void*, unsigned int)
 .text._ZNK3r2p4Time8to_s_rawEv
                0x00000000080069b0       0x20 build/obj/Middleware.o
                0x00000000080069b0                r2p::Time::to_s_raw() const
 .text._ZN3r2p4TimeC2Ev
                0x00000000080069d0       0x20 build/obj/Middleware.o
                0x00000000080069d0                r2p::Time::Time()
                0x00000000080069d0                r2p::Time::Time()
 .text._ZN3r2p4TimeC2ERKS0_
                0x00000000080069f0       0x20 build/obj/Middleware.o
                0x00000000080069f0                r2p::Time::Time(r2p::Time const&)
                0x00000000080069f0                r2p::Time::Time(r2p::Time const&)
 .text._ZN3r2p4Time2msEl
                0x0000000008006a10       0x30 build/obj/Middleware.o
                0x0000000008006a10                r2p::Time::ms(long)
 .text._ZN3r2pgeERKNS_4TimeES2_
                0x0000000008006a40       0x20 build/obj/Middleware.o
                0x0000000008006a40                r2p::operator>=(r2p::Time const&, r2p::Time const&)
 .text._ZN3r2pplERKNS_4TimeES2_
                0x0000000008006a60       0x30 build/obj/Middleware.o
                0x0000000008006a60                r2p::operator+(r2p::Time const&, r2p::Time const&)
 .text._ZN3r2pmiERKNS_4TimeES2_
                0x0000000008006a90       0x30 build/obj/Middleware.o
                0x0000000008006a90                r2p::operator-(r2p::Time const&, r2p::Time const&)
 .text._ZN3r2p7MessageC2Ev
                0x0000000008006ac0       0x20 build/obj/Middleware.o
                0x0000000008006ac0                r2p::Message::Message()
                0x0000000008006ac0                r2p::Message::Message()
 .text._ZN3r2p7Message16get_payload_sizeEj
                0x0000000008006ae0       0x10 build/obj/Middleware.o
                0x0000000008006ae0                r2p::Message::get_payload_size(unsigned int)
 .text._ZNK3r2p13BasePublisher9get_topicEv
                0x0000000008006af0       0x10 build/obj/Middleware.o
                0x0000000008006af0                r2p::BasePublisher::get_topic() const
 .text._ZN3r2p13BasePublisher17notify_advertisedERNS_5TopicE
                0x0000000008006b00       0x30 build/obj/Middleware.o
                0x0000000008006b00                r2p::BasePublisher::notify_advertised(r2p::Topic&)
 .text._ZN3r2p13BasePublisher12alloc_unsafeERPNS_7MessageE
                0x0000000008006b30       0x40 build/obj/Middleware.o
                0x0000000008006b30                r2p::BasePublisher::alloc_unsafe(r2p::Message*&)
 .text._ZN3r2p13BasePublisher5allocERPNS_7MessageE
                0x0000000008006b70       0x30 build/obj/Middleware.o
                0x0000000008006b70                r2p::BasePublisher::alloc(r2p::Message*&)
 .text._ZN3r2p13BasePublisher16publish_remotelyERNS_7MessageE
                0x0000000008006ba0       0x40 build/obj/Middleware.o
                0x0000000008006ba0                r2p::BasePublisher::publish_remotely(r2p::Message&)
 .text._ZNK3r2p14BaseSubscriber9get_topicEv
                0x0000000008006be0       0x10 build/obj/Middleware.o
                0x0000000008006be0                r2p::BaseSubscriber::get_topic() const
 .text._ZN3r2p14BaseSubscriber17notify_subscribedERNS_5TopicE
                0x0000000008006bf0       0x30 build/obj/Middleware.o
                0x0000000008006bf0                r2p::BaseSubscriber::notify_subscribed(r2p::Topic&)
 .text._ZN3r2p7Thread_13create_staticEPvjmPFlS1_ES1_PKc
                0x0000000008006c20       0x40 build/obj/Middleware.o
                0x0000000008006c20                r2p::Thread_::create_static(void*, unsigned int, unsigned long, long (*)(void*), void*, char const*)
 .text._ZN3r2p7Thread_4selfEv
                0x0000000008006c60       0x10 build/obj/Middleware.o
                0x0000000008006c60                r2p::Thread_::self()
 .text._ZN3r2p7Thread_5sleepERKNS_4TimeE
                0x0000000008006c70       0x70 build/obj/Middleware.o
                0x0000000008006c70                r2p::Thread_::sleep(r2p::Time const&)
 .text._ZN3r2p6Thread13create_staticEPvjmPFlS1_ES1_PKc
                0x0000000008006ce0       0x30 build/obj/Middleware.o
                0x0000000008006ce0                r2p::Thread::create_static(void*, unsigned int, unsigned long, long (*)(void*), void*, char const*)
 .text._ZN3r2p6Thread4selfEv
                0x0000000008006d10       0x10 build/obj/Middleware.o
                0x0000000008006d10                r2p::Thread::self()
 .text._ZN3r2p6Thread5sleepERKNS_4TimeE
                0x0000000008006d20       0x20 build/obj/Middleware.o
                0x0000000008006d20                r2p::Thread::sleep(r2p::Time const&)
 .text._ZN3r2p10SpinEvent_10set_threadEPNS_6ThreadE
                0x0000000008006d40       0x10 build/obj/Middleware.o
                0x0000000008006d40                r2p::SpinEvent_::set_thread(r2p::Thread*)
 .text._ZN3r2p10SpinEvent_6signalEj
                0x0000000008006d50       0x30 build/obj/Middleware.o
                0x0000000008006d50                r2p::SpinEvent_::signal(unsigned int)
 .text._ZN3r2p9SpinEvent10set_threadEPNS_6ThreadE
                0x0000000008006d80       0x20 build/obj/Middleware.o
                0x0000000008006d80                r2p::SpinEvent::set_thread(r2p::Thread*)
 .text._ZN3r2p9SpinEvent6signalEj
                0x0000000008006da0       0x20 build/obj/Middleware.o
                0x0000000008006da0                r2p::SpinEvent::signal(unsigned int)
 .text._ZNK3r2p4Node14get_publishersEv
                0x0000000008006dc0       0x10 build/obj/Middleware.o
                0x0000000008006dc0                r2p::Node::get_publishers() const
 .text._ZNK3r2p4Node15get_subscribersEv
                0x0000000008006dd0       0x10 build/obj/Middleware.o
                0x0000000008006dd0                r2p::Node::get_subscribers() const
 .text._ZN3r2p4Node11set_enabledEb
                0x0000000008006de0       0x30 build/obj/Middleware.o
                0x0000000008006de0                r2p::Node::set_enabled(bool)
 .text._ZN3r2p4Node11notify_stopEv
                0x0000000008006e10       0x20 build/obj/Middleware.o
                0x0000000008006e10                r2p::Node::notify_stop()
 .text._ZNK3r2p5Topic16get_payload_sizeEv
                0x0000000008006e30       0x30 build/obj/Middleware.o
                0x0000000008006e30                r2p::Topic::get_payload_size() const
 .text._ZNK3r2p5Topic20get_max_queue_lengthEv
                0x0000000008006e60       0x10 build/obj/Middleware.o
                0x0000000008006e60                r2p::Topic::get_max_queue_length() const
 .text._ZNK3r2p5Topic20has_local_publishersEv
                0x0000000008006e70       0x20 build/obj/Middleware.o
                0x0000000008006e70                r2p::Topic::has_local_publishers() const
 .text._ZNK3r2p5Topic21has_local_subscribersEv
                0x0000000008006e90       0x20 build/obj/Middleware.o
                0x0000000008006e90                r2p::Topic::has_local_subscribers() const
 .text._ZNK3r2p5Topic23compute_deadline_unsafeERKNS_4TimeE
                0x0000000008006eb0       0x30 build/obj/Middleware.o
                0x0000000008006eb0                r2p::Topic::compute_deadline_unsafe(r2p::Time const&) const
 .text._ZN3r2p5Topic12alloc_unsafeEv
                0x0000000008006ee0       0x30 build/obj/Middleware.o
                0x0000000008006ee0                r2p::Topic::alloc_unsafe()
 .text._ZNK3r2p5Topic16compute_deadlineERKNS_4TimeE
                0x0000000008006f10       0x40 build/obj/Middleware.o
                0x0000000008006f10                r2p::Topic::compute_deadline(r2p::Time const&) const
 .text._ZNK3r2p5Topic16compute_deadlineEv
                0x0000000008006f50       0x30 build/obj/Middleware.o
                0x0000000008006f50                r2p::Topic::compute_deadline() const
 .text._ZN3r2p5Topic11extend_poolEPNS_7MessageEj
                0x0000000008006f80       0x20 build/obj/Middleware.o
                0x0000000008006f80                r2p::Topic::extend_pool(r2p::Message*, unsigned int)
 .text._ZN3r2p6Mutex_10initializeEv
                0x0000000008006fa0       0x20 build/obj/Middleware.o
                0x0000000008006fa0                r2p::Mutex_::initialize()
 .text._ZN3r2p6Mutex_14acquire_unsafeEv
                0x0000000008006fc0       0x20 build/obj/Middleware.o
                0x0000000008006fc0                r2p::Mutex_::acquire_unsafe()
 .text._ZN3r2p6Mutex_14release_unsafeEv
                0x0000000008006fe0       0x10 build/obj/Middleware.o
                0x0000000008006fe0                r2p::Mutex_::release_unsafe()
 .text._ZN3r2p6Mutex_C2Eb
                0x0000000008006ff0       0x30 build/obj/Middleware.o
                0x0000000008006ff0                r2p::Mutex_::Mutex_(bool)
                0x0000000008006ff0                r2p::Mutex_::Mutex_(bool)
 .text._ZN3r2p5Mutex10initializeEv
                0x0000000008007020       0x20 build/obj/Middleware.o
                0x0000000008007020                r2p::Mutex::initialize()
 .text._ZN3r2p5Mutex14acquire_unsafeEv
                0x0000000008007040       0x20 build/obj/Middleware.o
                0x0000000008007040                r2p::Mutex::acquire_unsafe()
 .text._ZN3r2p5Mutex14release_unsafeEv
                0x0000000008007060       0x20 build/obj/Middleware.o
                0x0000000008007060                r2p::Mutex::release_unsafe()
 .text._ZN3r2p5MutexC2Eb
                0x0000000008007080       0x30 build/obj/Middleware.o
                0x0000000008007080                r2p::Mutex::Mutex(bool)
                0x0000000008007080                r2p::Mutex::Mutex(bool)
 .text._ZN3r2p7ReMutex10initializeEv
                0x00000000080070b0       0x20 build/obj/Middleware.o
                0x00000000080070b0                r2p::ReMutex::initialize()
 .text._ZN3r2p7ReMutex14acquire_unsafeEv
                0x00000000080070d0       0x40 build/obj/Middleware.o
                0x00000000080070d0                r2p::ReMutex::acquire_unsafe()
 .text._ZN3r2p7ReMutex14release_unsafeEv
                0x0000000008007110       0x50 build/obj/Middleware.o
                0x0000000008007110                r2p::ReMutex::release_unsafe()
 .text._ZN3r2p7ReMutex7acquireEv
                0x0000000008007160       0x20 build/obj/Middleware.o
                0x0000000008007160                r2p::ReMutex::acquire()
 .text._ZN3r2p7ReMutex7releaseEv
                0x0000000008007180       0x20 build/obj/Middleware.o
                0x0000000008007180                r2p::ReMutex::release()
 .text._ZN3r2p7ReMutexC2Eb
                0x00000000080071a0       0x40 build/obj/Middleware.o
                0x00000000080071a0                r2p::ReMutex::ReMutex(bool)
                0x00000000080071a0                r2p::ReMutex::ReMutex(bool)
 .text._ZNK3r2p10Middleware10is_stoppedEv
                0x00000000080071e0       0x10 build/obj/Middleware.o
                0x00000000080071e0                r2p::Middleware::is_stopped() const
 .text._ZN3r2p10Middleware10initializeEPvjmS1_jm
                0x00000000080071f0       0x60 build/obj/Middleware.o
                0x00000000080071f0                r2p::Middleware::initialize(void*, unsigned int, unsigned long, void*, unsigned int, unsigned long)
 .text._ZN3r2p10Middleware5startEv
                0x0000000008007250       0xb0 build/obj/Middleware.o
                0x0000000008007250                r2p::Middleware::start()
 .text._ZN3r2p10Middleware4stopEv
                0x0000000008007300       0xd0 build/obj/Middleware.o
                0x0000000008007300                r2p::Middleware::stop()
 .text._ZN3r2p10Middleware3addERNS_4NodeE
                0x00000000080073d0       0x40 build/obj/Middleware.o
                0x00000000080073d0                r2p::Middleware::add(r2p::Node&)
 .text._ZN3r2p10Middleware3addERNS_9TransportE
                0x0000000008007410       0x20 build/obj/Middleware.o
                0x0000000008007410                r2p::Middleware::add(r2p::Transport&)
 .text._ZN3r2p10Middleware9advertiseERNS_14LocalPublisherEPKcRKNS_4TimeEj
                0x0000000008007430       0xf0 build/obj/Middleware.o
                0x0000000008007430                r2p::Middleware::advertise(r2p::LocalPublisher&, char const*, r2p::Time const&, unsigned int)
 .text._ZN3r2p10Middleware9advertiseERNS_15RemotePublisherEPKcRKNS_4TimeEj
                0x0000000008007520       0x60 build/obj/Middleware.o
                0x0000000008007520                r2p::Middleware::advertise(r2p::RemotePublisher&, char const*, r2p::Time const&, unsigned int)
 .text._ZN3r2p10Middleware9subscribeERNS_15LocalSubscriberEPKcPNS_7MessageEjj
                0x0000000008007580      0x140 build/obj/Middleware.o
                0x0000000008007580                r2p::Middleware::subscribe(r2p::LocalSubscriber&, char const*, r2p::Message*, unsigned int, unsigned int)
 .text._ZN3r2p10Middleware9subscribeERNS_16RemoteSubscriberEPKcPNS_7MessageEjj
                0x00000000080076c0       0x70 build/obj/Middleware.o
                0x00000000080076c0                r2p::Middleware::subscribe(r2p::RemoteSubscriber&, char const*, r2p::Message*, unsigned int, unsigned int)
 .text._ZN3r2p10Middleware12confirm_stopERKNS_4NodeE
                0x0000000008007730       0x70 build/obj/Middleware.o
                0x0000000008007730                r2p::Middleware::confirm_stop(r2p::Node const&)
 .text._ZN3r2p10Middleware10find_topicEPKc
                0x00000000080077a0       0x40 build/obj/Middleware.o
                0x00000000080077a0                r2p::Middleware::find_topic(char const*)
 .text._ZN3r2p10Middleware11touch_topicEPKcj
                0x00000000080077e0       0x70 build/obj/Middleware.o
                0x00000000080077e0                r2p::Middleware::touch_topic(char const*, unsigned int)
 .text._ZN3r2p10Middleware14do_mgmt_threadEv
                0x0000000008007850      0x610 build/obj/Middleware.o
                0x0000000008007850                r2p::Middleware::do_mgmt_thread()
 .text._ZN3r2p10Middleware16do_cmd_advertiseERKNS_7MgmtMsgE
                0x0000000008007e60      0x120 build/obj/Middleware.o
                0x0000000008007e60                r2p::Middleware::do_cmd_advertise(r2p::MgmtMsg const&)
 .text._ZN3r2p10Middleware24do_cmd_subscribe_requestERKNS_7MgmtMsgE
                0x0000000008007f80      0x150 build/obj/Middleware.o
                0x0000000008007f80                r2p::Middleware::do_cmd_subscribe_request(r2p::MgmtMsg const&)
 .text._ZN3r2p10Middleware25do_cmd_subscribe_responseERKNS_7MgmtMsgE
                0x00000000080080d0       0x90 build/obj/Middleware.o
                0x00000000080080d0                r2p::Middleware::do_cmd_subscribe_response(r2p::MgmtMsg const&)
 .text._ZN3r2p7MgmtMsgC2Ev
                0x0000000008008160       0x20 build/obj/Middleware.o
                0x0000000008008160                r2p::MgmtMsg::MgmtMsg()
                0x0000000008008160                r2p::MgmtMsg::MgmtMsg()
 .text._ZN3r2p10MiddlewareC2EPKcS2_PNS0_10PubSubStepEj
                0x0000000008008180      0x120 build/obj/Middleware.o
                0x0000000008008180                r2p::Middleware::Middleware(char const*, char const*, r2p::Middleware::PubSubStep*, unsigned int)
                0x0000000008008180                r2p::Middleware::Middleware(char const*, char const*, r2p::Middleware::PubSubStep*, unsigned int)
 .text._ZN3r2p10Middleware12mgmt_threadfEPv
                0x00000000080082a0       0x20 build/obj/Middleware.o
                0x00000000080082a0                r2p::Middleware::mgmt_threadf(void*)
 .text._ZN3r2p4TimeC2IlEET_
                0x00000000080082c0       0x20 build/obj/Middleware.o
                0x00000000080082c0                r2p::Time::Time<long>(long)
                0x00000000080082c0                r2p::Time::Time<long>(long)
 .text._ZNK3r2p10StaticListINS_15LocalSubscriberEE15is_empty_unsafeEv
                0x00000000080082e0       0x20 build/obj/Middleware.o
                0x00000000080082e0                r2p::StaticList<r2p::LocalSubscriber>::is_empty_unsafe() const
 .text._ZN3r2p10StaticListINS_5TopicEE4linkERNS2_4LinkE
                0x0000000008008300       0x20 build/obj/Middleware.o
                0x0000000008008300                r2p::StaticList<r2p::Topic>::link(r2p::StaticList<r2p::Topic>::Link&)
 .text._ZN3r2p10StaticListINS_4NodeEE5beginEv
                0x0000000008008320       0x20 build/obj/Middleware.o
                0x0000000008008320                r2p::StaticList<r2p::Node>::begin()
 .text._ZN3r2p10StaticListINS_4NodeEE3endEv
                0x0000000008008340       0x20 build/obj/Middleware.o
                0x0000000008008340                r2p::StaticList<r2p::Node>::end()
 .text._ZNK3r2p10StaticListINS_4NodeEE8IteratorneERKS3_
                0x0000000008008360       0x20 build/obj/Middleware.o
                0x0000000008008360                r2p::StaticList<r2p::Node>::Iterator::operator!=(r2p::StaticList<r2p::Node>::Iterator const&) const
 .text._ZN3r2p10StaticListINS_4NodeEE8IteratorppEv
                0x0000000008008380       0x30 build/obj/Middleware.o
                0x0000000008008380                r2p::StaticList<r2p::Node>::Iterator::operator++()
 .text._ZNK3r2p10StaticListINS_4NodeEE8IteratorptEv
                0x00000000080083b0       0x10 build/obj/Middleware.o
                0x00000000080083b0                r2p::StaticList<r2p::Node>::Iterator::operator->() const
 .text._ZN3r2p9PublisherINS_7MgmtMsgEE5allocERPS1_
                0x00000000080083c0       0x20 build/obj/Middleware.o
                0x00000000080083c0                r2p::Publisher<r2p::MgmtMsg>::alloc(r2p::MgmtMsg*&)
 .text._ZN3r2p10StaticListINS_4NodeEE11link_unsafeERNS2_4LinkE
                0x00000000080083e0       0x50 build/obj/Middleware.o
                0x00000000080083e0                r2p::StaticList<r2p::Node>::link_unsafe(r2p::StaticList<r2p::Node>::Link&)
 .text._ZN3r2p10StaticListINS_9TransportEE4linkERNS2_4LinkE
                0x0000000008008430       0x20 build/obj/Middleware.o
                0x0000000008008430                r2p::StaticList<r2p::Transport>::link(r2p::StaticList<r2p::Transport>::Link&)
 .text._ZN3r2p10StaticListINS_9TransportEE5beginEv
                0x0000000008008450       0x20 build/obj/Middleware.o
                0x0000000008008450                r2p::StaticList<r2p::Transport>::begin()
 .text._ZN3r2p10StaticListINS_9TransportEE3endEv
                0x0000000008008470       0x20 build/obj/Middleware.o
                0x0000000008008470                r2p::StaticList<r2p::Transport>::end()
 .text._ZNK3r2p10StaticListINS_9TransportEE8IteratorneERKS3_
                0x0000000008008490       0x20 build/obj/Middleware.o
                0x0000000008008490                r2p::StaticList<r2p::Transport>::Iterator::operator!=(r2p::StaticList<r2p::Transport>::Iterator const&) const
 .text._ZN3r2p10StaticListINS_9TransportEE8IteratorppEv
                0x00000000080084b0       0x30 build/obj/Middleware.o
                0x00000000080084b0                r2p::StaticList<r2p::Transport>::Iterator::operator++()
 .text._ZNK3r2p10StaticListINS_4NodeEE15contains_unsafeERKS1_
                0x00000000080084e0       0x30 build/obj/Middleware.o
                0x00000000080084e0                r2p::StaticList<r2p::Node>::contains_unsafe(r2p::Node const&) const
 .text._ZN3r2p10StaticListINS_4NodeEE13unlink_unsafeERNS2_4LinkE
                0x0000000008008510       0x60 build/obj/Middleware.o
                0x0000000008008510                r2p::StaticList<r2p::Node>::unlink_unsafe(r2p::StaticList<r2p::Node>::Link&)
 .text._ZNK3r2p10StaticListINS_5TopicEE10find_firstIPFbRKS1_PKcEcEEPS1_T_PKT0_
                0x0000000008008570       0x20 build/obj/Middleware.o
                0x0000000008008570                r2p::Topic* r2p::StaticList<r2p::Topic>::find_first<bool (*)(r2p::Topic const&, char const*), char>(bool (*)(r2p::Topic const&, char const*), char const*) const
 .text._ZN3r2p4Node9advertiseINS_7MgmtMsgEEEbRNS_9PublisherIT_EEPKcRKNS_4TimeE
                0x0000000008008590       0x30 build/obj/Middleware.o
                0x0000000008008590                bool r2p::Node::advertise<r2p::MgmtMsg>(r2p::Publisher<r2p::MgmtMsg>&, char const*, r2p::Time const&)
 .text._ZN3r2p4Node9subscribeINS_7MgmtMsgEEEbRNS_16SubscriberExtBufIT_EEPKcPS4_
                0x00000000080085c0       0x30 build/obj/Middleware.o
                0x00000000080085c0                bool r2p::Node::subscribe<r2p::MgmtMsg>(r2p::SubscriberExtBuf<r2p::MgmtMsg>&, char const*, r2p::MgmtMsg*)
 .text._ZN3r2p7Message13reset_payloadINS_7MgmtMsgEEEvRT_
                0x00000000080085f0       0x20 build/obj/Middleware.o
                0x00000000080085f0                void r2p::Message::reset_payload<r2p::MgmtMsg>(r2p::MgmtMsg&)
 .text._ZN3r2p16SubscriberExtBufINS_7MgmtMsgEE5fetchERPS1_RNS_4TimeE
                0x0000000008008610       0x20 build/obj/Middleware.o
                0x0000000008008610                r2p::SubscriberExtBuf<r2p::MgmtMsg>::fetch(r2p::MgmtMsg*&, r2p::Time&)
 .text._ZN3r2p16SubscriberExtBufINS_7MgmtMsgEE7releaseERS1_
                0x0000000008008630       0x20 build/obj/Middleware.o
                0x0000000008008630                r2p::SubscriberExtBuf<r2p::MgmtMsg>::release(r2p::MgmtMsg&)
 .text._ZNK3r2p10StaticListINS_4NodeEE13ConstIterator8is_validEv
                0x0000000008008650       0x20 build/obj/Middleware.o
                0x0000000008008650                r2p::StaticList<r2p::Node>::ConstIterator::is_valid() const
 .text._ZNK3r2p10StaticListINS_4NodeEE7restartERNS2_13ConstIteratorE
                0x0000000008008670       0x30 build/obj/Middleware.o
                0x0000000008008670                r2p::StaticList<r2p::Node>::restart(r2p::StaticList<r2p::Node>::ConstIterator&) const
 .text._ZNK3r2p10StaticListINS_4NodeEE13ConstIteratordeEv
                0x00000000080086a0       0x10 build/obj/Middleware.o
                0x00000000080086a0                r2p::StaticList<r2p::Node>::ConstIterator::operator*() const
 .text._ZN3r2p10StaticListINS_4NodeEE13ConstIteratorppEv
                0x00000000080086b0       0x30 build/obj/Middleware.o
                0x00000000080086b0                r2p::StaticList<r2p::Node>::ConstIterator::operator++()
 .text._ZNK3r2p10StaticListINS_4NodeEE13ConstIteratorptEv
                0x00000000080086e0       0x10 build/obj/Middleware.o
                0x00000000080086e0                r2p::StaticList<r2p::Node>::ConstIterator::operator->() const
 .text._ZNK3r2p10StaticListINS_14LocalPublisherEE7restartERNS2_13ConstIteratorE
                0x00000000080086f0       0x30 build/obj/Middleware.o
                0x00000000080086f0                r2p::StaticList<r2p::LocalPublisher>::restart(r2p::StaticList<r2p::LocalPublisher>::ConstIterator&) const
 .text._ZNK3r2p10StaticListINS_15LocalSubscriberEE7restartERNS2_13ConstIteratorE
                0x0000000008008720       0x30 build/obj/Middleware.o
                0x0000000008008720                r2p::StaticList<r2p::LocalSubscriber>::restart(r2p::StaticList<r2p::LocalSubscriber>::ConstIterator&) const
 .text._ZNK3r2p10StaticListINS_14LocalPublisherEE13ConstIterator8is_validEv
                0x0000000008008750       0x20 build/obj/Middleware.o
                0x0000000008008750                r2p::StaticList<r2p::LocalPublisher>::ConstIterator::is_valid() const
 .text._ZNK3r2p10StaticListINS_14LocalPublisherEE13ConstIteratorptEv
                0x0000000008008770       0x10 build/obj/Middleware.o
                0x0000000008008770                r2p::StaticList<r2p::LocalPublisher>::ConstIterator::operator->() const
 .text._ZN3r2p10StaticListINS_14LocalPublisherEE13ConstIteratorppEv
                0x0000000008008780       0x30 build/obj/Middleware.o
                0x0000000008008780                r2p::StaticList<r2p::LocalPublisher>::ConstIterator::operator++()
 .text._ZNK3r2p10StaticListINS_15LocalSubscriberEE13ConstIterator8is_validEv
                0x00000000080087b0       0x20 build/obj/Middleware.o
                0x00000000080087b0                r2p::StaticList<r2p::LocalSubscriber>::ConstIterator::is_valid() const
 .text._ZNK3r2p10StaticListINS_15LocalSubscriberEE13ConstIteratorptEv
                0x00000000080087d0       0x10 build/obj/Middleware.o
                0x00000000080087d0                r2p::StaticList<r2p::LocalSubscriber>::ConstIterator::operator->() const
 .text._ZN3r2p10StaticListINS_15LocalSubscriberEE13ConstIteratorppEv
                0x00000000080087e0       0x30 build/obj/Middleware.o
                0x00000000080087e0                r2p::StaticList<r2p::LocalSubscriber>::ConstIterator::operator++()
 .text._ZNK3r2p10StaticListINS_9TransportEE5countEv
                0x0000000008008810       0x40 build/obj/Middleware.o
                0x0000000008008810                r2p::StaticList<r2p::Transport>::count() const
 .text._ZNK3r2p10StaticListINS_9TransportEE8IteratorptEv
                0x0000000008008850       0x10 build/obj/Middleware.o
                0x0000000008008850                r2p::StaticList<r2p::Transport>::Iterator::operator->() const
 .text._ZN3r2p10StaticListINS_4NodeEEC2Ev
                0x0000000008008860       0x20 build/obj/Middleware.o
                0x0000000008008860                r2p::StaticList<r2p::Node>::StaticList()
                0x0000000008008860                r2p::StaticList<r2p::Node>::StaticList()
 .text._ZN3r2p10StaticListINS_5TopicEEC2Ev
                0x0000000008008880       0x20 build/obj/Middleware.o
                0x0000000008008880                r2p::StaticList<r2p::Topic>::StaticList()
                0x0000000008008880                r2p::StaticList<r2p::Topic>::StaticList()
 .text._ZN3r2p10StaticListINS_9TransportEEC2Ev
                0x00000000080088a0       0x20 build/obj/Middleware.o
                0x00000000080088a0                r2p::StaticList<r2p::Transport>::StaticList()
                0x00000000080088a0                r2p::StaticList<r2p::Transport>::StaticList()
 .text._ZN3r2p9PublisherINS_7MgmtMsgEEC2Ev
                0x00000000080088c0       0x30 build/obj/Middleware.o
                0x00000000080088c0                r2p::Publisher<r2p::MgmtMsg>::Publisher()
                0x00000000080088c0                r2p::Publisher<r2p::MgmtMsg>::Publisher()
 .text._ZN3r2p9PublisherINS_7MgmtMsgEED2Ev
                0x00000000080088f0       0x30 build/obj/Middleware.o
                0x00000000080088f0                r2p::Publisher<r2p::MgmtMsg>::~Publisher()
                0x00000000080088f0                r2p::Publisher<r2p::MgmtMsg>::~Publisher()
 .text._ZN3r2p9PublisherINS_7MgmtMsgEED0Ev
                0x0000000008008920       0x20 build/obj/Middleware.o
                0x0000000008008920                r2p::Publisher<r2p::MgmtMsg>::~Publisher()
 .text._ZN3r2p16SubscriberExtBufINS_7MgmtMsgEEC2EPPS1_jPFbRKS1_E
                0x0000000008008940       0x30 build/obj/Middleware.o
                0x0000000008008940                r2p::SubscriberExtBuf<r2p::MgmtMsg>::SubscriberExtBuf(r2p::MgmtMsg**, unsigned int, bool (*)(r2p::MgmtMsg const&))
                0x0000000008008940                r2p::SubscriberExtBuf<r2p::MgmtMsg>::SubscriberExtBuf(r2p::MgmtMsg**, unsigned int, bool (*)(r2p::MgmtMsg const&))
 .text._ZN3r2p16SubscriberExtBufINS_7MgmtMsgEED2Ev
                0x0000000008008970       0x30 build/obj/Middleware.o
                0x0000000008008970                r2p::SubscriberExtBuf<r2p::MgmtMsg>::~SubscriberExtBuf()
                0x0000000008008970                r2p::SubscriberExtBuf<r2p::MgmtMsg>::~SubscriberExtBuf()
 .text._ZN3r2p16SubscriberExtBufINS_7MgmtMsgEED0Ev
                0x00000000080089a0       0x20 build/obj/Middleware.o
                0x00000000080089a0                r2p::SubscriberExtBuf<r2p::MgmtMsg>::~SubscriberExtBuf()
 .text._ZN3r2p10StaticListINS_4NodeEE13ConstIteratorC2Ev
                0x00000000080089c0       0x20 build/obj/Middleware.o
                0x00000000080089c0                r2p::StaticList<r2p::Node>::ConstIterator::ConstIterator()
                0x00000000080089c0                r2p::StaticList<r2p::Node>::ConstIterator::ConstIterator()
 .text._ZN3r2p10StaticListINS_14LocalPublisherEE13ConstIteratorC2Ev
                0x00000000080089e0       0x20 build/obj/Middleware.o
                0x00000000080089e0                r2p::StaticList<r2p::LocalPublisher>::ConstIterator::ConstIterator()
                0x00000000080089e0                r2p::StaticList<r2p::LocalPublisher>::ConstIterator::ConstIterator()
 .text._ZN3r2p10StaticListINS_15LocalSubscriberEE13ConstIteratorC2Ev
                0x0000000008008a00       0x20 build/obj/Middleware.o
                0x0000000008008a00                r2p::StaticList<r2p::LocalSubscriber>::ConstIterator::ConstIterator()
                0x0000000008008a00                r2p::StaticList<r2p::LocalSubscriber>::ConstIterator::ConstIterator()
 .text._ZN3r2p10StaticListINS_5TopicEE16link_tail_unsafeERNS2_4LinkE
                0x0000000008008a20       0x70 build/obj/Middleware.o
                0x0000000008008a20                r2p::StaticList<r2p::Topic>::link_tail_unsafe(r2p::StaticList<r2p::Topic>::Link&)
 .text._ZNK3r2p10StaticListINS_4NodeEE8get_headEv
                0x0000000008008a90       0x20 build/obj/Middleware.o
                0x0000000008008a90                r2p::StaticList<r2p::Node>::get_head() const
 .text._ZN3r2p10StaticListINS_4NodeEE8IteratorC2EPKNS2_4LinkE
                0x0000000008008ab0       0x20 build/obj/Middleware.o
                0x0000000008008ab0                r2p::StaticList<r2p::Node>::Iterator::Iterator(r2p::StaticList<r2p::Node>::Link const*)
                0x0000000008008ab0                r2p::StaticList<r2p::Node>::Iterator::Iterator(r2p::StaticList<r2p::Node>::Link const*)
 .text._ZN3r2p10StaticListINS_9TransportEE16link_tail_unsafeERNS2_4LinkE
                0x0000000008008ad0       0x70 build/obj/Middleware.o
                0x0000000008008ad0                r2p::StaticList<r2p::Transport>::link_tail_unsafe(r2p::StaticList<r2p::Transport>::Link&)
 .text._ZNK3r2p10StaticListINS_9TransportEE8get_headEv
                0x0000000008008b40       0x20 build/obj/Middleware.o
                0x0000000008008b40                r2p::StaticList<r2p::Transport>::get_head() const
 .text._ZN3r2p10StaticListINS_9TransportEE8IteratorC2EPKNS2_4LinkE
                0x0000000008008b60       0x20 build/obj/Middleware.o
                0x0000000008008b60                r2p::StaticList<r2p::Transport>::Iterator::Iterator(r2p::StaticList<r2p::Transport>::Link const*)
                0x0000000008008b60                r2p::StaticList<r2p::Transport>::Iterator::Iterator(r2p::StaticList<r2p::Transport>::Link const*)
 .text._ZNK3r2p10StaticListINS_5TopicEE10find_firstEPFbRKS1_PKvES6_
                0x0000000008008b80       0x60 build/obj/Middleware.o
                0x0000000008008b80                r2p::StaticList<r2p::Topic>::find_first(bool (*)(r2p::Topic const&, void const*), void const*) const
 .text._ZN3r2p7Message16get_payload_sizeINS_7MgmtMsgEEEjv
                0x0000000008008be0       0x10 build/obj/Middleware.o
                0x0000000008008be0                unsigned int r2p::Message::get_payload_size<r2p::MgmtMsg>()
 .text._ZNK3r2p10StaticListINS_4NodeEE5beginEv
                0x0000000008008bf0       0x20 build/obj/Middleware.o
                0x0000000008008bf0                r2p::StaticList<r2p::Node>::begin() const
 .text._ZN3r2p10StaticListINS_4NodeEE13ConstIteratoraSERKS3_
                0x0000000008008c10       0x20 build/obj/Middleware.o
                0x0000000008008c10                r2p::StaticList<r2p::Node>::ConstIterator::operator=(r2p::StaticList<r2p::Node>::ConstIterator const&)
 .text._ZNK3r2p10StaticListINS_14LocalPublisherEE5beginEv
                0x0000000008008c30       0x20 build/obj/Middleware.o
                0x0000000008008c30                r2p::StaticList<r2p::LocalPublisher>::begin() const
 .text._ZN3r2p10StaticListINS_14LocalPublisherEE13ConstIteratoraSERKS3_
                0x0000000008008c50       0x20 build/obj/Middleware.o
                0x0000000008008c50                r2p::StaticList<r2p::LocalPublisher>::ConstIterator::operator=(r2p::StaticList<r2p::LocalPublisher>::ConstIterator const&)
 .text._ZNK3r2p10StaticListINS_15LocalSubscriberEE5beginEv
                0x0000000008008c70       0x20 build/obj/Middleware.o
                0x0000000008008c70                r2p::StaticList<r2p::LocalSubscriber>::begin() const
 .text._ZN3r2p10StaticListINS_15LocalSubscriberEE13ConstIteratoraSERKS3_
                0x0000000008008c90       0x20 build/obj/Middleware.o
                0x0000000008008c90                r2p::StaticList<r2p::LocalSubscriber>::ConstIterator::operator=(r2p::StaticList<r2p::LocalSubscriber>::ConstIterator const&)
 .text._ZN3r2p10StaticListINS_5TopicEE13unlink_unsafeERNS2_4LinkE
                0x0000000008008cb0       0x60 build/obj/Middleware.o
                0x0000000008008cb0                r2p::StaticList<r2p::Topic>::unlink_unsafe(r2p::StaticList<r2p::Topic>::Link&)
 .text._ZNK3r2p10StaticListINS_5TopicEE15is_empty_unsafeEv
                0x0000000008008d10       0x20 build/obj/Middleware.o
                0x0000000008008d10                r2p::StaticList<r2p::Topic>::is_empty_unsafe() const
 .text._ZNK3r2p10StaticListINS_4NodeEE15get_head_unsafeEv
                0x0000000008008d30       0x10 build/obj/Middleware.o
                0x0000000008008d30                r2p::StaticList<r2p::Node>::get_head_unsafe() const
 .text._ZN3r2p10StaticListINS_9TransportEE13unlink_unsafeERNS2_4LinkE
                0x0000000008008d40       0x60 build/obj/Middleware.o
                0x0000000008008d40                r2p::StaticList<r2p::Transport>::unlink_unsafe(r2p::StaticList<r2p::Transport>::Link&)
 .text._ZNK3r2p10StaticListINS_9TransportEE15is_empty_unsafeEv
                0x0000000008008da0       0x20 build/obj/Middleware.o
                0x0000000008008da0                r2p::StaticList<r2p::Transport>::is_empty_unsafe() const
 .text._ZNK3r2p10StaticListINS_9TransportEE15get_head_unsafeEv
                0x0000000008008dc0       0x10 build/obj/Middleware.o
                0x0000000008008dc0                r2p::StaticList<r2p::Transport>::get_head_unsafe() const
 .text._ZN3r2p10StaticListINS_4NodeEE13ConstIteratorC2EPKNS2_9ConstLinkE
                0x0000000008008dd0       0x20 build/obj/Middleware.o
                0x0000000008008dd0                r2p::StaticList<r2p::Node>::ConstIterator::ConstIterator(r2p::StaticList<r2p::Node>::ConstLink const*)
                0x0000000008008dd0                r2p::StaticList<r2p::Node>::ConstIterator::ConstIterator(r2p::StaticList<r2p::Node>::ConstLink const*)
 .text._ZNK3r2p10StaticListINS_14LocalPublisherEE15get_head_unsafeEv
                0x0000000008008df0       0x10 build/obj/Middleware.o
                0x0000000008008df0                r2p::StaticList<r2p::LocalPublisher>::get_head_unsafe() const
 .text._ZN3r2p10StaticListINS_14LocalPublisherEE13ConstIteratorC2EPKNS2_9ConstLinkE
                0x0000000008008e00       0x20 build/obj/Middleware.o
                0x0000000008008e00                r2p::StaticList<r2p::LocalPublisher>::ConstIterator::ConstIterator(r2p::StaticList<r2p::LocalPublisher>::ConstLink const*)
                0x0000000008008e00                r2p::StaticList<r2p::LocalPublisher>::ConstIterator::ConstIterator(r2p::StaticList<r2p::LocalPublisher>::ConstLink const*)
 .text._ZNK3r2p10StaticListINS_15LocalSubscriberEE15get_head_unsafeEv
                0x0000000008008e20       0x10 build/obj/Middleware.o
                0x0000000008008e20                r2p::StaticList<r2p::LocalSubscriber>::get_head_unsafe() const
 .text._ZN3r2p10StaticListINS_15LocalSubscriberEE13ConstIteratorC2EPKNS2_9ConstLinkE
                0x0000000008008e30       0x20 build/obj/Middleware.o
                0x0000000008008e30                r2p::StaticList<r2p::LocalSubscriber>::ConstIterator::ConstIterator(r2p::StaticList<r2p::LocalSubscriber>::ConstLink const*)
                0x0000000008008e30                r2p::StaticList<r2p::LocalSubscriber>::ConstIterator::ConstIterator(r2p::StaticList<r2p::LocalSubscriber>::ConstLink const*)
 .text._ZNK3r2p4Time9to_us_rawEv
                0x0000000008008e50       0x10 build/obj/Node.o
                0x0000000008008e50                r2p::Time::to_us_raw() const
 .text._ZNK3r2p4Time9to_ms_rawEv
                0x0000000008008e60       0x20 build/obj/Node.o
                0x0000000008008e60                r2p::Time::to_ms_raw() const
 .text._ZN3r2peqERKNS_4TimeES2_
                0x0000000008008e80       0x20 build/obj/Node.o
                0x0000000008008e80                r2p::operator==(r2p::Time const&, r2p::Time const&)
 .text._ZN3r2p10SpinEvent_4waitERKNS_4TimeE
                0x0000000008008ea0       0xb0 build/obj/Node.o
                0x0000000008008ea0                r2p::SpinEvent_::wait(r2p::Time const&)
 .text._ZN3r2p10SpinEvent_C2EPNS_6ThreadE
                0x0000000008008f50       0x20 build/obj/Node.o
                0x0000000008008f50                r2p::SpinEvent_::SpinEvent_(r2p::Thread*)
                0x0000000008008f50                r2p::SpinEvent_::SpinEvent_(r2p::Thread*)
 .text._ZN3r2p9SpinEvent4waitERKNS_4TimeE
                0x0000000008008f70       0x20 build/obj/Node.o
                0x0000000008008f70                r2p::SpinEvent::wait(r2p::Time const&)
 .text._ZN3r2p9SpinEventC2EPNS_6ThreadE
                0x0000000008008f90       0x30 build/obj/Node.o
                0x0000000008008f90                r2p::SpinEvent::SpinEvent(r2p::Thread*)
                0x0000000008008f90                r2p::SpinEvent::SpinEvent(r2p::Thread*)
 .text._ZNK3r2p15LocalSubscriber12get_callbackEv
                0x0000000008008fc0       0x10 build/obj/Node.o
                0x0000000008008fc0                r2p::LocalSubscriber::get_callback() const
 .text._ZN3r2p4Node9advertiseERNS_14LocalPublisherEPKcRKNS_4TimeEj
                0x0000000008008fd0       0x60 build/obj/Node.o
                0x0000000008008fd0                r2p::Node::advertise(r2p::LocalPublisher&, char const*, r2p::Time const&, unsigned int)
 .text._ZN3r2p4Node9subscribeERNS_15LocalSubscriberEPKcPNS_7MessageEj
                0x0000000008009030       0xd0 build/obj/Node.o
                0x0000000008009030                r2p::Node::subscribe(r2p::LocalSubscriber&, char const*, r2p::Message*, unsigned int)
 .text._ZN3r2p4Node4spinERKNS_4TimeE
                0x0000000008009100       0xf0 build/obj/Node.o
                0x0000000008009100                r2p::Node::spin(r2p::Time const&)
 .text._ZN3r2p10StaticListINS_14LocalPublisherEED2Ev
                0x00000000080091f0       0x20 build/obj/Node.o
                0x00000000080091f0                r2p::StaticList<r2p::LocalPublisher>::~StaticList()
                0x00000000080091f0                r2p::StaticList<r2p::LocalPublisher>::~StaticList()
 .text._ZN3r2p10StaticListINS_15LocalSubscriberEED2Ev
                0x0000000008009210       0x20 build/obj/Node.o
                0x0000000008009210                r2p::StaticList<r2p::LocalSubscriber>::~StaticList()
                0x0000000008009210                r2p::StaticList<r2p::LocalSubscriber>::~StaticList()
 .text._ZN3r2p9SpinEventD2Ev
                0x0000000008009230       0x20 build/obj/Node.o