Archive member included to satisfy reference by file (symbol)

/usr/lib/gcc/arm-none-eabi/4.8/../../../arm-none-eabi/lib/armv7e-m/fpu/libm.a(lib_a-w_asin.o)
                              build/obj/madgwick.o (asin)
/usr/lib/gcc/arm-none-eabi/4.8/../../../arm-none-eabi/lib/armv7e-m/fpu/libm.a(lib_a-w_atan2.o)
                              build/obj/madgwick.o (atan2)
/usr/lib/gcc/arm-none-eabi/4.8/../../../arm-none-eabi/lib/armv7e-m/fpu/libm.a(lib_a-w_sqrt.o)
                              build/obj/madgwick.o (sqrt)
/usr/lib/gcc/arm-none-eabi/4.8/../../../arm-none-eabi/lib/armv7e-m/fpu/libm.a(lib_a-e_asin.o)
                              /usr/lib/gcc/arm-none-eabi/4.8/../../../arm-none-eabi/lib/armv7e-m/fpu/libm.a(lib_a-w_asin.o) (__ieee754_asin)
/usr/lib/gcc/arm-none-eabi/4.8/../../../arm-none-eabi/lib/armv7e-m/fpu/libm.a(lib_a-e_atan2.o)
                              /usr/lib/gcc/arm-none-eabi/4.8/../../../arm-none-eabi/lib/armv7e-m/fpu/libm.a(lib_a-w_atan2.o) (__ieee754_atan2)
/usr/lib/gcc/arm-none-eabi/4.8/../../../arm-none-eabi/lib/armv7e-m/fpu/libm.a(lib_a-e_sqrt.o)
                              /usr/lib/gcc/arm-none-eabi/4.8/../../../arm-none-eabi/lib/armv7e-m/fpu/libm.a(lib_a-w_sqrt.o) (__ieee754_sqrt)
/usr/lib/gcc/arm-none-eabi/4.8/../../../arm-none-eabi/lib/armv7e-m/fpu/libm.a(lib_a-s_atan.o)
                              /usr/lib/gcc/arm-none-eabi/4.8/../../../arm-none-eabi/lib/armv7e-m/fpu/libm.a(lib_a-e_atan2.o) (atan)
/usr/lib/gcc/arm-none-eabi/4.8/../../../arm-none-eabi/lib/armv7e-m/fpu/libm.a(lib_a-s_fabs.o)
                              /usr/lib/gcc/arm-none-eabi/4.8/../../../arm-none-eabi/lib/armv7e-m/fpu/libm.a(lib_a-w_asin.o) (fabs)
/usr/lib/gcc/arm-none-eabi/4.8/../../../arm-none-eabi/lib/armv7e-m/fpu/libm.a(lib_a-s_fpclassify.o)
                              /usr/lib/gcc/arm-none-eabi/4.8/../../../arm-none-eabi/lib/armv7e-m/fpu/libm.a(lib_a-w_asin.o) (__fpclassifyd)
/usr/lib/gcc/arm-none-eabi/4.8/../../../arm-none-eabi/lib/armv7e-m/fpu/libm.a(lib_a-s_lib_ver.o)
                              /usr/lib/gcc/arm-none-eabi/4.8/../../../arm-none-eabi/lib/armv7e-m/fpu/libm.a(lib_a-w_asin.o) (__fdlib_version)
/usr/lib/gcc/arm-none-eabi/4.8/../../../arm-none-eabi/lib/armv7e-m/fpu/libm.a(lib_a-s_matherr.o)
                              /usr/lib/gcc/arm-none-eabi/4.8/../../../arm-none-eabi/lib/armv7e-m/fpu/libm.a(lib_a-w_asin.o) (matherr)
/usr/lib/gcc/arm-none-eabi/4.8/../../../arm-none-eabi/lib/armv7e-m/fpu/libm.a(lib_a-s_nan.o)
                              /usr/lib/gcc/arm-none-eabi/4.8/../../../arm-none-eabi/lib/armv7e-m/fpu/libm.a(lib_a-w_asin.o) (nan)
/usr/lib/gcc/arm-none-eabi/4.8/armv7e-m/fpu/libgcc.a(_arm_addsubdf3.o)
                              /usr/lib/gcc/arm-none-eabi/4.8/../../../arm-none-eabi/lib/armv7e-m/fpu/libm.a(lib_a-e_asin.o) (__aeabi_dsub)
/usr/lib/gcc/arm-none-eabi/4.8/armv7e-m/fpu/libgcc.a(_arm_muldivdf3.o)
                              /usr/lib/gcc/arm-none-eabi/4.8/../../../arm-none-eabi/lib/armv7e-m/fpu/libm.a(lib_a-e_asin.o) (__aeabi_dmul)
/usr/lib/gcc/arm-none-eabi/4.8/armv7e-m/fpu/libgcc.a(_arm_cmpdf2.o)
                              /usr/lib/gcc/arm-none-eabi/4.8/../../../arm-none-eabi/lib/armv7e-m/fpu/libm.a(lib_a-w_sqrt.o) (__aeabi_dcmplt)
/usr/lib/gcc/arm-none-eabi/4.8/armv7e-m/fpu/libgcc.a(_arm_truncdfsf2.o)
                              build/obj/madgwick.o (__aeabi_d2f)
/usr/lib/gcc/arm-none-eabi/4.8/../../../arm-none-eabi/lib/armv7e-m/fpu/libg.a(lib_a-aeabi_atexit.o)
                              build/obj/main.o (__aeabi_atexit)
/usr/lib/gcc/arm-none-eabi/4.8/../../../arm-none-eabi/lib/armv7e-m/fpu/libg.a(lib_a-cxa_atexit.o)
                              /usr/lib/gcc/arm-none-eabi/4.8/../../../arm-none-eabi/lib/armv7e-m/fpu/libg.a(lib_a-aeabi_atexit.o) (__cxa_atexit)
/usr/lib/gcc/arm-none-eabi/4.8/../../../arm-none-eabi/lib/armv7e-m/fpu/libg.a(lib_a-errno.o)
                              /usr/lib/gcc/arm-none-eabi/4.8/../../../arm-none-eabi/lib/armv7e-m/fpu/libm.a(lib_a-w_asin.o) (__errno)
/usr/lib/gcc/arm-none-eabi/4.8/../../../arm-none-eabi/lib/armv7e-m/fpu/libg.a(lib_a-impure.o)
                              /usr/lib/gcc/arm-none-eabi/4.8/../../../arm-none-eabi/lib/armv7e-m/fpu/libg.a(lib_a-errno.o) (_impure_ptr)
/usr/lib/gcc/arm-none-eabi/4.8/../../../arm-none-eabi/lib/armv7e-m/fpu/libg.a(lib_a-memcpy.o)
                              build/obj/Message.o (memcpy)
/usr/lib/gcc/arm-none-eabi/4.8/../../../arm-none-eabi/lib/armv7e-m/fpu/libg.a(lib_a-memset.o)
                              build/obj/syscalls.o (memset)
/usr/lib/gcc/arm-none-eabi/4.8/../../../arm-none-eabi/lib/armv7e-m/fpu/libg.a(lib_a-strncmp.o)
                              build/obj/BaseSubscriber.o (strncmp)
/usr/lib/gcc/arm-none-eabi/4.8/../../../arm-none-eabi/lib/armv7e-m/fpu/libg.a(lib_a-strncpy.o)
                              build/obj/Middleware.o (strncpy)
/usr/lib/gcc/arm-none-eabi/4.8/../../../arm-none-eabi/lib/armv7e-m/fpu/libg.a(lib_a-__atexit.o)
[...]
Memory Configuration

Name             Origin             Length             Attributes
flash            0x0000000008000000 0x0000000000040000
ram              0x0000000020000000 0x000000000000a000
ccmram           0x0000000010000000 0x0000000000002000
*default*        0x0000000000000000 0xffffffffffffffff

Linker script and memory map

LOAD build/obj/crt0.o
LOAD build/obj/vectors.o
LOAD build/obj/chcore.o
LOAD build/obj/chcore_v7m.o
LOAD build/obj/nvic.o
LOAD build/obj/chsys.o
LOAD build/obj/chdebug.o
LOAD build/obj/chlists.o
LOAD build/obj/chvt.o
LOAD build/obj/chschd.o
LOAD build/obj/chthreads.o
LOAD build/obj/chdynamic.o
LOAD build/obj/chregistry.o
LOAD build/obj/chsem.o
LOAD build/obj/chmtx.o
LOAD build/obj/chcond.o
LOAD build/obj/chevents.o
LOAD build/obj/chmsg.o
LOAD build/obj/chmboxes.o
LOAD build/obj/chqueues.o
LOAD build/obj/chmemcore.o
LOAD build/obj/chheap.o
LOAD build/obj/chmempools.o
LOAD build/obj/hal.o
LOAD build/obj/adc.o
LOAD build/obj/can.o
LOAD build/obj/ext.o
LOAD build/obj/gpt.o
LOAD build/obj/i2c.o
LOAD build/obj/icu.o
LOAD build/obj/mac.o
LOAD build/obj/mmc_spi.o
LOAD build/obj/mmcsd.o
LOAD build/obj/pal.o
LOAD build/obj/pwm.o
LOAD build/obj/rtc.o
LOAD build/obj/sdc.o
LOAD build/obj/serial.o
LOAD build/obj/serial_usb.o
LOAD build/obj/spi.o
LOAD build/obj/tm.o
LOAD build/obj/uart.o
LOAD build/obj/usb.o
LOAD build/obj/stm32_dma.o
LOAD build/obj/hal_lld.o
LOAD build/obj/adc_lld.o
LOAD build/obj/ext_lld_isr.o
LOAD build/obj/can_lld.o
LOAD build/obj/ext_lld.o
LOAD build/obj/pal_lld.o
LOAD build/obj/i2c_lld.o
LOAD build/obj/rtc_lld.o
LOAD build/obj/spi_lld.o
LOAD build/obj/gpt_lld.o
LOAD build/obj/icu_lld.o
LOAD build/obj/pwm_lld.o
LOAD build/obj/serial_lld.o
LOAD build/obj/uart_lld.o
LOAD build/obj/usb_lld.o
LOAD build/obj/evtimer.o
LOAD build/obj/syscalls.o
LOAD build/obj/rtcan.o
LOAD build/obj/msgqueue.o
LOAD build/obj/hrt.o
LOAD build/obj/srt.o
LOAD build/obj/rtcan_lld_can.o
LOAD build/obj/rtcan_lld_tim.o
LOAD build/obj/board.o
LOAD build/obj/stubs.o
LOAD build/obj/l3gd20h.o
LOAD build/obj/lps331ap.o
LOAD build/obj/lsm303d.o
LOAD build/obj/madgwick.o
LOAD build/obj/ArrayQueue_.o
LOAD build/obj/SimplePool_.o
LOAD build/obj/StaticList_.o
LOAD build/obj/StaticQueue_.o
LOAD build/obj/BasePublisher.o
LOAD build/obj/BaseSubscriber.o
LOAD build/obj/BaseSubscriberQueue.o
LOAD build/obj/BootMsg.o
LOAD build/obj/Checksummer.o
LOAD build/obj/LocalPublisher.o
LOAD build/obj/LocalSubscriber.o
LOAD build/obj/MessagePtrQueue.o
LOAD build/obj/Message.o
LOAD build/obj/Middleware.o
LOAD build/obj/Node.o
LOAD build/obj/RemotePublisher.o
LOAD build/obj/RemoteSubscriber.o
LOAD build/obj/Time.o
LOAD build/obj/TimestampedMsgPtrQueue.o
LOAD build/obj/Topic.o
LOAD build/obj/Transport.o
LOAD build/obj/Utils.o
LOAD build/obj/RTCANTransport.o
LOAD build/obj/RTCANPublisher.o
LOAD build/obj/RTCANSubscriber.o
LOAD build/obj/Middleware_.o
LOAD build/obj/Time_.o
LOAD build/obj/chnew.o
LOAD build/obj/led.o
LOAD build/obj/main.o
                0x0000000000000400                __main_stack_size__ = 0x400
                0x0000000000000400                __process_stack_size__ = 0x400
                0x0000000020000000                __ram_start__ = ORIGIN (ram)
                0x000000000000a000                __ram_size__ = 0xa000
                0x000000002000a000                __ram_end__ = (__ram_start__ + __ram_size__)
                0x0000000000000000                . = 0x0
                0x0000000000000000                _text = .

startup         0x0000000008000000      0x188
 *(vectors)
 vectors        0x0000000008000000      0x188 build/obj/vectors.o
                0x0000000008000000                _vectors

constructors    0x0000000008000188        0x8
                0x0000000008000188                PROVIDE (__init_array_start, .)
 *(SORT(.init_array.*))
 *(.init_array)
 .init_array    0x0000000008000188        0x4 build/obj/Time.o
 .init_array    0x000000000800018c        0x4 build/obj/main.o
                0x0000000008000190                PROVIDE (__init_array_end, .)

destructors     0x0000000008000190        0x0
                0x0000000008000190                PROVIDE (__fini_array_start, .)
 *(.fini_array)
 *(SORT(.fini_array.*))
                0x0000000008000190                PROVIDE (__fini_array_end, .)

.text           0x0000000008000190     0xfac4
 *(.text.startup.*)
 *(.text)
 .text          0x0000000008000190      0x370 /usr/lib/gcc/arm-none-eabi/4.8/armv7e-m/fpu/libgcc.a(_arm_addsubdf3.o)
                0x0000000008000190                __aeabi_drsub
                0x0000000008000198                __aeabi_dsub
                0x0000000008000198                __subdf3
                0x000000000800019c                __adddf3
                0x000000000800019c                __aeabi_dadd
                0x0000000008000414                __aeabi_ui2d
                0x0000000008000414                __floatunsidf
                0x0000000008000434                __floatsidf
                0x0000000008000434                __aeabi_i2d
                0x0000000008000458                __extendsfdf2
                0x0000000008000458                __aeabi_f2d
                0x0000000008000494                __aeabi_ul2d
                0x0000000008000494                __floatundidf
                0x00000000080004a4                __floatdidf
                0x00000000080004a4                __aeabi_l2d
 .text          0x0000000008000500      0x424 /usr/lib/gcc/arm-none-eabi/4.8/armv7e-m/fpu/libgcc.a(_arm_muldivdf3.o)
                0x0000000008000500                __aeabi_dmul
                0x0000000008000500                __muldf3
                0x0000000008000754                __aeabi_ddiv
                0x0000000008000754                __divdf3
 *fill*         0x0000000008000924        0xc 
 .text          0x0000000008000930      0x110 /usr/lib/gcc/arm-none-eabi/4.8/armv7e-m/fpu/libgcc.a(_arm_cmpdf2.o)
                0x0000000008000930                __gtdf2
                0x0000000008000930                __gedf2
                0x0000000008000938                __ltdf2
                0x0000000008000938                __ledf2
                0x0000000008000940                __cmpdf2
                0x0000000008000940                __eqdf2
                0x0000000008000940                __nedf2
                0x00000000080009bc                __aeabi_cdrcmple
                0x00000000080009cc                __aeabi_cdcmple
                0x00000000080009cc                __aeabi_cdcmpeq
                0x00000000080009dc                __aeabi_dcmpeq
                0x00000000080009f0                __aeabi_dcmplt
                0x0000000008000a04                __aeabi_dcmple
                0x0000000008000a18                __aeabi_dcmpge
                0x0000000008000a2c                __aeabi_dcmpgt
 .text          0x0000000008000a40       0xa0 /usr/lib/gcc/arm-none-eabi/4.8/armv7e-m/fpu/libgcc.a(_arm_truncdfsf2.o)
                0x0000000008000a40                __aeabi_d2f
                0x0000000008000a40                __truncdfsf2
 .text          0x0000000008000ae0      0x134 /usr/lib/gcc/arm-none-eabi/4.8/../../../arm-none-eabi/lib/armv7e-m/fpu/libg.a(lib_a-memcpy.o)
                0x0000000008000ae0                memcpy
 *(.text.*)
 *fill*         0x0000000008000c14        0xc 
 .text.__late_init
                0x0000000008000c20       0x10 build/obj/crt0.o
                0x0000000008000c20                __late_init
 .text._default_exit
                0x0000000008000c30       0x10 build/obj/crt0.o
                0x0000000008000c30                _default_exit
 .text.ResetHandler
                0x0000000008000c40      0x100 build/obj/crt0.o
                0x0000000008000c40                ResetHandler
 .text._unhandled_exception
                0x0000000008000d40       0x10 build/obj/vectors.o
                0x0000000008000d40                VectorAC
                0x0000000008000d40                NMIVector
                0x0000000008000d40                Vector11C
                0x0000000008000d40                VectorDC
                0x0000000008000d40                Vector168
                0x0000000008000d40                Vector110
                0x0000000008000d40                VectorC8
                0x0000000008000d40                VectorA8
                0x0000000008000d40                VectorB4
                0x0000000008000d40                Vector160
                0x0000000008000d40                VectorEC
                0x0000000008000d40                UsageFaultVector
                0x0000000008000d40                DebugMonitorVector
                0x0000000008000d40                Vector40
                0x0000000008000d40                VectorF8
                0x0000000008000d40                Vector108
                0x0000000008000d40                VectorBC
                0x0000000008000d40                Vector150
                0x0000000008000d40                Vector148
                0x0000000008000d40                PendSVVector
                0x0000000008000d40                Vector118
                0x0000000008000d40                VectorCC
                0x0000000008000d40                Vector54
                0x0000000008000d40                VectorD8
                0x0000000008000d40                Vector138
                0x0000000008000d40                Vector24
                0x0000000008000d40                Vector178
                0x0000000008000d40                BusFaultVector
                0x0000000008000d40                VectorD0
                0x0000000008000d40                VectorC0
                0x0000000008000d40                Vector158
                0x0000000008000d40                HardFaultVector
                0x0000000008000d40                Vector134
                0x0000000008000d40                VectorF0
                0x0000000008000d40                Vector13C
                0x0000000008000d40                Vector100
                0x0000000008000d40                VectorF4
                0x0000000008000d40                MemManageVector
                0x0000000008000d40                VectorA0
                0x0000000008000d40                VectorC4
                0x0000000008000d40                Vector180
                0x0000000008000d40                VectorB0
                0x0000000008000d40                Vector114
                0x0000000008000d40                Vector164
                0x0000000008000d40                Vector1C
                0x0000000008000d40                Vector17C
                0x0000000008000d40                Vector16C
                0x0000000008000d40                Vector15C
                0x0000000008000d40                _unhandled_exception
                0x0000000008000d40                Vector170
                0x0000000008000d40                Vector104
                0x0000000008000d40                Vector184
                0x0000000008000d40                Vector10C
                0x0000000008000d40                Vector14C
                0x0000000008000d40                Vector50
                0x0000000008000d40                Vector154
                0x0000000008000d40                Vector28
                0x0000000008000d40                VectorB8
                0x0000000008000d40                VectorFC
                0x0000000008000d40                Vector34
                0x0000000008000d40                VectorA4
                0x0000000008000d40                Vector20
                0x0000000008000d40                Vector174
 .text.port_halt
                0x0000000008000d50       0x10 build/obj/chcore.o
                0x0000000008000d50                port_halt
 .text.SysTickVector
                0x0000000008000d60       0x30 build/obj/chcore_v7m.o
                0x0000000008000d60                SysTickVector
 .text.SVCallVector
                0x0000000008000d90       0x30 build/obj/chcore_v7m.o
                0x0000000008000d90                SVCallVector
 .text._port_init
                0x0000000008000dc0       0x30 build/obj/chcore_v7m.o
                0x0000000008000dc0                _port_init
 .text._port_irq_epilogue
                0x0000000008000df0       0xa0 build/obj/chcore_v7m.o
                0x0000000008000df0                _port_irq_epilogue
 .text._port_switch_from_isr
                0x0000000008000e90       0x10 build/obj/chcore_v7m.o
                0x0000000008000e90                _port_switch_from_isr
 .text._port_switch
                0x0000000008000ea0       0x20 build/obj/chcore_v7m.o
                0x0000000008000ea0                _port_switch
 .text._port_thread_start
                0x0000000008000ec0       0x20 build/obj/chcore_v7m.o
                0x0000000008000ec0                _port_thread_start
 .text.nvicEnableVector
                0x0000000008000ee0       0x80 build/obj/nvic.o
                0x0000000008000ee0                nvicEnableVector
 .text.nvicSetSystemHandlerPriority
                0x0000000008000f60       0x50 build/obj/nvic.o
                0x0000000008000f60                nvicSetSystemHandlerPriority
 .text._idle_thread
                0x0000000008000fb0       0x20 build/obj/chsys.o
                0x0000000008000fb0                _idle_thread
 .text.chSysInit
                0x0000000008000fd0       0x80 build/obj/chsys.o
                0x0000000008000fd0                chSysInit
 .text.chSysTimerHandlerI
                0x0000000008001050       0xb0 build/obj/chsys.o
                0x0000000008001050                chSysTimerHandlerI
 .text.dbg_check_disable
                0x0000000008001100       0x30 build/obj/chdebug.o
                0x0000000008001100                dbg_check_disable
 .text.dbg_check_enable
                0x0000000008001130       0x30 build/obj/chdebug.o
                0x0000000008001130                dbg_check_enable
 .text.dbg_check_lock
                0x0000000008001160       0x30 build/obj/chdebug.o
                0x0000000008001160                dbg_check_lock
 .text.dbg_check_unlock
                0x0000000008001190       0x30 build/obj/chdebug.o
                0x0000000008001190                dbg_check_unlock
 .text.dbg_check_lock_from_isr
                0x00000000080011c0       0x30 build/obj/chdebug.o
                0x00000000080011c0                dbg_check_lock_from_isr
 .text.dbg_check_unlock_from_isr
                0x00000000080011f0       0x30 build/obj/chdebug.o
                0x00000000080011f0                dbg_check_unlock_from_isr
 .text.dbg_check_enter_isr
                0x0000000008001220       0x40 build/obj/chdebug.o
                0x0000000008001220                dbg_check_enter_isr
 .text.dbg_check_leave_isr
                0x0000000008001260       0x40 build/obj/chdebug.o
                0x0000000008001260                dbg_check_leave_isr
 .text.chDbgCheckClassI
                0x00000000080012a0       0x30 build/obj/chdebug.o
                0x00000000080012a0                chDbgCheckClassI
 .text.chDbgCheckClassS
                0x00000000080012d0       0x30 build/obj/chdebug.o
                0x00000000080012d0                chDbgCheckClassS
 .text._trace_init
                0x0000000008001300       0x20 build/obj/chdebug.o
                0x0000000008001300                _trace_init
 .text.dbg_trace
                0x0000000008001320       0x70 build/obj/chdebug.o
                0x0000000008001320                dbg_trace
 .text.chDbgPanic
                0x0000000008001390       0x20 build/obj/chdebug.o
                0x0000000008001390                chDbgPanic
 .text._vt_init
                0x00000000080013b0       0x30 build/obj/chvt.o
                0x00000000080013b0                _vt_init
 .text.chVTSetI
                0x00000000080013e0       0xa0 build/obj/chvt.o
                0x00000000080013e0                chVTSetI
 .text.chVTResetI
                0x0000000008001480       0x70 build/obj/chvt.o
                0x0000000008001480                chVTResetI
 .text.fifo_remove
                0x00000000080014f0       0x30 build/obj/chschd.o
 .text.dequeue  0x0000000008001520       0x20 build/obj/chschd.o
 .text._scheduler_init
                0x0000000008001540       0x30 build/obj/chschd.o
                0x0000000008001540                _scheduler_init
 .text.chSchReadyI
                0x0000000008001570       0x80 build/obj/chschd.o
                0x0000000008001570                chSchReadyI
 .text.chSchGoSleepS
                0x00000000080015f0       0x70 build/obj/chschd.o
                0x00000000080015f0                chSchGoSleepS
 .text.wakeup   0x0000000008001660       0xa0 build/obj/chschd.o
 .text.chSchGoSleepTimeoutS
                0x0000000008001700       0x70 build/obj/chschd.o
                0x0000000008001700                chSchGoSleepTimeoutS
 .text.chSchWakeupS
                0x0000000008001770       0x80 build/obj/chschd.o
                0x0000000008001770                chSchWakeupS
 .text.chSchDoRescheduleBehind
                0x00000000080017f0       0x70 build/obj/chschd.o
                0x00000000080017f0                chSchDoRescheduleBehind
 .text.chSchDoRescheduleAhead
                0x0000000008001860       0x90 build/obj/chschd.o
                0x0000000008001860                chSchDoRescheduleAhead
 .text.chSchDoReschedule
                0x00000000080018f0       0x20 build/obj/chschd.o
                0x00000000080018f0                chSchDoReschedule
 .text.list_remove
                0x0000000008001910       0x20 build/obj/chthreads.o
 .text._thread_init
                0x0000000008001930       0xa0 build/obj/chthreads.o
                0x0000000008001930                _thread_init
 .text._thread_memfill
                0x00000000080019d0       0x30 build/obj/chthreads.o
                0x00000000080019d0                _thread_memfill
 .text.chThdCreateI
                0x0000000008001a00       0x80 build/obj/chthreads.o
                0x0000000008001a00                chThdCreateI
 .text.chThdCreateStatic
                0x0000000008001a80       0x70 build/obj/chthreads.o
                0x0000000008001a80                chThdCreateStatic
 .text.chThdSleep
                0x0000000008001af0       0x40 build/obj/chthreads.o
                0x0000000008001af0                chThdSleep
 .text.chThdSleepUntil
                0x0000000008001b30       0x40 build/obj/chthreads.o
                0x0000000008001b30                chThdSleepUntil
 .text.chThdYield
                0x0000000008001b70       0x30 build/obj/chthreads.o
                0x0000000008001b70                chThdYield
 .text.chThdExit
                0x0000000008001ba0       0x20 build/obj/chthreads.o
                0x0000000008001ba0                chThdExit
 .text.chThdExitS
                0x0000000008001bc0       0x70 build/obj/chthreads.o
                0x0000000008001bc0                chThdExitS
 .text.chThdCreateFromHeap
                0x0000000008001c30       0x90 build/obj/chdynamic.o
                0x0000000008001c30                chThdCreateFromHeap
 .text.prio_insert
                0x0000000008001cc0       0x50 build/obj/chmtx.o
 .text.fifo_remove
                0x0000000008001d10       0x30 build/obj/chmtx.o
 .text.dequeue  0x0000000008001d40       0x20 build/obj/chmtx.o
 .text.chMtxInit
                0x0000000008001d60       0x30 build/obj/chmtx.o
                0x0000000008001d60                chMtxInit
 .text.chMtxLock
                0x0000000008001d90       0x30 build/obj/chmtx.o
                0x0000000008001d90                chMtxLock
 .text.chMtxLockS
                0x0000000008001dc0      0x110 build/obj/chmtx.o
                0x0000000008001dc0                chMtxLockS
 .text.chMtxUnlock
                0x0000000008001ed0       0xe0 build/obj/chmtx.o
                0x0000000008001ed0                chMtxUnlock
 .text.chMtxUnlockS
                0x0000000008001fb0       0xd0 build/obj/chmtx.o
                0x0000000008001fb0                chMtxUnlockS
 .text.chEvtBroadcastFlagsI
                0x0000000008002080       0x60 build/obj/chevents.o
                0x0000000008002080                chEvtBroadcastFlagsI
 .text.chEvtSignalI
                0x00000000080020e0       0x70 build/obj/chevents.o
                0x00000000080020e0                chEvtSignalI
 .text.chEvtWaitAnyTimeout
                0x0000000008002150       0x90 build/obj/chevents.o
                0x0000000008002150                chEvtWaitAnyTimeout
 .text.queue_insert
                0x00000000080021e0       0x30 build/obj/chqueues.o
 .text.fifo_remove
                0x0000000008002210       0x30 build/obj/chqueues.o
 .text.qwait    0x0000000008002240       0x40 build/obj/chqueues.o
 .text.chIQInit
                0x0000000008002280       0x50 build/obj/chqueues.o
                0x0000000008002280                chIQInit
 .text.chIQPutI
                0x00000000080022d0       0xa0 build/obj/chqueues.o
                0x00000000080022d0                chIQPutI
 .text.chIQGetTimeout
                0x0000000008002370       0x90 build/obj/chqueues.o
                0x0000000008002370                chIQGetTimeout
 .text.chIQReadTimeout
                0x0000000008002400       0xd0 build/obj/chqueues.o
                0x0000000008002400                chIQReadTimeout
 .text.chOQInit
                0x00000000080024d0       0x50 build/obj/chqueues.o
                0x00000000080024d0                chOQInit
 .text.chOQPutTimeout
                0x0000000008002520       0xa0 build/obj/chqueues.o
                0x0000000008002520                chOQPutTimeout
 .text.chOQGetI
                0x00000000080025c0       0x90 build/obj/chqueues.o
                0x00000000080025c0                chOQGetI
 .text.chOQWriteTimeout
                0x0000000008002650       0xd0 build/obj/chqueues.o
                0x0000000008002650                chOQWriteTimeout
 .text._core_init
                0x0000000008002720       0x30 build/obj/chmemcore.o
                0x0000000008002720                _core_init
 .text.chCoreAlloc
                0x0000000008002750       0x30 build/obj/chmemcore.o
                0x0000000008002750                chCoreAlloc
 .text.chCoreAllocI
                0x0000000008002780       0x50 build/obj/chmemcore.o
                0x0000000008002780                chCoreAllocI
 .text._heap_init
                0x00000000080027d0       0x30 build/obj/chheap.o
                0x00000000080027d0                _heap_init
 .text.chHeapAlloc
                0x0000000008002800       0xf0 build/obj/chheap.o
                0x0000000008002800                chHeapAlloc
 .text.chHeapFree
                0x00000000080028f0      0x100 build/obj/chheap.o
                0x00000000080028f0                chHeapFree
 .text.chPoolInit
                0x00000000080029f0       0x40 build/obj/chmempools.o
                0x00000000080029f0                chPoolInit
 .text.chPoolLoadArray
                0x0000000008002a30       0x50 build/obj/chmempools.o
                0x0000000008002a30                chPoolLoadArray
 .text.chPoolAllocI
                0x0000000008002a80       0x60 build/obj/chmempools.o
                0x0000000008002a80                chPoolAllocI
 .text.chPoolFreeI
                0x0000000008002ae0       0x40 build/obj/chmempools.o
                0x0000000008002ae0                chPoolFreeI
 .text.chPoolFree
                0x0000000008002b20       0x30 build/obj/chmempools.o
                0x0000000008002b20                chPoolFree
 .text.halInit  0x0000000008002b50       0x30 build/obj/hal.o
                0x0000000008002b50                halInit
 .text.adcInit  0x0000000008002b80       0x10 build/obj/adc.o
                0x0000000008002b80                adcInit
 .text.adcObjectInit
                0x0000000008002b90       0x40 build/obj/adc.o
                0x0000000008002b90                adcObjectInit
 .text.extInit  0x0000000008002bd0       0x10 build/obj/ext.o
                0x0000000008002bd0                extInit
 .text.extObjectInit
                0x0000000008002be0       0x20 build/obj/ext.o
                0x0000000008002be0                extObjectInit
 .text.extStart
                0x0000000008002c00       0x70 build/obj/ext.o
                0x0000000008002c00                extStart
 .text.extChannelEnable
                0x0000000008002c70       0x70 build/obj/ext.o
                0x0000000008002c70                extChannelEnable
 .text.write    0x0000000008002ce0       0x30 build/obj/serial.o
 .text.read     0x0000000008002d10       0x30 build/obj/serial.o
 .text.put      0x0000000008002d40       0x30 build/obj/serial.o
 .text.get      0x0000000008002d70       0x20 build/obj/serial.o
 .text.putt     0x0000000008002d90       0x30 build/obj/serial.o
 .text.gett     0x0000000008002dc0       0x20 build/obj/serial.o
 .text.writet   0x0000000008002de0       0x30 build/obj/serial.o
 .text.readt    0x0000000008002e10       0x30 build/obj/serial.o
 .text.sdInit   0x0000000008002e40       0x10 build/obj/serial.o
                0x0000000008002e40                sdInit
 .text.sdObjectInit
                0x0000000008002e50       0x60 build/obj/serial.o
                0x0000000008002e50                sdObjectInit
 .text.sdIncomingDataI
                0x0000000008002eb0       0x60 build/obj/serial.o
                0x0000000008002eb0                sdIncomingDataI
 .text.spiInit  0x0000000008002f10       0x10 build/obj/spi.o
                0x0000000008002f10                spiInit
 .text.spiObjectInit
                0x0000000008002f20       0x30 build/obj/spi.o
                0x0000000008002f20                spiObjectInit
 .text.spiStart
                0x0000000008002f50       0x70 build/obj/spi.o
                0x0000000008002f50                spiStart
 .text.spiExchange
                0x0000000008002fc0       0xb0 build/obj/spi.o
                0x0000000008002fc0                spiExchange
 .text.spiSend  0x0000000008003070       0xa0 build/obj/spi.o
                0x0000000008003070                spiSend
 .text.spiReceive
                0x0000000008003110       0xa0 build/obj/spi.o
                0x0000000008003110                spiReceive
 .text.spiAcquireBus
                0x00000000080031b0       0x30 build/obj/spi.o
                0x00000000080031b0                spiAcquireBus
 .text.spiReleaseBus
                0x00000000080031e0       0x20 build/obj/spi.o
                0x00000000080031e0                spiReleaseBus
 .text.Vector6C
                0x0000000008003200       0x50 build/obj/stm32_dma.o
                0x0000000008003200                Vector6C
 .text.Vector70
                0x0000000008003250       0x50 build/obj/stm32_dma.o
                0x0000000008003250                Vector70
 .text.Vector74
                0x00000000080032a0       0x50 build/obj/stm32_dma.o
                0x00000000080032a0                Vector74
 .text.Vector78
                0x00000000080032f0       0x50 build/obj/stm32_dma.o
                0x00000000080032f0                Vector78
 .text.Vector7C
                0x0000000008003340       0x50 build/obj/stm32_dma.o
                0x0000000008003340                Vector7C
 .text.Vector80
                0x0000000008003390       0x50 build/obj/stm32_dma.o
                0x0000000008003390                Vector80
 .text.Vector84
                0x00000000080033e0       0x50 build/obj/stm32_dma.o
                0x00000000080033e0                Vector84
 .text.Vector120
                0x0000000008003430       0x50 build/obj/stm32_dma.o
                0x0000000008003430                Vector120
 .text.Vector124
                0x0000000008003480       0x50 build/obj/stm32_dma.o
                0x0000000008003480                Vector124
 .text.Vector128
                0x00000000080034d0       0x50 build/obj/stm32_dma.o
                0x00000000080034d0                Vector128
 .text.Vector12C
                0x0000000008003520       0x50 build/obj/stm32_dma.o
                0x0000000008003520                Vector12C
 .text.Vector130
                0x0000000008003570       0x50 build/obj/stm32_dma.o
                0x0000000008003570                Vector130
 .text.dmaInit  0x00000000080035c0       0x60 build/obj/stm32_dma.o
                0x00000000080035c0                dmaInit
 .text.dmaStreamAllocate
                0x0000000008003620       0xf0 build/obj/stm32_dma.o
                0x0000000008003620                dmaStreamAllocate
 .text.hal_lld_backup_domain_init
                0x0000000008003710       0x30 build/obj/hal_lld.o
 .text.hal_lld_init
                0x0000000008003740       0xb0 build/obj/hal_lld.o
                0x0000000008003740                hal_lld_init
 .text.stm32_clock_init
                0x00000000080037f0       0xb0 build/obj/hal_lld.o
                0x00000000080037f0                stm32_clock_init
 .text.adc_lld_stop_adc
                0x00000000080038a0       0x40 build/obj/adc_lld.o
 .text.adc_lld_serve_interrupt
                0x00000000080038e0      0x200 build/obj/adc_lld.o
 .text.Vector88
                0x0000000008003ae0       0x40 build/obj/adc_lld.o
                0x0000000008003ae0                Vector88
 .text.adc_lld_init
                0x0000000008003b20       0x40 build/obj/adc_lld.o
                0x0000000008003b20                adc_lld_init
 .text.adc_lld_stop_conversion
                0x0000000008003b60       0x40 build/obj/adc_lld.o
                0x0000000008003b60                adc_lld_stop_conversion
 .text.Vector58
                0x0000000008003ba0       0x30 build/obj/ext_lld_isr.o
                0x0000000008003ba0                Vector58
 .text.Vector5C
                0x0000000008003bd0       0x30 build/obj/ext_lld_isr.o
                0x0000000008003bd0                Vector5C
 .text.Vector60
                0x0000000008003c00       0x30 build/obj/ext_lld_isr.o
                0x0000000008003c00                Vector60
 .text.Vector64
                0x0000000008003c30       0x30 build/obj/ext_lld_isr.o
                0x0000000008003c30                Vector64
 .text.Vector68
                0x0000000008003c60       0x30 build/obj/ext_lld_isr.o
                0x0000000008003c60                Vector68
 .text.Vector9C
                0x0000000008003c90       0xa0 build/obj/ext_lld_isr.o
                0x0000000008003c90                Vector9C
 .text.VectorE0
                0x0000000008003d30       0xc0 build/obj/ext_lld_isr.o
                0x0000000008003d30                VectorE0
 .text.Vector44
                0x0000000008003df0       0x30 build/obj/ext_lld_isr.o
                0x0000000008003df0                Vector44
 .text.VectorE4
                0x0000000008003e20       0x30 build/obj/ext_lld_isr.o
                0x0000000008003e20                VectorE4
 .text.VectorE8
                0x0000000008003e50       0x30 build/obj/ext_lld_isr.o
                0x0000000008003e50                VectorE8
 .text.Vector48
                0x0000000008003e80       0x30 build/obj/ext_lld_isr.o
                0x0000000008003e80                Vector48
 .text.Vector4C
                0x0000000008003eb0       0x30 build/obj/ext_lld_isr.o
                0x0000000008003eb0                Vector4C
 .text.Vector140
                0x0000000008003ee0       0x80 build/obj/ext_lld_isr.o
                0x0000000008003ee0                Vector140
 .text.Vector144
                0x0000000008003f60       0x90 build/obj/ext_lld_isr.o
                0x0000000008003f60                Vector144
 .text.ext_lld_exti_irq_enable
                0x0000000008003ff0       0x80 build/obj/ext_lld_isr.o
                0x0000000008003ff0                ext_lld_exti_irq_enable
 .text.ext_lld_init
                0x0000000008004070       0x10 build/obj/ext_lld.o
                0x0000000008004070                ext_lld_init
 .text.ext_lld_start
                0x0000000008004080       0x50 build/obj/ext_lld.o
                0x0000000008004080                ext_lld_start
 .text.ext_lld_channel_enable
                0x00000000080040d0      0x240 build/obj/ext_lld.o
                0x00000000080040d0                ext_lld_channel_enable
 .text.ext_lld_channel_disable
                0x0000000008004310       0xf0 build/obj/ext_lld.o
                0x0000000008004310                ext_lld_channel_disable
 .text.initgpio
                0x0000000008004400       0x50 build/obj/pal_lld.o
 .text._pal_lld_init
                0x0000000008004450       0x80 build/obj/pal_lld.o
                0x0000000008004450                _pal_lld_init
 .text.spi_lld_serve_rx_interrupt
                0x00000000080044d0       0xd0 build/obj/spi_lld.o
 .text.spi_lld_serve_tx_interrupt
                0x00000000080045a0       0x20 build/obj/spi_lld.o
 .text.spi_lld_init
                0x00000000080045c0       0x50 build/obj/spi_lld.o
                0x00000000080045c0                spi_lld_init
 .text.spi_lld_start
                0x0000000008004610      0x140 build/obj/spi_lld.o
                0x0000000008004610                spi_lld_start
 .text.spi_lld_exchange
                0x0000000008004750       0x80 build/obj/spi_lld.o
                0x0000000008004750                spi_lld_exchange
 .text.spi_lld_send
                0x00000000080047d0       0x80 build/obj/spi_lld.o
                0x00000000080047d0                spi_lld_send
 .text.spi_lld_receive
                0x0000000008004850       0x80 build/obj/spi_lld.o
                0x0000000008004850                spi_lld_receive
 .text.set_error
                0x00000000080048d0       0x80 build/obj/serial_lld.o
 .text.serve_interrupt
                0x0000000008004950      0x150 build/obj/serial_lld.o
 .text.notify1  0x0000000008004aa0       0x20 build/obj/serial_lld.o
 .text.VectorD4
                0x0000000008004ac0       0x20 build/obj/serial_lld.o
                0x0000000008004ac0                VectorD4
 .text.sd_lld_init
                0x0000000008004ae0       0x30 build/obj/serial_lld.o
                0x0000000008004ae0                sd_lld_init
 .text.stm32_id8
                0x0000000008004b10       0x20 build/obj/rtcan.o
                0x0000000008004b10                stm32_id8
 .text.rtcan_txok_isr_code
                0x0000000008004b30       0xb0 build/obj/rtcan.o
                0x0000000008004b30                rtcan_txok_isr_code
 .text.rtcan_alst_isr_code
                0x0000000008004be0       0x70 build/obj/rtcan.o
                0x0000000008004be0                rtcan_alst_isr_code
 .text.rtcan_terr_isr_code
                0x0000000008004c50       0x70 build/obj/rtcan.o
                0x0000000008004c50                rtcan_terr_isr_code
 .text.rtcan_rx_isr_code
                0x0000000008004cc0      0x1b0 build/obj/rtcan.o
                0x0000000008004cc0                rtcan_rx_isr_code
 .text.rtcanInit
                0x0000000008004e70       0x10 build/obj/rtcan.o
                0x0000000008004e70                rtcanInit
 .text.rtcanReset
                0x0000000008004e80       0x60 build/obj/rtcan.o
                0x0000000008004e80                rtcanReset
 .text.rtcanStart
                0x0000000008004ee0       0x80 build/obj/rtcan.o
                0x0000000008004ee0                rtcanStart
 .text.rtcanTransmitI
                0x0000000008004f60       0x90 build/obj/rtcan.o
                0x0000000008004f60                rtcanTransmitI
 .text.rtcanReceiveMask
                0x0000000008004ff0       0x50 build/obj/rtcan.o
                0x0000000008004ff0                rtcanReceiveMask
 .text.rtcan_blinker
                0x0000000008005040       0x10 build/obj/rtcan.o
                0x0000000008005040                rtcan_blinker
 .text.msgqueue_init
                0x0000000008005050       0x10 build/obj/msgqueue.o
                0x0000000008005050                msgqueue_init
 .text.msgqueue_insert
                0x0000000008005060       0x60 build/obj/msgqueue.o
                0x0000000008005060                msgqueue_insert
 .text.msgqueue_get
                0x00000000080050c0       0x50 build/obj/msgqueue.o
                0x00000000080050c0                msgqueue_get
 .text.srt_laxity
                0x0000000008005110       0x40 build/obj/srt.o
                0x0000000008005110                srt_laxity
 .text.srt_transmit
                0x0000000008005150      0x110 build/obj/srt.o
                0x0000000008005150                srt_transmit
 .text.rtcan_lld_can_tx_handler
                0x0000000008005260       0xd0 build/obj/rtcan_lld_can.o
 .text.rtcan_lld_can_rx0_handler
                0x0000000008005330       0x50 build/obj/rtcan_lld_can.o
 .text.rtcan_lld_can_rx1_handler
                0x0000000008005380       0x40 build/obj/rtcan_lld_can.o
 .text.rtcan_lld_can_sce_handler
                0x00000000080053c0       0x60 build/obj/rtcan_lld_can.o
 .text.Vector8C
                0x0000000008005420       0x20 build/obj/rtcan_lld_can.o
                0x0000000008005420                Vector8C
 .text.Vector90
                0x0000000008005440       0x20 build/obj/rtcan_lld_can.o
                0x0000000008005440                Vector90
 .text.Vector94
                0x0000000008005460       0x20 build/obj/rtcan_lld_can.o
                0x0000000008005460                Vector94
 .text.Vector98
                0x0000000008005480       0x20 build/obj/rtcan_lld_can.o
                0x0000000008005480                Vector98
 .text.rtcan_lld_can_init
                0x00000000080054a0       0x20 build/obj/rtcan_lld_can.o
                0x00000000080054a0                rtcan_lld_can_init
 .text.rtcan_lld_can_start
                0x00000000080054c0       0x80 build/obj/rtcan_lld_can.o
                0x00000000080054c0                rtcan_lld_can_start
 .text.rtcan_lld_can_txe
                0x0000000008005540       0x20 build/obj/rtcan_lld_can.o
                0x0000000008005540                rtcan_lld_can_txe
 .text.rtcan_lld_can_transmit
                0x0000000008005560       0x70 build/obj/rtcan_lld_can.o
                0x0000000008005560                rtcan_lld_can_transmit
 .text.rtcan_lld_can_receive
                0x00000000080055d0      0x110 build/obj/rtcan_lld_can.o
                0x00000000080055d0                rtcan_lld_can_receive
 .text.rtcan_lld_can_addfilter
                0x00000000080056e0       0xe0 build/obj/rtcan_lld_can.o
                0x00000000080056e0                rtcan_lld_can_addfilter
 .text.__early_init
                0x00000000080057c0       0x10 build/obj/board.o
                0x00000000080057c0                __early_init
 .text.boardInit
                0x00000000080057d0       0x10 build/obj/board.o
                0x00000000080057d0                boardInit
 .text.__cxa_pure_virtual
                0x00000000080057e0       0x10 build/obj/stubs.o
                0x00000000080057e0                __cxa_pure_virtual
 .text.init_l3gd20h
                0x00000000080057f0       0x80 build/obj/l3gd20h.o
                0x00000000080057f0                init_l3gd20h
 .text.l3gd20hReadRegister
                0x0000000008005870       0x50 build/obj/l3gd20h.o
                0x0000000008005870                l3gd20hReadRegister
 .text.l3gd20hWriteRegister
                0x00000000080058c0      0x120 build/obj/l3gd20h.o
                0x00000000080058c0                l3gd20hWriteRegister
 .text.l3gd20h_update
                0x00000000080059e0       0xe0 build/obj/l3gd20h.o
                0x00000000080059e0                l3gd20h_update
 .text.l3gd20h_drdy_callback
                0x0000000008005ac0       0x50 build/obj/l3gd20h.o
                0x0000000008005ac0                l3gd20h_drdy_callback
 .text.l3gd20h_update_thread
                0x0000000008005b10       0x50 build/obj/l3gd20h.o
 .text.gyroRun  0x0000000008005b60       0x50 build/obj/l3gd20h.o
                0x0000000008005b60                gyroRun
 .text.lsm303dReadRegister
                0x0000000008005bb0       0x50 build/obj/lsm303d.o
                0x0000000008005bb0                lsm303dReadRegister
 .text.lsm303dWriteRegister
                0x0000000008005c00      0x160 build/obj/lsm303d.o
                0x0000000008005c00                lsm303dWriteRegister
 .text.lsm303_init
                0x0000000008005d60       0xa0 build/obj/lsm303d.o
                0x0000000008005d60                lsm303_init
 .text.lsm303_acc_update
                0x0000000008005e00       0xa0 build/obj/lsm303d.o
                0x0000000008005e00                lsm303_acc_update
 .text.lsm303_int1_cb
                0x0000000008005ea0       0x50 build/obj/lsm303d.o
                0x0000000008005ea0                lsm303_int1_cb
 .text.lsm303_acc_update_thread
                0x0000000008005ef0       0x50 build/obj/lsm303d.o
 .text.lsm303_mag_update
                0x0000000008005f40       0xa0 build/obj/lsm303d.o
                0x0000000008005f40                lsm303_mag_update
 .text.lsm303_int2_cb
                0x0000000008005fe0       0x50 build/obj/lsm303d.o
                0x0000000008005fe0                lsm303_int2_cb
 .text.lsm303_mag_update_thread
                0x0000000008006030       0x50 build/obj/lsm303d.o
 .text.accRun   0x0000000008006080       0x60 build/obj/lsm303d.o
                0x0000000008006080                accRun
 .text.magRun   0x00000000080060e0       0x50 build/obj/lsm303d.o
                0x00000000080060e0                magRun
 .text.MadgwickAHRSupdateIMU
                0x0000000008006130      0x660 build/obj/madgwick.o
                0x0000000008006130                MadgwickAHRSupdateIMU
 .text.invSqrt  0x0000000008006790       0x70 build/obj/madgwick.o
                0x0000000008006790                invSqrt
 .text.getMadAttitude
                0x0000000008006800      0x1e0 build/obj/madgwick.o
                0x0000000008006800                getMadAttitude
 .text._ZN3r2p10UncopyableC2Ev
                0x00000000080069e0       0x10 build/obj/SimplePool_.o
                0x00000000080069e0                r2p::Uncopyable::Uncopyable()
                0x00000000080069e0                r2p::Uncopyable::Uncopyable()
 .text._ZN3r2p8SysLock_7acquireEv
                0x00000000080069f0       0x10 build/obj/SimplePool_.o
                0x00000000080069f0                r2p::SysLock_::acquire()
 .text._ZN3r2p8SysLock_7releaseEv
                0x0000000008006a00       0x10 build/obj/SimplePool_.o
                0x0000000008006a00                r2p::SysLock_::release()
 .text._ZN3r2p7SysLock7acquireEv
                0x0000000008006a10       0x10 build/obj/SimplePool_.o
                0x0000000008006a10                r2p::SysLock::acquire()
 .text._ZN3r2p7SysLock7releaseEv
                0x0000000008006a20       0x10 build/obj/SimplePool_.o
                0x0000000008006a20                r2p::SysLock::release()
 .text._ZN3r2p12StaticQueue_C2Ev
                0x0000000008006a30       0x30 build/obj/StaticQueue_.o
                0x0000000008006a30                r2p::StaticQueue_::StaticQueue_()
                0x0000000008006a30                r2p::StaticQueue_::StaticQueue_()
 .text._ZN3r2p10UncopyableD2Ev
                0x0000000008006a60       0x10 build/obj/BasePublisher.o
                0x0000000008006a60                r2p::Uncopyable::~Uncopyable()
                0x0000000008006a60                r2p::Uncopyable::~Uncopyable()
 .text._ZN3r2p7Message14acquire_unsafeEv
                0x0000000008006a70       0x40 build/obj/BasePublisher.o
                0x0000000008006a70                r2p::Message::acquire_unsafe()
 .text._ZN3r2p7Message14release_unsafeEv
                0x0000000008006ab0       0x40 build/obj/BasePublisher.o
                0x0000000008006ab0                r2p::Message::release_unsafe()
 .text._ZN3r2p11MemoryPool_11free_unsafeEPv
                0x0000000008006af0       0x20 build/obj/BasePublisher.o
                0x0000000008006af0                r2p::MemoryPool_::free_unsafe(void*)
 .text._ZN3r2p11MemoryPool_4freeEPv
                0x0000000008006b10       0x20 build/obj/BasePublisher.o
                0x0000000008006b10                r2p::MemoryPool_::free(void*)
 .text._ZN3r2p5Topic11free_unsafeERNS_7MessageE
                0x0000000008006b30       0x20 build/obj/BasePublisher.o
                0x0000000008006b30                r2p::Topic::free_unsafe(r2p::Message&)
 .text._ZN3r2p5Topic4freeERNS_7MessageE
                0x0000000008006b50       0x20 build/obj/BasePublisher.o
                0x0000000008006b50                r2p::Topic::free(r2p::Message&)
 .text._ZN3r2p13BasePublisher22publish_locally_unsafeERNS_7MessageE
                0x0000000008006b70       0x70 build/obj/BasePublisher.o
                0x0000000008006b70                r2p::BasePublisher::publish_locally_unsafe(r2p::Message&)
 .text._ZN3r2p13BasePublisher7publishERNS_7MessageE
                0x0000000008006be0       0x90 build/obj/BasePublisher.o
                0x0000000008006be0                r2p::BasePublisher::publish(r2p::Message&)
 .text._ZN3r2p13BasePublisherC2Ev
                0x0000000008006c70       0x30 build/obj/BasePublisher.o
                0x0000000008006c70                r2p::BasePublisher::BasePublisher()
                0x0000000008006c70                r2p::BasePublisher::BasePublisher()
 .text._ZN3r2p13BasePublisherD2Ev
                0x0000000008006ca0       0x30 build/obj/BasePublisher.o
                0x0000000008006ca0                r2p::BasePublisher::~BasePublisher()
                0x0000000008006ca0                r2p::BasePublisher::~BasePublisher()
 .text._ZNK3r2p5Topic8get_nameEv
                0x0000000008006cd0       0x10 build/obj/BaseSubscriber.o
                0x0000000008006cd0                r2p::Topic::get_name() const
 .text._ZN3r2p5Topic8has_nameERKS0_PKc
                0x0000000008006ce0       0x40 build/obj/BaseSubscriber.o
                0x0000000008006ce0                r2p::Topic::has_name(r2p::Topic const&, char const*)
 .text._ZN3r2p14BaseSubscriber14release_unsafeERNS_7MessageE
                0x0000000008006d20       0x50 build/obj/BaseSubscriber.o
                0x0000000008006d20                r2p::BaseSubscriber::release_unsafe(r2p::Message&)
 .text._ZN3r2p14BaseSubscriber7releaseERNS_7MessageE
                0x0000000008006d70       0x50 build/obj/BaseSubscriber.o
                0x0000000008006d70                r2p::BaseSubscriber::release(r2p::Message&)
 .text._ZN3r2p14BaseSubscriberC2Ev
                0x0000000008006dc0       0x30 build/obj/BaseSubscriber.o
                0x0000000008006dc0                r2p::BaseSubscriber::BaseSubscriber()
                0x0000000008006dc0                r2p::BaseSubscriber::BaseSubscriber()
 .text._ZN3r2p14BaseSubscriberD2Ev
                0x0000000008006df0       0x30 build/obj/BaseSubscriber.o
                0x0000000008006df0                r2p::BaseSubscriber::~BaseSubscriber()
                0x0000000008006df0                r2p::BaseSubscriber::~BaseSubscriber()
 .text._ZN3r2p14BaseSubscriber9has_topicERKS0_PKc
                0x0000000008006e20       0x20 build/obj/BaseSubscriber.o
                0x0000000008006e20                r2p::BaseSubscriber::has_topic(r2p::BaseSubscriber const&, char const*)
 .text._ZN3r2p11StaticQueueINS_14BaseSubscriberEEC2Ev
                0x0000000008006e40       0x20 build/obj/BaseSubscriberQueue.o
                0x0000000008006e40                r2p::StaticQueue<r2p::BaseSubscriber>::StaticQueue()
                0x0000000008006e40                r2p::StaticQueue<r2p::BaseSubscriber>::StaticQueue()
 .text._ZN3r2p19BaseSubscriberQueueC2Ev
                0x0000000008006e60       0x20 build/obj/BaseSubscriberQueue.o
                0x0000000008006e60                r2p::BaseSubscriberQueue::BaseSubscriberQueue()
                0x0000000008006e60                r2p::BaseSubscriberQueue::BaseSubscriberQueue()
 .text._ZN3r2p14LocalPublisherC2Ev
                0x0000000008006e80       0x30 build/obj/LocalPublisher.o
                0x0000000008006e80                r2p::LocalPublisher::LocalPublisher()
                0x0000000008006e80                r2p::LocalPublisher::LocalPublisher()
 .text._ZN3r2p14LocalPublisherD2Ev
                0x0000000008006eb0       0x30 build/obj/LocalPublisher.o
                0x0000000008006eb0                r2p::LocalPublisher::~LocalPublisher()
                0x0000000008006eb0                r2p::LocalPublisher::~LocalPublisher()
 .text._ZN3r2p10StaticListINS_14LocalPublisherEE4LinkC2ERS1_
                0x0000000008006ee0       0x20 build/obj/LocalPublisher.o
                0x0000000008006ee0                r2p::StaticList<r2p::LocalPublisher>::Link::Link(r2p::LocalPublisher&)
                0x0000000008006ee0                r2p::StaticList<r2p::LocalPublisher>::Link::Link(r2p::LocalPublisher&)
 .text._ZN3r2p4TimeaSERKS0_
                0x0000000008006f00       0x20 build/obj/LocalSubscriber.o
                0x0000000008006f00                r2p::Time::operator=(r2p::Time const&)
 .text._ZNK3r2p10SpinEvent_10get_threadEv
                0x0000000008006f20       0x10 build/obj/LocalSubscriber.o
                0x0000000008006f20                r2p::SpinEvent_::get_thread() const
 .text._ZN3r2p10SpinEvent_13signal_unsafeEj
                0x0000000008006f30       0x40 build/obj/LocalSubscriber.o
                0x0000000008006f30                r2p::SpinEvent_::signal_unsafe(unsigned int)
 .text._ZNK3r2p9SpinEvent10get_threadEv
                0x0000000008006f70       0x20 build/obj/LocalSubscriber.o
                0x0000000008006f70                r2p::SpinEvent::get_thread() const
 .text._ZN3r2p9SpinEvent13signal_unsafeEj
                0x0000000008006f90       0x20 build/obj/LocalSubscriber.o
                0x0000000008006f90                r2p::SpinEvent::signal_unsafe(unsigned int)
 .text._ZNK3r2p4Node11get_enabledEv
                0x0000000008006fb0       0x30 build/obj/LocalSubscriber.o
                0x0000000008006fb0                r2p::Node::get_enabled() const
 .text._ZN3r2p4Node13notify_unsafeEj
                0x0000000008006fe0       0x20 build/obj/LocalSubscriber.o
                0x0000000008006fe0                r2p::Node::notify_unsafe(unsigned int)
 .text._ZNK3r2p15LocalSubscriber16get_queue_lengthEv
                0x0000000008007000       0x20 build/obj/LocalSubscriber.o
                0x0000000008007000                r2p::LocalSubscriber::get_queue_length() const
 .text._ZN3r2p15LocalSubscriber12fetch_unsafeERPNS_7MessageERNS_4TimeE
                0x0000000008007020       0x40 build/obj/LocalSubscriber.o
                0x0000000008007020                r2p::LocalSubscriber::fetch_unsafe(r2p::Message*&, r2p::Time&)
 .text._ZN3r2p15LocalSubscriber13notify_unsafeERNS_7MessageERKNS_4TimeE
                0x0000000008007060       0x60 build/obj/LocalSubscriber.o
                0x0000000008007060                r2p::LocalSubscriber::notify_unsafe(r2p::Message&, r2p::Time const&)
 .text._ZN3r2p15LocalSubscriber5fetchERPNS_7MessageE
                0x00000000080070c0       0x40 build/obj/LocalSubscriber.o
                0x00000000080070c0                r2p::LocalSubscriber::fetch(r2p::Message*&)
 .text._ZN3r2p15LocalSubscriber5fetchERPNS_7MessageERNS_4TimeE
                0x0000000008007100       0x50 build/obj/LocalSubscriber.o
                0x0000000008007100                r2p::LocalSubscriber::fetch(r2p::Message*&, r2p::Time&)
 .text._ZN3r2p15LocalSubscriber6notifyERNS_7MessageERKNS_4TimeE
                0x0000000008007150       0x50 build/obj/LocalSubscriber.o
                0x0000000008007150                r2p::LocalSubscriber::notify(r2p::Message&, r2p::Time const&)
 .text._ZN3r2p10ArrayQueueIPNS_7MessageEED2Ev
                0x00000000080071a0       0x20 build/obj/LocalSubscriber.o
                0x00000000080071a0                r2p::ArrayQueue<r2p::Message*>::~ArrayQueue()
                0x00000000080071a0                r2p::ArrayQueue<r2p::Message*>::~ArrayQueue()
 .text._ZN3r2p15MessagePtrQueueD2Ev
                0x00000000080071c0       0x20 build/obj/LocalSubscriber.o
                0x00000000080071c0                r2p::MessagePtrQueue::~MessagePtrQueue()
                0x00000000080071c0                r2p::MessagePtrQueue::~MessagePtrQueue()
 .text._ZN3r2p15LocalSubscriberC2EPPNS_7MessageEjPFbRKS1_E
                0x00000000080071e0       0x80 build/obj/LocalSubscriber.o
                0x00000000080071e0                r2p::LocalSubscriber::LocalSubscriber(r2p::Message**, unsigned int, bool (*)(r2p::Message const&))
                0x00000000080071e0                r2p::LocalSubscriber::LocalSubscriber(r2p::Message**, unsigned int, bool (*)(r2p::Message const&))
 .text._ZN3r2p15LocalSubscriberD2Ev
                0x0000000008007260       0x40 build/obj/LocalSubscriber.o
                0x0000000008007260                r2p::LocalSubscriber::~LocalSubscriber()
                0x0000000008007260                r2p::LocalSubscriber::~LocalSubscriber()
 .text._ZNK3r2p10ArrayQueueIPNS_7MessageEE10get_lengthEv
                0x00000000080072a0       0x10 build/obj/LocalSubscriber.o
                0x00000000080072a0                r2p::ArrayQueue<r2p::Message*>::get_length() const
 .text._ZN3r2p10ArrayQueueIPNS_7MessageEE12fetch_unsafeERS2_
                0x00000000080072b0       0x60 build/obj/LocalSubscriber.o
                0x00000000080072b0                r2p::ArrayQueue<r2p::Message*>::fetch_unsafe(r2p::Message*&)
 .text._ZN3r2p10ArrayQueueIPNS_7MessageEE11post_unsafeES2_
                0x0000000008007310       0x60 build/obj/LocalSubscriber.o
                0x0000000008007310                r2p::ArrayQueue<r2p::Message*>::post_unsafe(r2p::Message*)
 .text._ZN3r2p10StaticListINS_15LocalSubscriberEE4LinkC2ERS1_
                0x0000000008007370       0x20 build/obj/LocalSubscriber.o
                0x0000000008007370                r2p::StaticList<r2p::LocalSubscriber>::Link::Link(r2p::LocalSubscriber&)
                0x0000000008007370                r2p::StaticList<r2p::LocalSubscriber>::Link::Link(r2p::LocalSubscriber&)
 .text._ZN3r2p15MessagePtrQueueC2EPPNS_7MessageEj
                0x0000000008007390       0x20 build/obj/MessagePtrQueue.o
                0x0000000008007390                r2p::MessagePtrQueue::MessagePtrQueue(r2p::Message**, unsigned int)
                0x0000000008007390                r2p::MessagePtrQueue::MessagePtrQueue(r2p::Message**, unsigned int)
 .text._ZN3r2p10ArrayQueueIPNS_7MessageEEC2EPS2_j
                0x00000000080073b0       0x60 build/obj/MessagePtrQueue.o
                0x00000000080073b0                r2p::ArrayQueue<r2p::Message*>::ArrayQueue(r2p::Message**, unsigned int)
                0x00000000080073b0                r2p::ArrayQueue<r2p::Message*>::ArrayQueue(r2p::Message**, unsigned int)
 .text._ZN3r2p7Message12reset_unsafeEv
                0x0000000008007410       0x20 build/obj/Message.o
                0x0000000008007410                r2p::Message::reset_unsafe()
 .text._ZN3r2p7Message7acquireEv
                0x0000000008007430       0x20 build/obj/Message.o
                0x0000000008007430                r2p::Message::acquire()
 .text._ZN3r2p7Message7releaseEv
                0x0000000008007450       0x30 build/obj/Message.o
                0x0000000008007450                r2p::Message::release()
 .text._ZN3r2p7Message4copyERS0_RKS0_j
                0x0000000008007480       0x40 build/obj/Message.o
                0x0000000008007480                r2p::Message::copy(r2p::Message&, r2p::Message const&, unsigned int)
 .text._ZN3r2p7SysLock5ScopeC2Ev
                0x00000000080074c0       0x20 build/obj/Middleware.o
                0x00000000080074c0                r2p::SysLock::Scope::Scope()
                0x00000000080074c0                r2p::SysLock::Scope::Scope()
 .text._ZN3r2p7SysLock5ScopeD2Ev
                0x00000000080074e0       0x20 build/obj/Middleware.o
                0x00000000080074e0                r2p::SysLock::Scope::~Scope()
                0x00000000080074e0                r2p::SysLock::Scope::~Scope()
 .text._ZNK3r2p11MemoryPool_13get_item_sizeEv
                0x0000000008007500       0x10 build/obj/Middleware.o
                0x0000000008007500                r2p::MemoryPool_::get_item_size() const
 .text._ZN3r2p11MemoryPool_12alloc_unsafeEv
                0x0000000008007510       0x20 build/obj/Middleware.o
                0x0000000008007510                r2p::MemoryPool_::alloc_unsafe()
 .text._ZN3r2p11MemoryPool_6extendEPvj
                0x0000000008007530       0x20 build/obj/Middleware.o
                0x0000000008007530                r2p::MemoryPool_::extend(void*, unsigned int)
 .text._ZNK3r2p4Time8to_s_rawEv
                0x0000000008007550       0x20 build/obj/Middleware.o
                0x0000000008007550                r2p::Time::to_s_raw() const
 .text._ZN3r2p4TimeC2Ev
                0x0000000008007570       0x20 build/obj/Middleware.o
                0x0000000008007570                r2p::Time::Time()
                0x0000000008007570                r2p::Time::Time()
 .text._ZN3r2p4TimeC2ERKS0_
                0x0000000008007590       0x20 build/obj/Middleware.o
                0x0000000008007590                r2p::Time::Time(r2p::Time const&)
                0x0000000008007590                r2p::Time::Time(r2p::Time const&)
 .text._ZN3r2p4Time2msEl
                0x00000000080075b0       0x30 build/obj/Middleware.o
                0x00000000080075b0                r2p::Time::ms(long)
 .text._ZN3r2pgeERKNS_4TimeES2_
                0x00000000080075e0       0x20 build/obj/Middleware.o
                0x00000000080075e0                r2p::operator>=(r2p::Time const&, r2p::Time const&)
 .text._ZN3r2pplERKNS_4TimeES2_
                0x0000000008007600       0x30 build/obj/Middleware.o
                0x0000000008007600                r2p::operator+(r2p::Time const&, r2p::Time const&)
 .text._ZN3r2pmiERKNS_4TimeES2_
                0x0000000008007630       0x30 build/obj/Middleware.o
                0x0000000008007630                r2p::operator-(r2p::Time const&, r2p::Time const&)
 .text._ZN3r2p7MessageC2Ev
                0x0000000008007660       0x20 build/obj/Middleware.o
                0x0000000008007660                r2p::Message::Message()
                0x0000000008007660                r2p::Message::Message()
 .text._ZN3r2p7Message16get_payload_sizeEj
                0x0000000008007680       0x10 build/obj/Middleware.o
                0x0000000008007680                r2p::Message::get_payload_size(unsigned int)
 .text._ZNK3r2p13BasePublisher9get_topicEv
                0x0000000008007690       0x10 build/obj/Middleware.o
                0x0000000008007690                r2p::BasePublisher::get_topic() const
 .text._ZN3r2p13BasePublisher17notify_advertisedERNS_5TopicE
                0x00000000080076a0       0x30 build/obj/Middleware.o
                0x00000000080076a0                r2p::BasePublisher::notify_advertised(r2p::Topic&)
 .text._ZN3r2p13BasePublisher12alloc_unsafeERPNS_7MessageE
                0x00000000080076d0       0x40 build/obj/Middleware.o
                0x00000000080076d0                r2p::BasePublisher::alloc_unsafe(r2p::Message*&)
 .text._ZN3r2p13BasePublisher5allocERPNS_7MessageE
                0x0000000008007710       0x30 build/obj/Middleware.o
                0x0000000008007710                r2p::BasePublisher::alloc(r2p::Message*&)
 .text._ZN3r2p13BasePublisher16publish_remotelyERNS_7MessageE
                0x0000000008007740       0x40 build/obj/Middleware.o
                0x0000000008007740                r2p::BasePublisher::publish_remotely(r2p::Message&)
 .text._ZNK3r2p14BaseSubscriber9get_topicEv
                0x0000000008007780       0x10 build/obj/Middleware.o
                0x0000000008007780                r2p::BaseSubscriber::get_topic() const
 .text._ZN3r2p14BaseSubscriber17notify_subscribedERNS_5TopicE
                0x0000000008007790       0x30 build/obj/Middleware.o
                0x0000000008007790                r2p::BaseSubscriber::notify_subscribed(r2p::Topic&)
 .text._ZN3r2p7Thread_13create_staticEPvjmPFlS1_ES1_PKc
                0x00000000080077c0       0x40 build/obj/Middleware.o
                0x00000000080077c0                r2p::Thread_::create_static(void*, unsigned int, unsigned long, long (*)(void*), void*, char const*)
 .text._ZN3r2p7Thread_4selfEv
                0x0000000008007800       0x10 build/obj/Middleware.o
                0x0000000008007800                r2p::Thread_::self()
 .text._ZN3r2p7Thread_5sleepERKNS_4TimeE
                0x0000000008007810       0x70 build/obj/Middleware.o
                0x0000000008007810                r2p::Thread_::sleep(r2p::Time const&)
 .text._ZN3r2p6Thread13create_staticEPvjmPFlS1_ES1_PKc
                0x0000000008007880       0x30 build/obj/Middleware.o
                0x0000000008007880                r2p::Thread::create_static(void*, unsigned int, unsigned long, long (*)(void*), void*, char const*)
 .text._ZN3r2p6Thread4selfEv
                0x00000000080078b0       0x10 build/obj/Middleware.o
                0x00000000080078b0                r2p::Thread::self()
 .text._ZN3r2p6Thread5sleepERKNS_4TimeE
                0x00000000080078c0       0x20 build/obj/Middleware.o
                0x00000000080078c0                r2p::Thread::sleep(r2p::Time const&)
 .text._ZN3r2p10SpinEvent_10set_threadEPNS_6ThreadE
                0x00000000080078e0       0x10 build/obj/Middleware.o
                0x00000000080078e0                r2p::SpinEvent_::set_thread(r2p::Thread*)
 .text._ZN3r2p10SpinEvent_6signalEj
                0x00000000080078f0       0x30 build/obj/Middleware.o
                0x00000000080078f0                r2p::SpinEvent_::signal(unsigned int)
 .text._ZN3r2p9SpinEvent10set_threadEPNS_6ThreadE
                0x0000000008007920       0x20 build/obj/Middleware.o
                0x0000000008007920                r2p::SpinEvent::set_thread(r2p::Thread*)
 .text._ZN3r2p9SpinEvent6signalEj
                0x0000000008007940       0x20 build/obj/Middleware.o
                0x0000000008007940                r2p::SpinEvent::signal(unsigned int)
 .text._ZNK3r2p4Node14get_publishersEv
                0x0000000008007960       0x10 build/obj/Middleware.o
                0x0000000008007960                r2p::Node::get_publishers() const
 .text._ZNK3r2p4Node15get_subscribersEv
                0x0000000008007970       0x10 build/obj/Middleware.o
                0x0000000008007970                r2p::Node::get_subscribers() const
 .text._ZN3r2p4Node11set_enabledEb
                0x0000000008007980       0x30 build/obj/Middleware.o
                0x0000000008007980                r2p::Node::set_enabled(bool)
 .text._ZN3r2p4Node11notify_stopEv
                0x00000000080079b0       0x20 build/obj/Middleware.o
                0x00000000080079b0                r2p::Node::notify_stop()
 .text._ZNK3r2p5Topic16get_payload_sizeEv
                0x00000000080079d0       0x30 build/obj/Middleware.o
                0x00000000080079d0                r2p::Topic::get_payload_size() const
 .text._ZNK3r2p5Topic20get_max_queue_lengthEv
                0x0000000008007a00       0x10 build/obj/Middleware.o
                0x0000000008007a00                r2p::Topic::get_max_queue_length() const
 .text._ZNK3r2p5Topic20has_local_publishersEv
                0x0000000008007a10       0x20 build/obj/Middleware.o
                0x0000000008007a10                r2p::Topic::has_local_publishers() const
 .text._ZNK3r2p5Topic21has_local_subscribersEv
                0x0000000008007a30       0x20 build/obj/Middleware.o
                0x0000000008007a30                r2p::Topic::has_local_subscribers() const
 .text._ZNK3r2p5Topic23compute_deadline_unsafeERKNS_4TimeE
                0x0000000008007a50       0x30 build/obj/Middleware.o
                0x0000000008007a50                r2p::Topic::compute_deadline_unsafe(r2p::Time const&) const
 .text._ZN3r2p5Topic12alloc_unsafeEv
                0x0000000008007a80       0x30 build/obj/Middleware.o
                0x0000000008007a80                r2p::Topic::alloc_unsafe()
 .text._ZNK3r2p5Topic16compute_deadlineERKNS_4TimeE
                0x0000000008007ab0       0x40 build/obj/Middleware.o
                0x0000000008007ab0                r2p::Topic::compute_deadline(r2p::Time const&) const
 .text._ZNK3r2p5Topic16compute_deadlineEv
                0x0000000008007af0       0x30 build/obj/Middleware.o
                0x0000000008007af0                r2p::Topic::compute_deadline() const
 .text._ZN3r2p5Topic11extend_poolEPNS_7MessageEj
                0x0000000008007b20       0x20 build/obj/Middleware.o
                0x0000000008007b20                r2p::Topic::extend_pool(r2p::Message*, unsigned int)
 .text._ZN3r2p6Mutex_10initializeEv
                0x0000000008007b40       0x20 build/obj/Middleware.o
                0x0000000008007b40                r2p::Mutex_::initialize()
 .text._ZN3r2p6Mutex_14acquire_unsafeEv
                0x0000000008007b60       0x20 build/obj/Middleware.o
                0x0000000008007b60                r2p::Mutex_::acquire_unsafe()
 .text._ZN3r2p6Mutex_14release_unsafeEv
                0x0000000008007b80       0x10 build/obj/Middleware.o
                0x0000000008007b80                r2p::Mutex_::release_unsafe()
 .text._ZN3r2p6Mutex_C2Eb
                0x0000000008007b90       0x30 build/obj/Middleware.o
                0x0000000008007b90                r2p::Mutex_::Mutex_(bool)
                0x0000000008007b90                r2p::Mutex_::Mutex_(bool)
 .text._ZN3r2p5Mutex10initializeEv
                0x0000000008007bc0       0x20 build/obj/Middleware.o
                0x0000000008007bc0                r2p::Mutex::initialize()
 .text._ZN3r2p5Mutex14acquire_unsafeEv
                0x0000000008007be0       0x20 build/obj/Middleware.o
                0x0000000008007be0                r2p::Mutex::acquire_unsafe()
 .text._ZN3r2p5Mutex14release_unsafeEv
                0x0000000008007c00       0x20 build/obj/Middleware.o
                0x0000000008007c00                r2p::Mutex::release_unsafe()
 .text._ZN3r2p5MutexC2Eb
                0x0000000008007c20       0x30 build/obj/Middleware.o
                0x0000000008007c20                r2p::Mutex::Mutex(bool)
                0x0000000008007c20                r2p::Mutex::Mutex(bool)
 .text._ZN3r2p7ReMutex10initializeEv
                0x0000000008007c50       0x20 build/obj/Middleware.o
                0x0000000008007c50                r2p::ReMutex::initialize()
 .text._ZN3r2p7ReMutex14acquire_unsafeEv
                0x0000000008007c70       0x40 build/obj/Middleware.o
                0x0000000008007c70                r2p::ReMutex::acquire_unsafe()
 .text._ZN3r2p7ReMutex14release_unsafeEv
                0x0000000008007cb0       0x50 build/obj/Middleware.o
                0x0000000008007cb0                r2p::ReMutex::release_unsafe()
 .text._ZN3r2p7ReMutex7acquireEv
                0x0000000008007d00       0x20 build/obj/Middleware.o
                0x0000000008007d00                r2p::ReMutex::acquire()
 .text._ZN3r2p7ReMutex7releaseEv
                0x0000000008007d20       0x20 build/obj/Middleware.o
                0x0000000008007d20                r2p::ReMutex::release()
 .text._ZN3r2p7ReMutexC2Eb
                0x0000000008007d40       0x40 build/obj/Middleware.o
                0x0000000008007d40                r2p::ReMutex::ReMutex(bool)
                0x0000000008007d40                r2p::ReMutex::ReMutex(bool)
 .text._ZNK3r2p10Middleware10is_stoppedEv
                0x0000000008007d80       0x10 build/obj/Middleware.o
                0x0000000008007d80                r2p::Middleware::is_stopped() const
 .text._ZN3r2p10Middleware10initializeEPvjmS1_jm
                0x0000000008007d90       0x60 build/obj/Middleware.o
                0x0000000008007d90                r2p::Middleware::initialize(void*, unsigned int, unsigned long, void*, unsigned int, unsigned long)
 .text._ZN3r2p10Middleware5startEv
                0x0000000008007df0       0xb0 build/obj/Middleware.o
                0x0000000008007df0                r2p::Middleware::start()
 .text._ZN3r2p10Middleware4stopEv
                0x0000000008007ea0       0xd0 build/obj/Middleware.o
                0x0000000008007ea0                r2p::Middleware::stop()
 .text._ZN3r2p10Middleware3addERNS_4NodeE
                0x0000000008007f70       0x40 build/obj/Middleware.o
                0x0000000008007f70                r2p::Middleware::add(r2p::Node&)
 .text._ZN3r2p10Middleware3addERNS_9TransportE
                0x0000000008007fb0       0x20 build/obj/Middleware.o
                0x0000000008007fb0                r2p::Middleware::add(r2p::Transport&)
 .text._ZN3r2p10Middleware9advertiseERNS_14LocalPublisherEPKcRKNS_4TimeEj
                0x0000000008007fd0       0xf0 build/obj/Middleware.o
                0x0000000008007fd0                r2p::Middleware::advertise(r2p::LocalPublisher&, char const*, r2p::Time const&, unsigned int)
 .text._ZN3r2p10Middleware9advertiseERNS_15RemotePublisherEPKcRKNS_4TimeEj
                0x00000000080080c0       0x60 build/obj/Middleware.o
                0x00000000080080c0                r2p::Middleware::advertise(r2p::RemotePublisher&, char const*, r2p::Time const&, unsigned int)
 .text._ZN3r2p10Middleware9subscribeERNS_15LocalSubscriberEPKcPNS_7MessageEjj
                0x0000000008008120      0x140 build/obj/Middleware.o
                0x0000000008008120                r2p::Middleware::subscribe(r2p::LocalSubscriber&, char const*, r2p::Message*, unsigned int, unsigned int)
 .text._ZN3r2p10Middleware9subscribeERNS_16RemoteSubscriberEPKcPNS_7MessageEjj
                0x0000000008008260       0x70 build/obj/Middleware.o
                0x0000000008008260                r2p::Middleware::subscribe(r2p::RemoteSubscriber&, char const*, r2p::Message*, unsigned int, unsigned int)
 .text._ZN3r2p10Middleware12confirm_stopERKNS_4NodeE
                0x00000000080082d0       0x70 build/obj/Middleware.o
                0x00000000080082d0                r2p::Middleware::confirm_stop(r2p::Node const&)
 .text._ZN3r2p10Middleware10find_topicEPKc
                0x0000000008008340       0x40 build/obj/Middleware.o
                0x0000000008008340                r2p::Middleware::find_topic(char const*)
 .text._ZN3r2p10Middleware11touch_topicEPKcj
                0x0000000008008380       0x70 build/obj/Middleware.o
                0x0000000008008380                r2p::Middleware::touch_topic(char const*, unsigned int)
 .text._ZN3r2p10Middleware14do_mgmt_threadEv
                0x00000000080083f0      0x610 build/obj/Middleware.o
                0x00000000080083f0                r2p::Middleware::do_mgmt_thread()
 .text._ZN3r2p10Middleware16do_cmd_advertiseERKNS_7MgmtMsgE
                0x0000000008008a00      0x120 build/obj/Middleware.o
                0x0000000008008a00                r2p::Middleware::do_cmd_advertise(r2p::MgmtMsg const&)
 .text._ZN3r2p10Middleware24do_cmd_subscribe_requestERKNS_7MgmtMsgE
                0x0000000008008b20      0x150 build/obj/Middleware.o
                0x0000000008008b20                r2p::Middleware::do_cmd_subscribe_request(r2p::MgmtMsg const&)
 .text._ZN3r2p10Middleware25do_cmd_subscribe_responseERKNS_7MgmtMsgE
                0x0000000008008c70       0x90 build/obj/Middleware.o
                0x0000000008008c70                r2p::Middleware::do_cmd_subscribe_response(r2p::MgmtMsg const&)
 .text._ZN3r2p7MgmtMsgC2Ev
                0x0000000008008d00       0x20 build/obj/Middleware.o
                0x0000000008008d00                r2p::MgmtMsg::MgmtMsg()
                0x0000000008008d00                r2p::MgmtMsg::MgmtMsg()
 .text._ZN3r2p10MiddlewareC2EPKcS2_PNS0_10PubSubStepEj
                0x0000000008008d20      0x120 build/obj/Middleware.o
                0x0000000008008d20                r2p::Middleware::Middleware(char const*, char const*, r2p::Middleware::PubSubStep*, unsigned int)
                0x0000000008008d20                r2p::Middleware::Middleware(char const*, char const*, r2p::Middleware::PubSubStep*, unsigned int)
 .text._ZN3r2p10Middleware12mgmt_threadfEPv
                0x0000000008008e40       0x20 build/obj/Middleware.o
                0x0000000008008e40                r2p::Middleware::mgmt_threadf(void*)
 .text._ZN3r2p4TimeC2IlEET_
                0x0000000008008e60       0x20 build/obj/Middleware.o
                0x0000000008008e60                r2p::Time::Time<long>(long)
                0x0000000008008e60                r2p::Time::Time<long>(long)
 .text._ZNK3r2p10StaticListINS_15LocalSubscriberEE15is_empty_unsafeEv
                0x0000000008008e80       0x20 build/obj/Middleware.o
                0x0000000008008e80                r2p::StaticList<r2p::LocalSubscriber>::is_empty_unsafe() const
 .text._ZN3r2p10StaticListINS_5TopicEE4linkERNS2_4LinkE
                0x0000000008008ea0       0x20 build/obj/Middleware.o
                0x0000000008008ea0                r2p::StaticList<r2p::Topic>::link(r2p::StaticList<r2p::Topic>::Link&)
 .text._ZN3r2p10StaticListINS_4NodeEE5beginEv
                0x0000000008008ec0       0x20 build/obj/Middleware.o
                0x0000000008008ec0                r2p::StaticList<r2p::Node>::begin()
 .text._ZN3r2p10StaticListINS_4NodeEE3endEv
                0x0000000008008ee0       0x20 build/obj/Middleware.o
                0x0000000008008ee0                r2p::StaticList<r2p::Node>::end()
 .text._ZNK3r2p10StaticListINS_4NodeEE8IteratorneERKS3_
                0x0000000008008f00       0x20 build/obj/Middleware.o
                0x0000000008008f00                r2p::StaticList<r2p::Node>::Iterator::operator!=(r2p::StaticList<r2p::Node>::Iterator const&) const
 .text._ZN3r2p10StaticListINS_4NodeEE8IteratorppEv
                0x0000000008008f20       0x30 build/obj/Middleware.o
                0x0000000008008f20                r2p::StaticList<r2p::Node>::Iterator::operator++()
 .text._ZNK3r2p10StaticListINS_4NodeEE8IteratorptEv
                0x0000000008008f50       0x10 build/obj/Middleware.o
                0x0000000008008f50                r2p::StaticList<r2p::Node>::Iterator::operator->() const
 .text._ZN3r2p9PublisherINS_7MgmtMsgEE5allocERPS1_
                0x0000000008008f60       0x20 build/obj/Middleware.o
                0x0000000008008f60                r2p::Publisher<r2p::MgmtMsg>::alloc(r2p::MgmtMsg*&)
 .text._ZN3r2p10StaticListINS_4NodeEE11link_unsafeERNS2_4LinkE
                0x0000000008008f80       0x50 build/obj/Middleware.o
                0x0000000008008f80                r2p::StaticList<r2p::Node>::link_unsafe(r2p::StaticList<r2p::Node>::Link&)
 .text._ZN3r2p10StaticListINS_9TransportEE4linkERNS2_4LinkE
                0x0000000008008fd0       0x20 build/obj/Middleware.o
                0x0000000008008fd0                r2p::StaticList<r2p::Transport>::link(r2p::StaticList<r2p::Transport>::Link&)
 .text._ZN3r2p10StaticListINS_9TransportEE5beginEv
                0x0000000008008ff0       0x20 build/obj/Middleware.o
                0x0000000008008ff0                r2p::StaticList<r2p::Transport>::begin()
 .text._ZN3r2p10StaticListINS_9TransportEE3endEv
                0x0000000008009010       0x20 build/obj/Middleware.o
                0x0000000008009010                r2p::StaticList<r2p::Transport>::end()
 .text._ZNK3r2p10StaticListINS_9TransportEE8IteratorneERKS3_
                0x0000000008009030       0x20 build/obj/Middleware.o
                0x0000000008009030                r2p::StaticList<r2p::Transport>::Iterator::operator!=(r2p::StaticList<r2p::Transport>::Iterator const&) const
 .text._ZN3r2p10StaticListINS_9TransportEE8IteratorppEv
                0x0000000008009050       0x30 build/obj/Middleware.o
                0x0000000008009050                r2p::StaticList<r2p::Transport>::Iterator::operator++()
 .text._ZNK3r2p10StaticListINS_4NodeEE15contains_unsafeERKS1_
                0x0000000008009080       0x30 build/obj/Middleware.o
                0x0000000008009080                r2p::StaticList<r2p::Node>::contains_unsafe(r2p::Node const&) const
 .text._ZN3r2p10StaticListINS_4NodeEE13unlink_unsafeERNS2_4LinkE
                0x00000000080090b0       0x60 build/obj/Middleware.o
                0x00000000080090b0                r2p::StaticList<r2p::Node>::unlink_unsafe(r2p::StaticList<r2p::Node>::Link&)
 .text._ZNK3r2p10StaticListINS_5TopicEE10find_firstIPFbRKS1_PKcEcEEPS1_T_PKT0_
                0x0000000008009110       0x20 build/obj/Middleware.o
                0x0000000008009110                r2p::Topic* r2p::StaticList<r2p::Topic>::find_first<bool (*)(r2p::Topic const&, char const*), char>(bool (*)(r2p::Topic const&, char const*), char const*) const
 .text._ZN3r2p4Node9advertiseINS_7MgmtMsgEEEbRNS_9PublisherIT_EEPKcRKNS_4TimeE
                0x0000000008009130       0x30 build/obj/Middleware.o
                0x0000000008009130                bool r2p::Node::advertise<r2p::MgmtMsg>(r2p::Publisher<r2p::MgmtMsg>&, char const*, r2p::Time const&)
 .text._ZN3r2p4Node9subscribeINS_7MgmtMsgEEEbRNS_16SubscriberExtBufIT_EEPKcPS4_
                0x0000000008009160       0x30 build/obj/Middleware.o
                0x0000000008009160                bool r2p::Node::subscribe<r2p::MgmtMsg>(r2p::SubscriberExtBuf<r2p::MgmtMsg>&, char const*, r2p::MgmtMsg*)
 .text._ZN3r2p7Message13reset_payloadINS_7MgmtMsgEEEvRT_
                0x0000000008009190       0x20 build/obj/Middleware.o
                0x0000000008009190                void r2p::Message::reset_payload<r2p::MgmtMsg>(r2p::MgmtMsg&)
 .text._ZN3r2p16SubscriberExtBufINS_7MgmtMsgEE5fetchERPS1_RNS_4TimeE
                0x00000000080091b0       0x20 build/obj/Middleware.o
                0x00000000080091b0                r2p::SubscriberExtBuf<r2p::MgmtMsg>::fetch(r2p::MgmtMsg*&, r2p::Time&)
 .text._ZN3r2p16SubscriberExtBufINS_7MgmtMsgEE7releaseERS1_
                0x00000000080091d0       0x20 build/obj/Middleware.o
                0x00000000080091d0                r2p::SubscriberExtBuf<r2p::MgmtMsg>::release(r2p::MgmtMsg&)
 .text._ZNK3r2p10StaticListINS_4NodeEE13ConstIterator8is_validEv
                0x00000000080091f0       0x20 build/obj/Middleware.o
                0x00000000080091f0                r2p::StaticList<r2p::Node>::ConstIterator::is_valid() const
 .text._ZNK3r2p10StaticListINS_4NodeEE7restartERNS2_13ConstIteratorE
                0x0000000008009210       0x30 build/obj/Middleware.o
                0x0000000008009210                r2p::StaticList<r2p::Node>::restart(r2p::StaticList<r2p::Node>::ConstIterator&) const
 .text._ZNK3r2p10StaticListINS_4NodeEE13ConstIteratordeEv
                0x0000000008009240       0x10 build/obj/Middleware.o
                0x0000000008009240                r2p::StaticList<r2p::Node>::ConstIterator::operator*() const
 .text._ZN3r2p10StaticListINS_4NodeEE13ConstIteratorppEv
                0x0000000008009250       0x30 build/obj/Middleware.o
                0x0000000008009250                r2p::StaticList<r2p::Node>::ConstIterator::operator++()
 .text._ZNK3r2p10StaticListINS_4NodeEE13ConstIteratorptEv
                0x0000000008009280       0x10 build/obj/Middleware.o
                0x0000000008009280                r2p::StaticList<r2p::Node>::ConstIterator::operator->() const
 .text._ZNK3r2p10StaticListINS_14LocalPublisherEE7restartERNS2_13ConstIteratorE
                0x0000000008009290       0x30 build/obj/Middleware.o
                0x0000000008009290                r2p::StaticList<r2p::LocalPublisher>::restart(r2p::StaticList<r2p::LocalPublisher>::ConstIterator&) const
 .text._ZNK3r2p10StaticListINS_15LocalSubscriberEE7restartERNS2_13ConstIteratorE
                0x00000000080092c0       0x30 build/obj/Middleware.o
                0x00000000080092c0                r2p::StaticList<r2p::LocalSubscriber>::restart(r2p::StaticList<r2p::LocalSubscriber>::ConstIterator&) const
 .text._ZNK3r2p10StaticListINS_14LocalPublisherEE13ConstIterator8is_validEv
                0x00000000080092f0       0x20 build/obj/Middleware.o
                0x00000000080092f0                r2p::StaticList<r2p::LocalPublisher>::ConstIterator::is_valid() const
 .text._ZNK3r2p10StaticListINS_14LocalPublisherEE13ConstIteratorptEv
                0x0000000008009310       0x10 build/obj/Middleware.o
                0x0000000008009310                r2p::StaticList<r2p::LocalPublisher>::ConstIterator::operator->() const
 .text._ZN3r2p10StaticListINS_14LocalPublisherEE13ConstIteratorppEv
                0x0000000008009320       0x30 build/obj/Middleware.o
                0x0000000008009320                r2p::StaticList<r2p::LocalPublisher>::ConstIterator::operator++()
 .text._ZNK3r2p10StaticListINS_15LocalSubscriberEE13ConstIterator8is_validEv
                0x0000000008009350       0x20 build/obj/Middleware.o
                0x0000000008009350                r2p::StaticList<r2p::LocalSubscriber>::ConstIterator::is_valid() const
 .text._ZNK3r2p10StaticListINS_15LocalSubscriberEE13ConstIteratorptEv
                0x0000000008009370       0x10 build/obj/Middleware.o
                0x0000000008009370                r2p::StaticList<r2p::LocalSubscriber>::ConstIterator::operator->() const
 .text._ZN3r2p10StaticListINS_15LocalSubscriberEE13ConstIteratorppEv
                0x0000000008009380       0x30 build/obj/Middleware.o
                0x0000000008009380                r2p::StaticList<r2p::LocalSubscriber>::ConstIterator::operator++()
 .text._ZNK3r2p10StaticListINS_9TransportEE5countEv
                0x00000000080093b0       0x40 build/obj/Middleware.o
                0x00000000080093b0                r2p::StaticList<r2p::Transport>::count() const
 .text._ZNK3r2p10StaticListINS_9TransportEE8IteratorptEv
                0x00000000080093f0       0x10 build/obj/Middleware.o
                0x00000000080093f0                r2p::StaticList<r2p::Transport>::Iterator::operator->() const
 .text._ZN3r2p10StaticListINS_4NodeEEC2Ev
                0x0000000008009400       0x20 build/obj/Middleware.o
                0x0000000008009400                r2p::StaticList<r2p::Node>::StaticList()
                0x0000000008009400                r2p::StaticList<r2p::Node>::StaticList()
 .text._ZN3r2p10StaticListINS_5TopicEEC2Ev
                0x0000000008009420       0x20 build/obj/Middleware.o
                0x0000000008009420                r2p::StaticList<r2p::Topic>::StaticList()
                0x0000000008009420                r2p::StaticList<r2p::Topic>::StaticList()
 .text._ZN3r2p10StaticListINS_9TransportEEC2Ev
                0x0000000008009440       0x20 build/obj/Middleware.o
                0x0000000008009440                r2p::StaticList<r2p::Transport>::StaticList()
                0x0000000008009440                r2p::StaticList<r2p::Transport>::StaticList()
 .text._ZN3r2p9PublisherINS_7MgmtMsgEEC2Ev
                0x0000000008009460       0x30 build/obj/Middleware.o
                0x0000000008009460                r2p::Publisher<r2p::MgmtMsg>::Publisher()
                0x0000000008009460                r2p::Publisher<r2p::MgmtMsg>::Publisher()
 .text._ZN3r2p9PublisherINS_7MgmtMsgEED2Ev
                0x0000000008009490       0x30 build/obj/Middleware.o
                0x0000000008009490                r2p::Publisher<r2p::MgmtMsg>::~Publisher()
                0x0000000008009490                r2p::Publisher<r2p::MgmtMsg>::~Publisher()
 .text._ZN3r2p9PublisherINS_7MgmtMsgEED0Ev
                0x00000000080094c0       0x20 build/obj/Middleware.o
                0x00000000080094c0                r2p::Publisher<r2p::MgmtMsg>::~Publisher()
 .text._ZN3r2p16SubscriberExtBufINS_7MgmtMsgEEC2EPPS1_jPFbRKS1_E
                0x00000000080094e0       0x30 build/obj/Middleware.o
                0x00000000080094e0                r2p::SubscriberExtBuf<r2p::MgmtMsg>::SubscriberExtBuf(r2p::MgmtMsg**, unsigned int, bool (*)(r2p::MgmtMsg const&))
                0x00000000080094e0                r2p::SubscriberExtBuf<r2p::MgmtMsg>::SubscriberExtBuf(r2p::MgmtMsg**, unsigned int, bool (*)(r2p::MgmtMsg const&))
 .text._ZN3r2p16SubscriberExtBufINS_7MgmtMsgEED2Ev
                0x0000000008009510       0x30 build/obj/Middleware.o
                0x0000000008009510                r2p::SubscriberExtBuf<r2p::MgmtMsg>::~SubscriberExtBuf()
                0x0000000008009510                r2p::SubscriberExtBuf<r2p::MgmtMsg>::~SubscriberExtBuf()
 .text._ZN3r2p16SubscriberExtBufINS_7MgmtMsgEED0Ev
                0x0000000008009540       0x20 build/obj/Middleware.o
                0x0000000008009540                r2p::SubscriberExtBuf<r2p::MgmtMsg>::~SubscriberExtBuf()
 .text._ZN3r2p10StaticListINS_4NodeEE13ConstIteratorC2Ev
                0x0000000008009560       0x20 build/obj/Middleware.o
                0x0000000008009560                r2p::StaticList<r2p::Node>::ConstIterator::ConstIterator()
                0x0000000008009560                r2p::StaticList<r2p::Node>::ConstIterator::ConstIterator()
 .text._ZN3r2p10StaticListINS_14LocalPublisherEE13ConstIteratorC2Ev
                0x0000000008009580       0x20 build/obj/Middleware.o
                0x0000000008009580                r2p::StaticList<r2p::LocalPublisher>::ConstIterator::ConstIterator()
                0x0000000008009580                r2p::StaticList<r2p::LocalPublisher>::ConstIterator::ConstIterator()
 .text._ZN3r2p10StaticListINS_15LocalSubscriberEE13ConstIteratorC2Ev
                0x00000000080095a0       0x20 build/obj/Middleware.o
                0x00000000080095a0                r2p::StaticList<r2p::LocalSubscriber>::ConstIterator::ConstIterator()
                0x00000000080095a0                r2p::StaticList<r2p::LocalSubscriber>::ConstIterator::ConstIterator()
 .text._ZN3r2p10StaticListINS_5TopicEE16link_tail_unsafeERNS2_4LinkE
                0x00000000080095c0       0x70 build/obj/Middleware.o
                0x00000000080095c0                r2p::StaticList<r2p::Topic>::link_tail_unsafe(r2p::StaticList<r2p::Topic>::Link&)
 .text._ZNK3r2p10StaticListINS_4NodeEE8get_headEv
                0x0000000008009630       0x20 build/obj/Middleware.o
                0x0000000008009630                r2p::StaticList<r2p::Node>::get_head() const
 .text._ZN3r2p10StaticListINS_4NodeEE8IteratorC2EPKNS2_4LinkE
                0x0000000008009650       0x20 build/obj/Middleware.o
                0x0000000008009650                r2p::StaticList<r2p::Node>::Iterator::Iterator(r2p::StaticList<r2p::Node>::Link const*)
                0x0000000008009650                r2p::StaticList<r2p::Node>::Iterator::Iterator(r2p::StaticList<r2p::Node>::Link const*)
 .text._ZN3r2p10StaticListINS_9TransportEE16link_tail_unsafeERNS2_4LinkE
                0x0000000008009670       0x70 build/obj/Middleware.o
                0x0000000008009670                r2p::StaticList<r2p::Transport>::link_tail_unsafe(r2p::StaticList<r2p::Transport>::Link&)
 .text._ZNK3r2p10StaticListINS_9TransportEE8get_headEv
                0x00000000080096e0       0x20 build/obj/Middleware.o
                0x00000000080096e0                r2p::StaticList<r2p::Transport>::get_head() const
 .text._ZN3r2p10StaticListINS_9TransportEE8IteratorC2EPKNS2_4LinkE
                0x0000000008009700       0x20 build/obj/Middleware.o
                0x0000000008009700                r2p::StaticList<r2p::Transport>::Iterator::Iterator(r2p::StaticList<r2p::Transport>::Link const*)
                0x0000000008009700                r2p::StaticList<r2p::Transport>::Iterator::Iterator(r2p::StaticList<r2p::Transport>::Link const*)
 .text._ZNK3r2p10StaticListINS_5TopicEE10find_firstEPFbRKS1_PKvES6_
                0x0000000008009720       0x60 build/obj/Middleware.o
                0x0000000008009720                r2p::StaticList<r2p::Topic>::find_first(bool (*)(r2p::Topic const&, void const*), void const*) const
 .text._ZN3r2p7Message16get_payload_sizeINS_7MgmtMsgEEEjv
                0x0000000008009780       0x10 build/obj/Middleware.o
                0x0000000008009780                unsigned int r2p::Message::get_payload_size<r2p::MgmtMsg>()
 .text._ZNK3r2p10StaticListINS_4NodeEE5beginEv
                0x0000000008009790       0x20 build/obj/Middleware.o
                0x0000000008009790                r2p::StaticList<r2p::Node>::begin() const
 .text._ZN3r2p10StaticListINS_4NodeEE13ConstIteratoraSERKS3_
                0x00000000080097b0       0x20 build/obj/Middleware.o
                0x00000000080097b0                r2p::StaticList<r2p::Node>::ConstIterator::operator=(r2p::StaticList<r2p::Node>::ConstIterator const&)
 .text._ZNK3r2p10StaticListINS_14LocalPublisherEE5beginEv
                0x00000000080097d0       0x20 build/obj/Middleware.o
                0x00000000080097d0                r2p::StaticList<r2p::LocalPublisher>::begin() const
 .text._ZN3r2p10StaticListINS_14LocalPublisherEE13ConstIteratoraSERKS3_
                0x00000000080097f0       0x20 build/obj/Middleware.o
                0x00000000080097f0                r2p::StaticList<r2p::LocalPublisher>::ConstIterator::operator=(r2p::StaticList<r2p::LocalPublisher>::ConstIterator const&)
 .text._ZNK3r2p10StaticListINS_15LocalSubscriberEE5beginEv
                0x0000000008009810       0x20 build/obj/Middleware.o
                0x0000000008009810                r2p::StaticList<r2p::LocalSubscriber>::begin() const
 .text._ZN3r2p10StaticListINS_15LocalSubscriberEE13ConstIteratoraSERKS3_
                0x0000000008009830       0x20 build/obj/Middleware.o
                0x0000000008009830                r2p::StaticList<r2p::LocalSubscriber>::ConstIterator::operator=(r2p::StaticList<r2p::LocalSubscriber>::ConstIterator const&)
 .text._ZN3r2p10StaticListINS_5TopicEE13unlink_unsafeERNS2_4LinkE
                0x0000000008009850       0x60 build/obj/Middleware.o
                0x0000000008009850                r2p::StaticList<r2p::Topic>::unlink_unsafe(r2p::StaticList<r2p::Topic>::Link&)
 .text._ZNK3r2p10StaticListINS_5TopicEE15is_empty_unsafeEv
                0x00000000080098b0       0x20 build/obj/Middleware.o
                0x00000000080098b0                r2p::StaticList<r2p::Topic>::is_empty_unsafe() const
 .text._ZNK3r2p10StaticListINS_4NodeEE15get_head_unsafeEv
                0x00000000080098d0       0x10 build/obj/Middleware.o
                0x00000000080098d0                r2p::StaticList<r2p::Node>::get_head_unsafe() const
 .text._ZN3r2p10StaticListINS_9TransportEE13unlink_unsafeERNS2_4LinkE
                0x00000000080098e0       0x60 build/obj/Middleware.o
                0x00000000080098e0                r2p::StaticList<r2p::Transport>::unlink_unsafe(r2p::StaticList<r2p::Transport>::Link&)
 .text._ZNK3r2p10StaticListINS_9TransportEE15is_empty_unsafeEv
                0x0000000008009940       0x20 build/obj/Middleware.o
                0x0000000008009940                r2p::StaticList<r2p::Transport>::is_empty_unsafe() const
 .text._ZNK3r2p10StaticListINS_9TransportEE15get_head_unsafeEv
                0x0000000008009960       0x10 build/obj/Middleware.o
                0x0000000008009960                r2p::StaticList<r2p::Transport>::get_head_unsafe() const
 .text._ZN3r2p10StaticListINS_4NodeEE13ConstIteratorC2EPKNS2_9ConstLinkE
                0x0000000008009970       0x20 build/obj/Middleware.o
                0x0000000008009970                r2p::StaticList<r2p::Node>::ConstIterator::ConstIterator(r2p::StaticList<r2p::Node>::ConstLink const*)
                0x0000000008009970                r2p::StaticList<r2p::Node>::ConstIterator::ConstIterator(r2p::StaticList<r2p::Node>::ConstLink const*)
 .text._ZNK3r2p10StaticListINS_14LocalPublisherEE15get_head_unsafeEv
                0x0000000008009990       0x10 build/obj/Middleware.o
                0x0000000008009990                r2p::StaticList<r2p::LocalPublisher>::get_head_unsafe() const
 .text._ZN3r2p10StaticListINS_14LocalPublisherEE13ConstIteratorC2EPKNS2_9ConstLinkE
                0x00000000080099a0       0x20 build/obj/Middleware.o
                0x00000000080099a0                r2p::StaticList<r2p::LocalPublisher>::ConstIterator::ConstIterator(r2p::StaticList<r2p::LocalPublisher>::ConstLink const*)
                0x00000000080099a0                r2p::StaticList<r2p::LocalPublisher>::ConstIterator::ConstIterator(r2p::StaticList<r2p::LocalPublisher>::ConstLink const*)
 .text._ZNK3r2p10StaticListINS_15LocalSubscriberEE15get_head_unsafeEv
                0x00000000080099c0       0x10 build/obj/Middleware.o
                0x00000000080099c0                r2p::StaticList<r2p::LocalSubscriber>::get_head_unsafe() const
 .text._ZN3r2p10StaticListINS_15LocalSubscriberEE13ConstIteratorC2EPKNS2_9ConstLinkE
                0x00000000080099d0       0x20 build/obj/Middleware.o
                0x00000000080099d0                r2p::StaticList<r2p::LocalSubscriber>::ConstIterator::ConstIterator(r2p::StaticList<r2p::LocalSubscriber>::ConstLink const*)
                0x00000000080099d0                r2p::StaticList<r2p::LocalSubscriber>::ConstIterator::ConstIterator(r2p::StaticList<r2p::LocalSubscriber>::ConstLink const*)
 .text._ZNK3r2p4Time9to_us_rawEv
                0x00000000080099f0       0x10 build/obj/Node.o
                0x00000000080099f0                r2p::Time::to_us_raw() const
 .text._ZNK3r2p4Time9to_ms_rawEv
                0x0000000008009a00       0x20 build/obj/Node.o
                0x0000000008009a00                r2p::Time::to_ms_raw() const
 .text._ZN3r2peqERKNS_4TimeES2_
                0x0000000008009a20       0x20 build/obj/Node.o
                0x0000000008009a20                r2p::operator==(r2p::Time const&, r2p::Time const&)
 .text._ZN3r2p10SpinEvent_4waitERKNS_4TimeE
                0x0000000008009a40       0xb0 build/obj/Node.o
                0x0000000008009a40                r2p::SpinEvent_::wait(r2p::Time const&)
 .text._ZN3r2p10SpinEvent_C2EPNS_6ThreadE
                0x0000000008009af0       0x20 build/obj/Node.o
                0x0000000008009af0                r2p::SpinEvent_::SpinEvent_(r2p::Thread*)
                0x0000000008009af0                r2p::SpinEvent_::SpinEvent_(r2p::Thread*)
 .text._ZN3r2p9SpinEvent4waitERKNS_4TimeE
                0x0000000008009b10       0x20 build/obj/Node.o
                0x0000000008009b10                r2p::SpinEvent::wait(r2p::Time const&)