Archive member included to satisfy reference by file (symbol)

/usr/lib/gcc/arm-none-eabi/4.8/../../../arm-none-eabi/lib/armv7e-m/fpu/libg.a(lib_a-aeabi_atexit.o)
                              build/obj/main.o (__aeabi_atexit)
/usr/lib/gcc/arm-none-eabi/4.8/../../../arm-none-eabi/lib/armv7e-m/fpu/libg.a(lib_a-cxa_atexit.o)
                              /usr/lib/gcc/arm-none-eabi/4.8/../../../arm-none-eabi/lib/armv7e-m/fpu/libg.a(lib_a-aeabi_atexit.o) (__cxa_atexit)
/usr/lib/gcc/arm-none-eabi/4.8/../../../arm-none-eabi/lib/armv7e-m/fpu/libg.a(lib_a-memcpy.o)
                              build/obj/Message.o (memcpy)
/usr/lib/gcc/arm-none-eabi/4.8/../../../arm-none-eabi/lib/armv7e-m/fpu/libg.a(lib_a-memset.o)
                              build/obj/syscalls.o (memset)
/usr/lib/gcc/arm-none-eabi/4.8/../../../arm-none-eabi/lib/armv7e-m/fpu/libg.a(lib_a-strncmp.o)
                              build/obj/BaseSubscriber.o (strncmp)
/usr/lib/gcc/arm-none-eabi/4.8/../../../arm-none-eabi/lib/armv7e-m/fpu/libg.a(lib_a-strncpy.o)
                              build/obj/Middleware.o (strncpy)
/usr/lib/gcc/arm-none-eabi/4.8/../../../arm-none-eabi/lib/armv7e-m/fpu/libg.a(lib_a-__atexit.o)
                              /usr/lib/gcc/arm-none-eabi/4.8/../../../arm-none-eabi/lib/armv7e-m/fpu/libg.a(lib_a-cxa_atexit.o) (__register_exitproc)
/usr/lib/gcc/arm-none-eabi/4.8/../../../arm-none-eabi/lib/armv7e-m/fpu/libg.a(lib_a-impure.o)
                              /usr/lib/gcc/arm-none-eabi/4.8/../../../arm-none-eabi/lib/armv7e-m/fpu/libg.a(lib_a-__atexit.o) (_global_impure_ptr)

Discarded input sections

 .text          0x0000000000000000        0x0 build/obj/crt0.o
 .data          0x0000000000000000        0x0 build/obj/crt0.o
 .bss           0x0000000000000000        0x0 build/obj/crt0.o
 .text.__early_init
                0x0000000000000000       0x10 build/obj/crt0.o
 .text          0x0000000000000000        0x0 build/obj/vectors.o
 .data          0x0000000000000000        0x0 build/obj/vectors.o
 .bss           0x0000000000000000        0x0 build/obj/vectors.o
 .text          0x0000000000000000        0x0 build/obj/chcore.o
 .data          0x0000000000000000        0x0 build/obj/chcore.o
 .bss           0x0000000000000000        0x0 build/obj/chcore.o
 .text          0x0000000000000000        0x0 build/obj/chcore_v7m.o
 .data          0x0000000000000000        0x0 build/obj/chcore_v7m.o
 .bss           0x0000000000000000        0x0 build/obj/chcore_v7m.o
 .text          0x0000000000000000        0x0 build/obj/nvic.o
 .data          0x0000000000000000        0x0 build/obj/nvic.o
 .bss           0x0000000000000000        0x0 build/obj/nvic.o
 .text.nvicDisableVector
                0x0000000000000000       0x60 build/obj/nvic.o
 .text          0x0000000000000000        0x0 build/obj/chsys.o
 .data          0x0000000000000000        0x0 build/obj/chsys.o
 .bss           0x0000000000000000        0x0 build/obj/chsys.o
 .text          0x0000000000000000        0x0 build/obj/chdebug.o
 .data          0x0000000000000000        0x0 build/obj/chdebug.o
 .bss           0x0000000000000000        0x0 build/obj/chdebug.o
 .text.dbg_check_suspend
                0x0000000000000000       0x30 build/obj/chdebug.o
 .text          0x0000000000000000        0x0 build/obj/chlists.o
 .data          0x0000000000000000        0x0 build/obj/chlists.o
 .bss           0x0000000000000000        0x0 build/obj/chlists.o
 .debug_info    0x0000000000000000       0x75 build/obj/chlists.o
 .debug_abbrev  0x0000000000000000       0x24 build/obj/chlists.o
 .debug_aranges
                0x0000000000000000       0x18 build/obj/chlists.o
 .debug_line    0x0000000000000000       0x1d build/obj/chlists.o
 .debug_str     0x0000000000000000      0x1bf build/obj/chlists.o
 .comment       0x0000000000000000       0x2e build/obj/chlists.o
 .ARM.attributes
                0x0000000000000000       0x39 build/obj/chlists.o
 .text          0x0000000000000000        0x0 build/obj/chvt.o
 .data          0x0000000000000000        0x0 build/obj/chvt.o
 .bss           0x0000000000000000        0x0 build/obj/chvt.o
 .text          0x0000000000000000        0x0 build/obj/chschd.o
 .data          0x0000000000000000        0x0 build/obj/chschd.o
 .bss           0x0000000000000000        0x0 build/obj/chschd.o
 .text.chSchRescheduleS
                0x0000000000000000       0x20 build/obj/chschd.o
 .text          0x0000000000000000        0x0 build/obj/chthreads.o
 .data          0x0000000000000000        0x0 build/obj/chthreads.o
 .bss           0x0000000000000000        0x0 build/obj/chthreads.o
 .text.list_insert
                0x0000000000000000       0x20 build/obj/chthreads.o
 .text.chThdSetPriority
                0x0000000000000000       0x70 build/obj/chthreads.o
 .text.chThdResume
                0x0000000000000000       0x40 build/obj/chthreads.o
 .text.chThdTerminate
                0x0000000000000000       0x40 build/obj/chthreads.o
 .text.chThdWait
[...]
Memory Configuration

Name             Origin             Length             Attributes
flash            0x0000000008000000 0x0000000000040000
ram              0x0000000020000000 0x000000000000a000
ccmram           0x0000000010000000 0x0000000000002000
*default*        0x0000000000000000 0xffffffffffffffff

Linker script and memory map

LOAD build/obj/crt0.o
LOAD build/obj/vectors.o
LOAD build/obj/chcore.o
LOAD build/obj/chcore_v7m.o
LOAD build/obj/nvic.o
LOAD build/obj/chsys.o
LOAD build/obj/chdebug.o
LOAD build/obj/chlists.o
LOAD build/obj/chvt.o
LOAD build/obj/chschd.o
LOAD build/obj/chthreads.o
LOAD build/obj/chdynamic.o
LOAD build/obj/chregistry.o
LOAD build/obj/chsem.o
LOAD build/obj/chmtx.o
LOAD build/obj/chcond.o
LOAD build/obj/chevents.o
LOAD build/obj/chmsg.o
LOAD build/obj/chmboxes.o
LOAD build/obj/chqueues.o
LOAD build/obj/chmemcore.o
LOAD build/obj/chheap.o
LOAD build/obj/chmempools.o
LOAD build/obj/hal.o
LOAD build/obj/adc.o
LOAD build/obj/can.o
LOAD build/obj/ext.o
LOAD build/obj/gpt.o
LOAD build/obj/i2c.o
LOAD build/obj/icu.o
LOAD build/obj/mac.o
LOAD build/obj/mmc_spi.o
LOAD build/obj/mmcsd.o
LOAD build/obj/pal.o
LOAD build/obj/pwm.o
LOAD build/obj/rtc.o
LOAD build/obj/sdc.o
LOAD build/obj/serial.o
LOAD build/obj/serial_usb.o
LOAD build/obj/spi.o
LOAD build/obj/tm.o
LOAD build/obj/uart.o
LOAD build/obj/usb.o
LOAD build/obj/stm32_dma.o
LOAD build/obj/hal_lld.o
LOAD build/obj/adc_lld.o
LOAD build/obj/ext_lld_isr.o
LOAD build/obj/can_lld.o
LOAD build/obj/ext_lld.o
LOAD build/obj/pal_lld.o
LOAD build/obj/i2c_lld.o
LOAD build/obj/rtc_lld.o
LOAD build/obj/spi_lld.o
LOAD build/obj/gpt_lld.o
LOAD build/obj/icu_lld.o
LOAD build/obj/pwm_lld.o
LOAD build/obj/serial_lld.o
LOAD build/obj/uart_lld.o
LOAD build/obj/usb_lld.o
LOAD build/obj/evtimer.o
LOAD build/obj/syscalls.o
LOAD build/obj/rtcan.o
LOAD build/obj/msgqueue.o
LOAD build/obj/hrt.o
LOAD build/obj/srt.o
LOAD build/obj/rtcan_lld_can.o
LOAD build/obj/rtcan_lld_tim.o
LOAD build/obj/board.o
LOAD build/obj/stubs.o
LOAD build/obj/qei.o
LOAD build/obj/qei_lld.o
LOAD build/obj/ArrayQueue_.o
LOAD build/obj/SimplePool_.o
LOAD build/obj/StaticList_.o
LOAD build/obj/StaticQueue_.o
LOAD build/obj/BasePublisher.o
LOAD build/obj/BaseSubscriber.o
LOAD build/obj/BaseSubscriberQueue.o
LOAD build/obj/BootMsg.o
LOAD build/obj/Checksummer.o
LOAD build/obj/LocalPublisher.o
LOAD build/obj/LocalSubscriber.o
LOAD build/obj/MessagePtrQueue.o
LOAD build/obj/Message.o
LOAD build/obj/Middleware.o
LOAD build/obj/Node.o
LOAD build/obj/RemotePublisher.o
LOAD build/obj/RemoteSubscriber.o
LOAD build/obj/Time.o
LOAD build/obj/TimestampedMsgPtrQueue.o
LOAD build/obj/Topic.o
LOAD build/obj/Transport.o
LOAD build/obj/Utils.o
LOAD build/obj/RTCANTransport.o
LOAD build/obj/RTCANPublisher.o
LOAD build/obj/RTCANSubscriber.o
LOAD build/obj/Middleware_.o
LOAD build/obj/Time_.o
LOAD build/obj/chnew.o
LOAD build/obj/led.o
LOAD build/obj/pwm_node.o
LOAD build/obj/encoder_node.o
LOAD build/obj/main.o
                0x0000000000000400                __main_stack_size__ = 0x400
                0x0000000000000400                __process_stack_size__ = 0x400
                0x0000000020000000                __ram_start__ = ORIGIN (ram)
                0x000000000000a000                __ram_size__ = 0xa000
                0x000000002000a000                __ram_end__ = (__ram_start__ + __ram_size__)
                0x0000000000000000                . = 0x0
                0x0000000000000000                _text = .

startup         0x0000000008000000      0x188
 *(vectors)
 vectors        0x0000000008000000      0x188 build/obj/vectors.o
                0x0000000008000000                _vectors

constructors    0x0000000008000188        0x8
                0x0000000008000188                PROVIDE (__init_array_start, .)
 *(SORT(.init_array.*))
 *(.init_array)
 .init_array    0x0000000008000188        0x4 build/obj/Time.o
 .init_array    0x000000000800018c        0x4 build/obj/main.o
                0x0000000008000190                PROVIDE (__init_array_end, .)

destructors     0x0000000008000190        0x0
                0x0000000008000190                PROVIDE (__fini_array_start, .)
 *(.fini_array)
 *(SORT(.fini_array.*))
                0x0000000008000190                PROVIDE (__fini_array_end, .)

.text           0x0000000008000190     0xab44
 *(.text.startup.*)
 *(.text)
 .text          0x0000000008000190      0x134 /usr/lib/gcc/arm-none-eabi/4.8/../../../arm-none-eabi/lib/armv7e-m/fpu/libg.a(lib_a-memcpy.o)
                0x0000000008000190                memcpy
 *(.text.*)
 *fill*         0x00000000080002c4        0xc 
 .text.__late_init
                0x00000000080002d0       0x10 build/obj/crt0.o
                0x00000000080002d0                __late_init
 .text._default_exit
                0x00000000080002e0       0x10 build/obj/crt0.o
                0x00000000080002e0                _default_exit
 .text.ResetHandler
                0x00000000080002f0      0x100 build/obj/crt0.o
                0x00000000080002f0                ResetHandler
 .text._unhandled_exception
                0x00000000080003f0       0x10 build/obj/vectors.o
                0x00000000080003f0                NMIVector
                0x00000000080003f0                Vector11C
                0x00000000080003f0                VectorDC
                0x00000000080003f0                Vector168
                0x00000000080003f0                Vector110
                0x00000000080003f0                VectorC8
                0x00000000080003f0                VectorA8
                0x00000000080003f0                VectorB4
                0x00000000080003f0                Vector160
                0x00000000080003f0                VectorEC
                0x00000000080003f0                UsageFaultVector
                0x00000000080003f0                DebugMonitorVector
                0x00000000080003f0                Vector40
                0x00000000080003f0                VectorF8
                0x00000000080003f0                Vector108
                0x00000000080003f0                VectorBC
                0x00000000080003f0                Vector150
                0x00000000080003f0                Vector148
                0x00000000080003f0                PendSVVector
                0x00000000080003f0                Vector118
                0x00000000080003f0                VectorCC
                0x00000000080003f0                Vector54
                0x00000000080003f0                VectorD8
                0x00000000080003f0                Vector138
                0x00000000080003f0                Vector24
                0x00000000080003f0                Vector178
                0x00000000080003f0                BusFaultVector
                0x00000000080003f0                VectorD0
                0x00000000080003f0                VectorC0
                0x00000000080003f0                Vector158
                0x00000000080003f0                HardFaultVector
                0x00000000080003f0                Vector134
                0x00000000080003f0                VectorF0
                0x00000000080003f0                Vector13C
                0x00000000080003f0                Vector100
                0x00000000080003f0                VectorF4
                0x00000000080003f0                MemManageVector
                0x00000000080003f0                VectorA0
                0x00000000080003f0                VectorC4
                0x00000000080003f0                Vector180
                0x00000000080003f0                VectorB0
                0x00000000080003f0                Vector114
                0x00000000080003f0                Vector164
                0x00000000080003f0                Vector1C
                0x00000000080003f0                Vector17C
                0x00000000080003f0                Vector16C
                0x00000000080003f0                VectorD4
                0x00000000080003f0                Vector15C
                0x00000000080003f0                _unhandled_exception
                0x00000000080003f0                Vector170
                0x00000000080003f0                Vector104
                0x00000000080003f0                Vector184
                0x00000000080003f0                Vector10C
                0x00000000080003f0                Vector14C
                0x00000000080003f0                Vector50
                0x00000000080003f0                Vector154
                0x00000000080003f0                Vector28
                0x00000000080003f0                VectorB8
                0x00000000080003f0                VectorFC
                0x00000000080003f0                Vector34
                0x00000000080003f0                Vector20
                0x00000000080003f0                Vector174
 .text.port_halt
                0x0000000008000400       0x10 build/obj/chcore.o
                0x0000000008000400                port_halt
 .text.SysTickVector
                0x0000000008000410       0x30 build/obj/chcore_v7m.o
                0x0000000008000410                SysTickVector
 .text.SVCallVector
                0x0000000008000440       0x30 build/obj/chcore_v7m.o
                0x0000000008000440                SVCallVector
 .text._port_init
                0x0000000008000470       0x30 build/obj/chcore_v7m.o
                0x0000000008000470                _port_init
 .text._port_irq_epilogue
                0x00000000080004a0       0xa0 build/obj/chcore_v7m.o
                0x00000000080004a0                _port_irq_epilogue
 .text._port_switch_from_isr
                0x0000000008000540       0x10 build/obj/chcore_v7m.o
                0x0000000008000540                _port_switch_from_isr
 .text._port_switch
                0x0000000008000550       0x20 build/obj/chcore_v7m.o
                0x0000000008000550                _port_switch
 .text._port_thread_start
                0x0000000008000570       0x20 build/obj/chcore_v7m.o
                0x0000000008000570                _port_thread_start
 .text.nvicEnableVector
                0x0000000008000590       0x80 build/obj/nvic.o
                0x0000000008000590                nvicEnableVector
 .text.nvicSetSystemHandlerPriority
                0x0000000008000610       0x50 build/obj/nvic.o
                0x0000000008000610                nvicSetSystemHandlerPriority
 .text._idle_thread
                0x0000000008000660       0x20 build/obj/chsys.o
                0x0000000008000660                _idle_thread
 .text.chSysInit
                0x0000000008000680       0x80 build/obj/chsys.o
                0x0000000008000680                chSysInit
 .text.chSysTimerHandlerI
                0x0000000008000700       0xb0 build/obj/chsys.o
                0x0000000008000700                chSysTimerHandlerI
 .text.dbg_check_disable
                0x00000000080007b0       0x30 build/obj/chdebug.o
                0x00000000080007b0                dbg_check_disable
 .text.dbg_check_enable
                0x00000000080007e0       0x30 build/obj/chdebug.o
                0x00000000080007e0                dbg_check_enable
 .text.dbg_check_lock
                0x0000000008000810       0x30 build/obj/chdebug.o
                0x0000000008000810                dbg_check_lock
 .text.dbg_check_unlock
                0x0000000008000840       0x30 build/obj/chdebug.o
                0x0000000008000840                dbg_check_unlock
 .text.dbg_check_lock_from_isr
                0x0000000008000870       0x30 build/obj/chdebug.o
                0x0000000008000870                dbg_check_lock_from_isr
 .text.dbg_check_unlock_from_isr
                0x00000000080008a0       0x30 build/obj/chdebug.o
                0x00000000080008a0                dbg_check_unlock_from_isr
 .text.dbg_check_enter_isr
                0x00000000080008d0       0x40 build/obj/chdebug.o
                0x00000000080008d0                dbg_check_enter_isr
 .text.dbg_check_leave_isr
                0x0000000008000910       0x40 build/obj/chdebug.o
                0x0000000008000910                dbg_check_leave_isr
 .text.chDbgCheckClassI
                0x0000000008000950       0x30 build/obj/chdebug.o
                0x0000000008000950                chDbgCheckClassI
 .text.chDbgCheckClassS
                0x0000000008000980       0x30 build/obj/chdebug.o
                0x0000000008000980                chDbgCheckClassS
 .text._trace_init
                0x00000000080009b0       0x20 build/obj/chdebug.o
                0x00000000080009b0                _trace_init
 .text.dbg_trace
                0x00000000080009d0       0x70 build/obj/chdebug.o
                0x00000000080009d0                dbg_trace
 .text.chDbgPanic
                0x0000000008000a40       0x20 build/obj/chdebug.o
                0x0000000008000a40                chDbgPanic
 .text._vt_init
                0x0000000008000a60       0x30 build/obj/chvt.o
                0x0000000008000a60                _vt_init
 .text.chVTSetI
                0x0000000008000a90       0xa0 build/obj/chvt.o
                0x0000000008000a90                chVTSetI
 .text.chVTResetI
                0x0000000008000b30       0x70 build/obj/chvt.o
                0x0000000008000b30                chVTResetI
 .text.fifo_remove
                0x0000000008000ba0       0x30 build/obj/chschd.o
 .text.dequeue  0x0000000008000bd0       0x20 build/obj/chschd.o
 .text._scheduler_init
                0x0000000008000bf0       0x30 build/obj/chschd.o
                0x0000000008000bf0                _scheduler_init
 .text.chSchReadyI
                0x0000000008000c20       0x80 build/obj/chschd.o
                0x0000000008000c20                chSchReadyI
 .text.chSchGoSleepS
                0x0000000008000ca0       0x70 build/obj/chschd.o
                0x0000000008000ca0                chSchGoSleepS
 .text.wakeup   0x0000000008000d10       0xa0 build/obj/chschd.o
 .text.chSchGoSleepTimeoutS
                0x0000000008000db0       0x70 build/obj/chschd.o
                0x0000000008000db0                chSchGoSleepTimeoutS
 .text.chSchWakeupS
                0x0000000008000e20       0x80 build/obj/chschd.o
                0x0000000008000e20                chSchWakeupS
 .text.chSchDoRescheduleBehind
                0x0000000008000ea0       0x70 build/obj/chschd.o
                0x0000000008000ea0                chSchDoRescheduleBehind
 .text.chSchDoRescheduleAhead
                0x0000000008000f10       0x90 build/obj/chschd.o
                0x0000000008000f10                chSchDoRescheduleAhead
 .text.chSchDoReschedule
                0x0000000008000fa0       0x20 build/obj/chschd.o
                0x0000000008000fa0                chSchDoReschedule
 .text.list_remove
                0x0000000008000fc0       0x20 build/obj/chthreads.o
 .text._thread_init
                0x0000000008000fe0       0xa0 build/obj/chthreads.o
                0x0000000008000fe0                _thread_init
 .text._thread_memfill
                0x0000000008001080       0x30 build/obj/chthreads.o
                0x0000000008001080                _thread_memfill
 .text.chThdCreateI
                0x00000000080010b0       0x80 build/obj/chthreads.o
                0x00000000080010b0                chThdCreateI
 .text.chThdCreateStatic
                0x0000000008001130       0x70 build/obj/chthreads.o
                0x0000000008001130                chThdCreateStatic
 .text.chThdSleep
                0x00000000080011a0       0x40 build/obj/chthreads.o
                0x00000000080011a0                chThdSleep
 .text.chThdSleepUntil
                0x00000000080011e0       0x40 build/obj/chthreads.o
                0x00000000080011e0                chThdSleepUntil
 .text.chThdYield
                0x0000000008001220       0x30 build/obj/chthreads.o
                0x0000000008001220                chThdYield
 .text.chThdExit
                0x0000000008001250       0x20 build/obj/chthreads.o
                0x0000000008001250                chThdExit
 .text.chThdExitS
                0x0000000008001270       0x70 build/obj/chthreads.o
                0x0000000008001270                chThdExitS
 .text.chThdCreateFromHeap
                0x00000000080012e0       0x90 build/obj/chdynamic.o
                0x00000000080012e0                chThdCreateFromHeap
 .text.prio_insert
                0x0000000008001370       0x50 build/obj/chmtx.o
 .text.fifo_remove
                0x00000000080013c0       0x30 build/obj/chmtx.o
 .text.dequeue  0x00000000080013f0       0x20 build/obj/chmtx.o
 .text.chMtxInit
                0x0000000008001410       0x30 build/obj/chmtx.o
                0x0000000008001410                chMtxInit
 .text.chMtxLock
                0x0000000008001440       0x30 build/obj/chmtx.o
                0x0000000008001440                chMtxLock
 .text.chMtxLockS
                0x0000000008001470      0x110 build/obj/chmtx.o
                0x0000000008001470                chMtxLockS
 .text.chMtxUnlock
                0x0000000008001580       0xe0 build/obj/chmtx.o
                0x0000000008001580                chMtxUnlock
 .text.chMtxUnlockS
                0x0000000008001660       0xd0 build/obj/chmtx.o
                0x0000000008001660                chMtxUnlockS
 .text.chEvtSignalI
                0x0000000008001730       0x70 build/obj/chevents.o
                0x0000000008001730                chEvtSignalI
 .text.chEvtWaitAnyTimeout
                0x00000000080017a0       0x90 build/obj/chevents.o
                0x00000000080017a0                chEvtWaitAnyTimeout
 .text._core_init
                0x0000000008001830       0x30 build/obj/chmemcore.o
                0x0000000008001830                _core_init
 .text.chCoreAlloc
                0x0000000008001860       0x30 build/obj/chmemcore.o
                0x0000000008001860                chCoreAlloc
 .text.chCoreAllocI
                0x0000000008001890       0x50 build/obj/chmemcore.o
                0x0000000008001890                chCoreAllocI
 .text._heap_init
                0x00000000080018e0       0x30 build/obj/chheap.o
                0x00000000080018e0                _heap_init
 .text.chHeapAlloc
                0x0000000008001910       0xf0 build/obj/chheap.o
                0x0000000008001910                chHeapAlloc
 .text.chHeapFree
                0x0000000008001a00      0x100 build/obj/chheap.o
                0x0000000008001a00                chHeapFree
 .text.chPoolInit
                0x0000000008001b00       0x40 build/obj/chmempools.o
                0x0000000008001b00                chPoolInit
 .text.chPoolLoadArray
                0x0000000008001b40       0x50 build/obj/chmempools.o
                0x0000000008001b40                chPoolLoadArray
 .text.chPoolAllocI
                0x0000000008001b90       0x60 build/obj/chmempools.o
                0x0000000008001b90                chPoolAllocI
 .text.chPoolFreeI
                0x0000000008001bf0       0x40 build/obj/chmempools.o
                0x0000000008001bf0                chPoolFreeI
 .text.chPoolFree
                0x0000000008001c30       0x30 build/obj/chmempools.o
                0x0000000008001c30                chPoolFree
 .text.halInit  0x0000000008001c60       0x30 build/obj/hal.o
                0x0000000008001c60                halInit
 .text.adcInit  0x0000000008001c90       0x10 build/obj/adc.o
                0x0000000008001c90                adcInit
 .text.adcObjectInit
                0x0000000008001ca0       0x40 build/obj/adc.o
                0x0000000008001ca0                adcObjectInit
 .text.extInit  0x0000000008001ce0       0x10 build/obj/ext.o
                0x0000000008001ce0                extInit
 .text.extObjectInit
                0x0000000008001cf0       0x20 build/obj/ext.o
                0x0000000008001cf0                extObjectInit
 .text.pwmInit  0x0000000008001d10       0x10 build/obj/pwm.o
                0x0000000008001d10                pwmInit
 .text.pwmObjectInit
                0x0000000008001d20       0x20 build/obj/pwm.o
                0x0000000008001d20                pwmObjectInit
 .text.pwmStart
                0x0000000008001d40       0x70 build/obj/pwm.o
                0x0000000008001d40                pwmStart
 .text.Vector6C
                0x0000000008001db0       0x50 build/obj/stm32_dma.o
                0x0000000008001db0                Vector6C
 .text.Vector70
                0x0000000008001e00       0x50 build/obj/stm32_dma.o
                0x0000000008001e00                Vector70
 .text.Vector74
                0x0000000008001e50       0x50 build/obj/stm32_dma.o
                0x0000000008001e50                Vector74
 .text.Vector78
                0x0000000008001ea0       0x50 build/obj/stm32_dma.o
                0x0000000008001ea0                Vector78
 .text.Vector7C
                0x0000000008001ef0       0x50 build/obj/stm32_dma.o
                0x0000000008001ef0                Vector7C
 .text.Vector80
                0x0000000008001f40       0x50 build/obj/stm32_dma.o
                0x0000000008001f40                Vector80
 .text.Vector84
                0x0000000008001f90       0x50 build/obj/stm32_dma.o
                0x0000000008001f90                Vector84
 .text.Vector120
                0x0000000008001fe0       0x50 build/obj/stm32_dma.o
                0x0000000008001fe0                Vector120
 .text.Vector124
                0x0000000008002030       0x50 build/obj/stm32_dma.o
                0x0000000008002030                Vector124
 .text.Vector128
                0x0000000008002080       0x50 build/obj/stm32_dma.o
                0x0000000008002080                Vector128
 .text.Vector12C
                0x00000000080020d0       0x50 build/obj/stm32_dma.o
                0x00000000080020d0                Vector12C
 .text.Vector130
                0x0000000008002120       0x50 build/obj/stm32_dma.o
                0x0000000008002120                Vector130
 .text.dmaInit  0x0000000008002170       0x60 build/obj/stm32_dma.o
                0x0000000008002170                dmaInit
 .text.hal_lld_backup_domain_init
                0x00000000080021d0       0x30 build/obj/hal_lld.o
 .text.hal_lld_init
                0x0000000008002200       0xb0 build/obj/hal_lld.o
                0x0000000008002200                hal_lld_init
 .text.stm32_clock_init
                0x00000000080022b0       0xb0 build/obj/hal_lld.o
                0x00000000080022b0                stm32_clock_init
 .text.adc_lld_stop_adc
                0x0000000008002360       0x40 build/obj/adc_lld.o
 .text.adc_lld_serve_interrupt
                0x00000000080023a0      0x200 build/obj/adc_lld.o
 .text.Vector88
                0x00000000080025a0       0x40 build/obj/adc_lld.o
                0x00000000080025a0                Vector88
 .text.adc_lld_init
                0x00000000080025e0       0x40 build/obj/adc_lld.o
                0x00000000080025e0                adc_lld_init
 .text.adc_lld_stop_conversion
                0x0000000008002620       0x40 build/obj/adc_lld.o
                0x0000000008002620                adc_lld_stop_conversion
 .text.Vector58
                0x0000000008002660       0x30 build/obj/ext_lld_isr.o
                0x0000000008002660                Vector58
 .text.Vector5C
                0x0000000008002690       0x30 build/obj/ext_lld_isr.o
                0x0000000008002690                Vector5C
 .text.Vector60
                0x00000000080026c0       0x30 build/obj/ext_lld_isr.o
                0x00000000080026c0                Vector60
 .text.Vector64
                0x00000000080026f0       0x30 build/obj/ext_lld_isr.o
                0x00000000080026f0                Vector64
 .text.Vector68
                0x0000000008002720       0x30 build/obj/ext_lld_isr.o
                0x0000000008002720                Vector68
 .text.Vector9C
                0x0000000008002750       0xa0 build/obj/ext_lld_isr.o
                0x0000000008002750                Vector9C
 .text.VectorE0
                0x00000000080027f0       0xc0 build/obj/ext_lld_isr.o
                0x00000000080027f0                VectorE0
 .text.Vector44
                0x00000000080028b0       0x30 build/obj/ext_lld_isr.o
                0x00000000080028b0                Vector44
 .text.VectorE4
                0x00000000080028e0       0x30 build/obj/ext_lld_isr.o
                0x00000000080028e0                VectorE4
 .text.VectorE8
                0x0000000008002910       0x30 build/obj/ext_lld_isr.o
                0x0000000008002910                VectorE8
 .text.Vector48
                0x0000000008002940       0x30 build/obj/ext_lld_isr.o
                0x0000000008002940                Vector48
 .text.Vector4C
                0x0000000008002970       0x30 build/obj/ext_lld_isr.o
                0x0000000008002970                Vector4C
 .text.Vector140
                0x00000000080029a0       0x80 build/obj/ext_lld_isr.o
                0x00000000080029a0                Vector140
 .text.Vector144
                0x0000000008002a20       0x90 build/obj/ext_lld_isr.o
                0x0000000008002a20                Vector144
 .text.ext_lld_init
                0x0000000008002ab0       0x10 build/obj/ext_lld.o
                0x0000000008002ab0                ext_lld_init
 .text.initgpio
                0x0000000008002ac0       0x50 build/obj/pal_lld.o
 .text._pal_lld_init
                0x0000000008002b10       0x80 build/obj/pal_lld.o
                0x0000000008002b10                _pal_lld_init
 .text.VectorA4
                0x0000000008002b90       0x30 build/obj/pwm_lld.o
                0x0000000008002b90                VectorA4
 .text.VectorAC
                0x0000000008002bc0       0xa0 build/obj/pwm_lld.o
                0x0000000008002bc0                VectorAC
 .text.pwm_lld_init
                0x0000000008002c60       0x20 build/obj/pwm_lld.o
                0x0000000008002c60                pwm_lld_init
 .text.pwm_lld_start
                0x0000000008002c80      0x210 build/obj/pwm_lld.o
                0x0000000008002c80                pwm_lld_start
 .text.pwm_lld_enable_channel
                0x0000000008002e90       0x80 build/obj/pwm_lld.o
                0x0000000008002e90                pwm_lld_enable_channel
 .text.pwm_lld_disable_channel
                0x0000000008002f10       0x40 build/obj/pwm_lld.o
                0x0000000008002f10                pwm_lld_disable_channel
 .text.stm32_id8
                0x0000000008002f50       0x20 build/obj/rtcan.o
                0x0000000008002f50                stm32_id8
 .text.rtcan_txok_isr_code
                0x0000000008002f70       0xb0 build/obj/rtcan.o
                0x0000000008002f70                rtcan_txok_isr_code
 .text.rtcan_alst_isr_code
                0x0000000008003020       0x70 build/obj/rtcan.o
                0x0000000008003020                rtcan_alst_isr_code
 .text.rtcan_terr_isr_code
                0x0000000008003090       0x70 build/obj/rtcan.o
                0x0000000008003090                rtcan_terr_isr_code
 .text.rtcan_rx_isr_code
                0x0000000008003100      0x1b0 build/obj/rtcan.o
                0x0000000008003100                rtcan_rx_isr_code
 .text.rtcanInit
                0x00000000080032b0       0x10 build/obj/rtcan.o
                0x00000000080032b0                rtcanInit
 .text.rtcanReset
                0x00000000080032c0       0x60 build/obj/rtcan.o
                0x00000000080032c0                rtcanReset
 .text.rtcanStart
                0x0000000008003320       0x80 build/obj/rtcan.o
                0x0000000008003320                rtcanStart
 .text.rtcanTransmitI
                0x00000000080033a0       0x90 build/obj/rtcan.o
                0x00000000080033a0                rtcanTransmitI
 .text.rtcanReceiveMask
                0x0000000008003430       0x50 build/obj/rtcan.o
                0x0000000008003430                rtcanReceiveMask
 .text.rtcan_blinker
                0x0000000008003480       0x10 build/obj/rtcan.o
                0x0000000008003480                rtcan_blinker
 .text.msgqueue_init
                0x0000000008003490       0x10 build/obj/msgqueue.o
                0x0000000008003490                msgqueue_init
 .text.msgqueue_insert
                0x00000000080034a0       0x60 build/obj/msgqueue.o
                0x00000000080034a0                msgqueue_insert
 .text.msgqueue_get
                0x0000000008003500       0x50 build/obj/msgqueue.o
                0x0000000008003500                msgqueue_get
 .text.srt_laxity
                0x0000000008003550       0x40 build/obj/srt.o
                0x0000000008003550                srt_laxity
 .text.srt_transmit
                0x0000000008003590      0x110 build/obj/srt.o
                0x0000000008003590                srt_transmit
 .text.rtcan_lld_can_tx_handler
                0x00000000080036a0       0xd0 build/obj/rtcan_lld_can.o
 .text.rtcan_lld_can_rx0_handler
                0x0000000008003770       0x50 build/obj/rtcan_lld_can.o
 .text.rtcan_lld_can_rx1_handler
                0x00000000080037c0       0x40 build/obj/rtcan_lld_can.o
 .text.rtcan_lld_can_sce_handler
                0x0000000008003800       0x60 build/obj/rtcan_lld_can.o
 .text.Vector8C
                0x0000000008003860       0x20 build/obj/rtcan_lld_can.o
                0x0000000008003860                Vector8C
 .text.Vector90
                0x0000000008003880       0x20 build/obj/rtcan_lld_can.o
                0x0000000008003880                Vector90
 .text.Vector94
                0x00000000080038a0       0x20 build/obj/rtcan_lld_can.o
                0x00000000080038a0                Vector94
 .text.Vector98
                0x00000000080038c0       0x20 build/obj/rtcan_lld_can.o
                0x00000000080038c0                Vector98
 .text.rtcan_lld_can_init
                0x00000000080038e0       0x20 build/obj/rtcan_lld_can.o
                0x00000000080038e0                rtcan_lld_can_init
 .text.rtcan_lld_can_start
                0x0000000008003900       0x80 build/obj/rtcan_lld_can.o
                0x0000000008003900                rtcan_lld_can_start
 .text.rtcan_lld_can_txe
                0x0000000008003980       0x20 build/obj/rtcan_lld_can.o
                0x0000000008003980                rtcan_lld_can_txe
 .text.rtcan_lld_can_transmit
                0x00000000080039a0       0x70 build/obj/rtcan_lld_can.o
                0x00000000080039a0                rtcan_lld_can_transmit
 .text.rtcan_lld_can_receive
                0x0000000008003a10      0x110 build/obj/rtcan_lld_can.o
                0x0000000008003a10                rtcan_lld_can_receive
 .text.rtcan_lld_can_addfilter
                0x0000000008003b20       0xe0 build/obj/rtcan_lld_can.o
                0x0000000008003b20                rtcan_lld_can_addfilter
 .text.__early_init
                0x0000000008003c00       0x10 build/obj/board.o
                0x0000000008003c00                __early_init
 .text.boardInit
                0x0000000008003c10       0x10 build/obj/board.o
                0x0000000008003c10                boardInit
 .text.__cxa_pure_virtual
                0x0000000008003c20       0x10 build/obj/stubs.o
                0x0000000008003c20                __cxa_pure_virtual
 .text.qeiInit  0x0000000008003c30       0x10 build/obj/qei.o
                0x0000000008003c30                qeiInit
 .text.qeiObjectInit
                0x0000000008003c40       0x20 build/obj/qei.o
                0x0000000008003c40                qeiObjectInit
 .text.qeiStart
                0x0000000008003c60       0x70 build/obj/qei.o
                0x0000000008003c60                qeiStart
 .text.qeiEnable
                0x0000000008003cd0       0x50 build/obj/qei.o
                0x0000000008003cd0                qeiEnable
 .text.qeiUpdate
                0x0000000008003d20       0x40 build/obj/qei.o
                0x0000000008003d20                qeiUpdate
 .text.qeiUpdateI
                0x0000000008003d60       0x70 build/obj/qei.o
                0x0000000008003d60                qeiUpdateI
 .text.qei_lld_init
                0x0000000008003dd0       0x20 build/obj/qei_lld.o
                0x0000000008003dd0                qei_lld_init
 .text.qei_lld_start
                0x0000000008003df0       0xe0 build/obj/qei_lld.o
                0x0000000008003df0                qei_lld_start
 .text.qei_lld_enable
                0x0000000008003ed0       0x10 build/obj/qei_lld.o
                0x0000000008003ed0                qei_lld_enable
 .text._ZN3r2p10UncopyableC2Ev
                0x0000000008003ee0       0x10 build/obj/SimplePool_.o
                0x0000000008003ee0                r2p::Uncopyable::Uncopyable()
                0x0000000008003ee0                r2p::Uncopyable::Uncopyable()
 .text._ZN3r2p8SysLock_7acquireEv
                0x0000000008003ef0       0x10 build/obj/SimplePool_.o
                0x0000000008003ef0                r2p::SysLock_::acquire()
 .text._ZN3r2p8SysLock_7releaseEv
                0x0000000008003f00       0x10 build/obj/SimplePool_.o
                0x0000000008003f00                r2p::SysLock_::release()
 .text._ZN3r2p7SysLock7acquireEv
                0x0000000008003f10       0x10 build/obj/SimplePool_.o
                0x0000000008003f10                r2p::SysLock::acquire()
 .text._ZN3r2p7SysLock7releaseEv
                0x0000000008003f20       0x10 build/obj/SimplePool_.o
                0x0000000008003f20                r2p::SysLock::release()
 .text._ZN3r2p12StaticQueue_C2Ev
                0x0000000008003f30       0x30 build/obj/StaticQueue_.o
                0x0000000008003f30                r2p::StaticQueue_::StaticQueue_()
                0x0000000008003f30                r2p::StaticQueue_::StaticQueue_()
 .text._ZN3r2p10UncopyableD2Ev
                0x0000000008003f60       0x10 build/obj/BasePublisher.o
                0x0000000008003f60                r2p::Uncopyable::~Uncopyable()
                0x0000000008003f60                r2p::Uncopyable::~Uncopyable()
 .text._ZN3r2p7Message14acquire_unsafeEv
                0x0000000008003f70       0x40 build/obj/BasePublisher.o
                0x0000000008003f70                r2p::Message::acquire_unsafe()
 .text._ZN3r2p7Message14release_unsafeEv
                0x0000000008003fb0       0x40 build/obj/BasePublisher.o
                0x0000000008003fb0                r2p::Message::release_unsafe()
 .text._ZN3r2p11MemoryPool_11free_unsafeEPv
                0x0000000008003ff0       0x20 build/obj/BasePublisher.o
                0x0000000008003ff0                r2p::MemoryPool_::free_unsafe(void*)
 .text._ZN3r2p11MemoryPool_4freeEPv
                0x0000000008004010       0x20 build/obj/BasePublisher.o
                0x0000000008004010                r2p::MemoryPool_::free(void*)
 .text._ZN3r2p5Topic11free_unsafeERNS_7MessageE
                0x0000000008004030       0x20 build/obj/BasePublisher.o
                0x0000000008004030                r2p::Topic::free_unsafe(r2p::Message&)
 .text._ZN3r2p5Topic4freeERNS_7MessageE
                0x0000000008004050       0x20 build/obj/BasePublisher.o
                0x0000000008004050                r2p::Topic::free(r2p::Message&)
 .text._ZN3r2p13BasePublisher22publish_locally_unsafeERNS_7MessageE
                0x0000000008004070       0x70 build/obj/BasePublisher.o
                0x0000000008004070                r2p::BasePublisher::publish_locally_unsafe(r2p::Message&)
 .text._ZN3r2p13BasePublisher7publishERNS_7MessageE
                0x00000000080040e0       0x90 build/obj/BasePublisher.o
                0x00000000080040e0                r2p::BasePublisher::publish(r2p::Message&)
 .text._ZN3r2p13BasePublisherC2Ev
                0x0000000008004170       0x30 build/obj/BasePublisher.o
                0x0000000008004170                r2p::BasePublisher::BasePublisher()
                0x0000000008004170                r2p::BasePublisher::BasePublisher()
 .text._ZN3r2p13BasePublisherD2Ev
                0x00000000080041a0       0x30 build/obj/BasePublisher.o
                0x00000000080041a0                r2p::BasePublisher::~BasePublisher()
                0x00000000080041a0                r2p::BasePublisher::~BasePublisher()
 .text._ZNK3r2p5Topic8get_nameEv
                0x00000000080041d0       0x10 build/obj/BaseSubscriber.o
                0x00000000080041d0                r2p::Topic::get_name() const
 .text._ZN3r2p5Topic8has_nameERKS0_PKc
                0x00000000080041e0       0x40 build/obj/BaseSubscriber.o
                0x00000000080041e0                r2p::Topic::has_name(r2p::Topic const&, char const*)
 .text._ZN3r2p14BaseSubscriber14release_unsafeERNS_7MessageE
                0x0000000008004220       0x50 build/obj/BaseSubscriber.o
                0x0000000008004220                r2p::BaseSubscriber::release_unsafe(r2p::Message&)
 .text._ZN3r2p14BaseSubscriber7releaseERNS_7MessageE
                0x0000000008004270       0x50 build/obj/BaseSubscriber.o
                0x0000000008004270                r2p::BaseSubscriber::release(r2p::Message&)
 .text._ZN3r2p14BaseSubscriberC2Ev
                0x00000000080042c0       0x30 build/obj/BaseSubscriber.o
                0x00000000080042c0                r2p::BaseSubscriber::BaseSubscriber()
                0x00000000080042c0                r2p::BaseSubscriber::BaseSubscriber()
 .text._ZN3r2p14BaseSubscriberD2Ev
                0x00000000080042f0       0x30 build/obj/BaseSubscriber.o
                0x00000000080042f0                r2p::BaseSubscriber::~BaseSubscriber()
                0x00000000080042f0                r2p::BaseSubscriber::~BaseSubscriber()
 .text._ZN3r2p14BaseSubscriber9has_topicERKS0_PKc
                0x0000000008004320       0x20 build/obj/BaseSubscriber.o
                0x0000000008004320                r2p::BaseSubscriber::has_topic(r2p::BaseSubscriber const&, char const*)
 .text._ZN3r2p11StaticQueueINS_14BaseSubscriberEEC2Ev
                0x0000000008004340       0x20 build/obj/BaseSubscriberQueue.o
                0x0000000008004340                r2p::StaticQueue<r2p::BaseSubscriber>::StaticQueue()
                0x0000000008004340                r2p::StaticQueue<r2p::BaseSubscriber>::StaticQueue()
 .text._ZN3r2p19BaseSubscriberQueueC2Ev
                0x0000000008004360       0x20 build/obj/BaseSubscriberQueue.o
                0x0000000008004360                r2p::BaseSubscriberQueue::BaseSubscriberQueue()
                0x0000000008004360                r2p::BaseSubscriberQueue::BaseSubscriberQueue()
 .text._ZN3r2p14LocalPublisherC2Ev
                0x0000000008004380       0x30 build/obj/LocalPublisher.o
                0x0000000008004380                r2p::LocalPublisher::LocalPublisher()
                0x0000000008004380                r2p::LocalPublisher::LocalPublisher()
 .text._ZN3r2p14LocalPublisherD2Ev
                0x00000000080043b0       0x30 build/obj/LocalPublisher.o
                0x00000000080043b0                r2p::LocalPublisher::~LocalPublisher()
                0x00000000080043b0                r2p::LocalPublisher::~LocalPublisher()
 .text._ZN3r2p10StaticListINS_14LocalPublisherEE4LinkC2ERS1_
                0x00000000080043e0       0x20 build/obj/LocalPublisher.o
                0x00000000080043e0                r2p::StaticList<r2p::LocalPublisher>::Link::Link(r2p::LocalPublisher&)
                0x00000000080043e0                r2p::StaticList<r2p::LocalPublisher>::Link::Link(r2p::LocalPublisher&)
 .text._ZN3r2p4TimeaSERKS0_
                0x0000000008004400       0x20 build/obj/LocalSubscriber.o
                0x0000000008004400                r2p::Time::operator=(r2p::Time const&)
 .text._ZNK3r2p10SpinEvent_10get_threadEv
                0x0000000008004420       0x10 build/obj/LocalSubscriber.o
                0x0000000008004420                r2p::SpinEvent_::get_thread() const
 .text._ZN3r2p10SpinEvent_13signal_unsafeEj
                0x0000000008004430       0x40 build/obj/LocalSubscriber.o
                0x0000000008004430                r2p::SpinEvent_::signal_unsafe(unsigned int)
 .text._ZNK3r2p9SpinEvent10get_threadEv
                0x0000000008004470       0x20 build/obj/LocalSubscriber.o
                0x0000000008004470                r2p::SpinEvent::get_thread() const
 .text._ZN3r2p9SpinEvent13signal_unsafeEj
                0x0000000008004490       0x20 build/obj/LocalSubscriber.o
                0x0000000008004490                r2p::SpinEvent::signal_unsafe(unsigned int)
 .text._ZNK3r2p4Node11get_enabledEv
                0x00000000080044b0       0x30 build/obj/LocalSubscriber.o
                0x00000000080044b0                r2p::Node::get_enabled() const
 .text._ZN3r2p4Node13notify_unsafeEj
                0x00000000080044e0       0x20 build/obj/LocalSubscriber.o
                0x00000000080044e0                r2p::Node::notify_unsafe(unsigned int)
 .text._ZNK3r2p15LocalSubscriber16get_queue_lengthEv
                0x0000000008004500       0x20 build/obj/LocalSubscriber.o
                0x0000000008004500                r2p::LocalSubscriber::get_queue_length() const
 .text._ZN3r2p15LocalSubscriber12fetch_unsafeERPNS_7MessageERNS_4TimeE
                0x0000000008004520       0x40 build/obj/LocalSubscriber.o
                0x0000000008004520                r2p::LocalSubscriber::fetch_unsafe(r2p::Message*&, r2p::Time&)
 .text._ZN3r2p15LocalSubscriber13notify_unsafeERNS_7MessageERKNS_4TimeE
                0x0000000008004560       0x60 build/obj/LocalSubscriber.o
                0x0000000008004560                r2p::LocalSubscriber::notify_unsafe(r2p::Message&, r2p::Time const&)
 .text._ZN3r2p15LocalSubscriber5fetchERPNS_7MessageE
                0x00000000080045c0       0x40 build/obj/LocalSubscriber.o
                0x00000000080045c0                r2p::LocalSubscriber::fetch(r2p::Message*&)
 .text._ZN3r2p15LocalSubscriber5fetchERPNS_7MessageERNS_4TimeE
                0x0000000008004600       0x50 build/obj/LocalSubscriber.o
                0x0000000008004600                r2p::LocalSubscriber::fetch(r2p::Message*&, r2p::Time&)
 .text._ZN3r2p15LocalSubscriber6notifyERNS_7MessageERKNS_4TimeE
                0x0000000008004650       0x50 build/obj/LocalSubscriber.o
                0x0000000008004650                r2p::LocalSubscriber::notify(r2p::Message&, r2p::Time const&)
 .text._ZN3r2p10ArrayQueueIPNS_7MessageEED2Ev
                0x00000000080046a0       0x20 build/obj/LocalSubscriber.o
                0x00000000080046a0                r2p::ArrayQueue<r2p::Message*>::~ArrayQueue()
                0x00000000080046a0                r2p::ArrayQueue<r2p::Message*>::~ArrayQueue()
 .text._ZN3r2p15MessagePtrQueueD2Ev
                0x00000000080046c0       0x20 build/obj/LocalSubscriber.o
                0x00000000080046c0                r2p::MessagePtrQueue::~MessagePtrQueue()
                0x00000000080046c0                r2p::MessagePtrQueue::~MessagePtrQueue()
 .text._ZN3r2p15LocalSubscriberC2EPPNS_7MessageEjPFbRKS1_E
                0x00000000080046e0       0x80 build/obj/LocalSubscriber.o
                0x00000000080046e0                r2p::LocalSubscriber::LocalSubscriber(r2p::Message**, unsigned int, bool (*)(r2p::Message const&))
                0x00000000080046e0                r2p::LocalSubscriber::LocalSubscriber(r2p::Message**, unsigned int, bool (*)(r2p::Message const&))
 .text._ZN3r2p15LocalSubscriberD2Ev
                0x0000000008004760       0x40 build/obj/LocalSubscriber.o
                0x0000000008004760                r2p::LocalSubscriber::~LocalSubscriber()
                0x0000000008004760                r2p::LocalSubscriber::~LocalSubscriber()
 .text._ZNK3r2p10ArrayQueueIPNS_7MessageEE10get_lengthEv
                0x00000000080047a0       0x10 build/obj/LocalSubscriber.o
                0x00000000080047a0                r2p::ArrayQueue<r2p::Message*>::get_length() const
 .text._ZN3r2p10ArrayQueueIPNS_7MessageEE12fetch_unsafeERS2_
                0x00000000080047b0       0x60 build/obj/LocalSubscriber.o
                0x00000000080047b0                r2p::ArrayQueue<r2p::Message*>::fetch_unsafe(r2p::Message*&)
 .text._ZN3r2p10ArrayQueueIPNS_7MessageEE11post_unsafeES2_
                0x0000000008004810       0x60 build/obj/LocalSubscriber.o
                0x0000000008004810                r2p::ArrayQueue<r2p::Message*>::post_unsafe(r2p::Message*)
 .text._ZN3r2p10StaticListINS_15LocalSubscriberEE4LinkC2ERS1_
                0x0000000008004870       0x20 build/obj/LocalSubscriber.o
                0x0000000008004870                r2p::StaticList<r2p::LocalSubscriber>::Link::Link(r2p::LocalSubscriber&)
                0x0000000008004870                r2p::StaticList<r2p::LocalSubscriber>::Link::Link(r2p::LocalSubscriber&)
 .text._ZN3r2p15MessagePtrQueueC2EPPNS_7MessageEj
                0x0000000008004890       0x20 build/obj/MessagePtrQueue.o
                0x0000000008004890                r2p::MessagePtrQueue::MessagePtrQueue(r2p::Message**, unsigned int)
                0x0000000008004890                r2p::MessagePtrQueue::MessagePtrQueue(r2p::Message**, unsigned int)
 .text._ZN3r2p10ArrayQueueIPNS_7MessageEEC2EPS2_j
                0x00000000080048b0       0x60 build/obj/MessagePtrQueue.o
                0x00000000080048b0                r2p::ArrayQueue<r2p::Message*>::ArrayQueue(r2p::Message**, unsigned int)
                0x00000000080048b0                r2p::ArrayQueue<r2p::Message*>::ArrayQueue(r2p::Message**, unsigned int)
 .text._ZN3r2p7Message12reset_unsafeEv
                0x0000000008004910       0x20 build/obj/Message.o
                0x0000000008004910                r2p::Message::reset_unsafe()
 .text._ZN3r2p7Message7acquireEv
                0x0000000008004930       0x20 build/obj/Message.o
                0x0000000008004930                r2p::Message::acquire()
 .text._ZN3r2p7Message7releaseEv
                0x0000000008004950       0x30 build/obj/Message.o
                0x0000000008004950                r2p::Message::release()
 .text._ZN3r2p7Message4copyERS0_RKS0_j
                0x0000000008004980       0x40 build/obj/Message.o
                0x0000000008004980                r2p::Message::copy(r2p::Message&, r2p::Message const&, unsigned int)
 .text._ZN3r2p7SysLock5ScopeC2Ev
                0x00000000080049c0       0x20 build/obj/Middleware.o
                0x00000000080049c0                r2p::SysLock::Scope::Scope()
                0x00000000080049c0                r2p::SysLock::Scope::Scope()
 .text._ZN3r2p7SysLock5ScopeD2Ev
                0x00000000080049e0       0x20 build/obj/Middleware.o
                0x00000000080049e0                r2p::SysLock::Scope::~Scope()
                0x00000000080049e0                r2p::SysLock::Scope::~Scope()
 .text._ZNK3r2p11MemoryPool_13get_item_sizeEv
                0x0000000008004a00       0x10 build/obj/Middleware.o
                0x0000000008004a00                r2p::MemoryPool_::get_item_size() const
 .text._ZN3r2p11MemoryPool_12alloc_unsafeEv
                0x0000000008004a10       0x20 build/obj/Middleware.o
                0x0000000008004a10                r2p::MemoryPool_::alloc_unsafe()
 .text._ZN3r2p11MemoryPool_6extendEPvj
                0x0000000008004a30       0x20 build/obj/Middleware.o
                0x0000000008004a30                r2p::MemoryPool_::extend(void*, unsigned int)
 .text._ZNK3r2p4Time8to_s_rawEv
                0x0000000008004a50       0x20 build/obj/Middleware.o
                0x0000000008004a50                r2p::Time::to_s_raw() const
 .text._ZN3r2p4TimeC2Ev
                0x0000000008004a70       0x20 build/obj/Middleware.o
                0x0000000008004a70                r2p::Time::Time()
                0x0000000008004a70                r2p::Time::Time()
 .text._ZN3r2p4TimeC2ERKS0_
                0x0000000008004a90       0x20 build/obj/Middleware.o
                0x0000000008004a90                r2p::Time::Time(r2p::Time const&)
                0x0000000008004a90                r2p::Time::Time(r2p::Time const&)
 .text._ZN3r2p4Time2msEl
                0x0000000008004ab0       0x30 build/obj/Middleware.o
                0x0000000008004ab0                r2p::Time::ms(long)
 .text._ZN3r2pgeERKNS_4TimeES2_
                0x0000000008004ae0       0x20 build/obj/Middleware.o
                0x0000000008004ae0                r2p::operator>=(r2p::Time const&, r2p::Time const&)
 .text._ZN3r2pplERKNS_4TimeES2_
                0x0000000008004b00       0x30 build/obj/Middleware.o
                0x0000000008004b00                r2p::operator+(r2p::Time const&, r2p::Time const&)
 .text._ZN3r2pmiERKNS_4TimeES2_
                0x0000000008004b30       0x30 build/obj/Middleware.o
                0x0000000008004b30                r2p::operator-(r2p::Time const&, r2p::Time const&)
 .text._ZN3r2p7MessageC2Ev
                0x0000000008004b60       0x20 build/obj/Middleware.o
                0x0000000008004b60                r2p::Message::Message()
                0x0000000008004b60                r2p::Message::Message()
 .text._ZN3r2p7Message16get_payload_sizeEj
                0x0000000008004b80       0x10 build/obj/Middleware.o
                0x0000000008004b80                r2p::Message::get_payload_size(unsigned int)
 .text._ZNK3r2p13BasePublisher9get_topicEv
                0x0000000008004b90       0x10 build/obj/Middleware.o
                0x0000000008004b90                r2p::BasePublisher::get_topic() const
 .text._ZN3r2p13BasePublisher17notify_advertisedERNS_5TopicE
                0x0000000008004ba0       0x30 build/obj/Middleware.o
                0x0000000008004ba0                r2p::BasePublisher::notify_advertised(r2p::Topic&)
 .text._ZN3r2p13BasePublisher12alloc_unsafeERPNS_7MessageE
                0x0000000008004bd0       0x40 build/obj/Middleware.o
                0x0000000008004bd0                r2p::BasePublisher::alloc_unsafe(r2p::Message*&)
 .text._ZN3r2p13BasePublisher5allocERPNS_7MessageE
                0x0000000008004c10       0x30 build/obj/Middleware.o
                0x0000000008004c10                r2p::BasePublisher::alloc(r2p::Message*&)
 .text._ZN3r2p13BasePublisher16publish_remotelyERNS_7MessageE
                0x0000000008004c40       0x40 build/obj/Middleware.o
                0x0000000008004c40                r2p::BasePublisher::publish_remotely(r2p::Message&)
 .text._ZNK3r2p14BaseSubscriber9get_topicEv
                0x0000000008004c80       0x10 build/obj/Middleware.o
                0x0000000008004c80                r2p::BaseSubscriber::get_topic() const
 .text._ZN3r2p14BaseSubscriber17notify_subscribedERNS_5TopicE
                0x0000000008004c90       0x30 build/obj/Middleware.o
                0x0000000008004c90                r2p::BaseSubscriber::notify_subscribed(r2p::Topic&)
 .text._ZN3r2p7Thread_13create_staticEPvjmPFlS1_ES1_PKc
                0x0000000008004cc0       0x40 build/obj/Middleware.o
                0x0000000008004cc0                r2p::Thread_::create_static(void*, unsigned int, unsigned long, long (*)(void*), void*, char const*)
 .text._ZN3r2p7Thread_4selfEv
                0x0000000008004d00       0x10 build/obj/Middleware.o
                0x0000000008004d00                r2p::Thread_::self()
 .text._ZN3r2p7Thread_5sleepERKNS_4TimeE
                0x0000000008004d10       0x70 build/obj/Middleware.o
                0x0000000008004d10                r2p::Thread_::sleep(r2p::Time const&)
 .text._ZN3r2p6Thread13create_staticEPvjmPFlS1_ES1_PKc
                0x0000000008004d80       0x30 build/obj/Middleware.o
                0x0000000008004d80                r2p::Thread::create_static(void*, unsigned int, unsigned long, long (*)(void*), void*, char const*)
 .text._ZN3r2p6Thread4selfEv
                0x0000000008004db0       0x10 build/obj/Middleware.o
                0x0000000008004db0                r2p::Thread::self()
 .text._ZN3r2p6Thread5sleepERKNS_4TimeE
                0x0000000008004dc0       0x20 build/obj/Middleware.o
                0x0000000008004dc0                r2p::Thread::sleep(r2p::Time const&)
 .text._ZN3r2p10SpinEvent_10set_threadEPNS_6ThreadE
                0x0000000008004de0       0x10 build/obj/Middleware.o
                0x0000000008004de0                r2p::SpinEvent_::set_thread(r2p::Thread*)
 .text._ZN3r2p10SpinEvent_6signalEj
                0x0000000008004df0       0x30 build/obj/Middleware.o
                0x0000000008004df0                r2p::SpinEvent_::signal(unsigned int)
 .text._ZN3r2p9SpinEvent10set_threadEPNS_6ThreadE
                0x0000000008004e20       0x20 build/obj/Middleware.o
                0x0000000008004e20                r2p::SpinEvent::set_thread(r2p::Thread*)
 .text._ZN3r2p9SpinEvent6signalEj
                0x0000000008004e40       0x20 build/obj/Middleware.o
                0x0000000008004e40                r2p::SpinEvent::signal(unsigned int)
 .text._ZNK3r2p4Node14get_publishersEv
                0x0000000008004e60       0x10 build/obj/Middleware.o
                0x0000000008004e60                r2p::Node::get_publishers() const
 .text._ZNK3r2p4Node15get_subscribersEv
                0x0000000008004e70       0x10 build/obj/Middleware.o
                0x0000000008004e70                r2p::Node::get_subscribers() const
 .text._ZN3r2p4Node11set_enabledEb
                0x0000000008004e80       0x30 build/obj/Middleware.o
                0x0000000008004e80                r2p::Node::set_enabled(bool)
 .text._ZN3r2p4Node11notify_stopEv
                0x0000000008004eb0       0x20 build/obj/Middleware.o
                0x0000000008004eb0                r2p::Node::notify_stop()
 .text._ZNK3r2p5Topic16get_payload_sizeEv
                0x0000000008004ed0       0x30 build/obj/Middleware.o
                0x0000000008004ed0                r2p::Topic::get_payload_size() const
 .text._ZNK3r2p5Topic20get_max_queue_lengthEv
                0x0000000008004f00       0x10 build/obj/Middleware.o
                0x0000000008004f00                r2p::Topic::get_max_queue_length() const
 .text._ZNK3r2p5Topic20has_local_publishersEv
                0x0000000008004f10       0x20 build/obj/Middleware.o
                0x0000000008004f10                r2p::Topic::has_local_publishers() const
 .text._ZNK3r2p5Topic21has_local_subscribersEv
                0x0000000008004f30       0x20 build/obj/Middleware.o
                0x0000000008004f30                r2p::Topic::has_local_subscribers() const
 .text._ZNK3r2p5Topic23compute_deadline_unsafeERKNS_4TimeE
                0x0000000008004f50       0x30 build/obj/Middleware.o
                0x0000000008004f50                r2p::Topic::compute_deadline_unsafe(r2p::Time const&) const
 .text._ZN3r2p5Topic12alloc_unsafeEv
                0x0000000008004f80       0x30 build/obj/Middleware.o
                0x0000000008004f80                r2p::Topic::alloc_unsafe()
 .text._ZNK3r2p5Topic16compute_deadlineERKNS_4TimeE
                0x0000000008004fb0       0x40 build/obj/Middleware.o
                0x0000000008004fb0                r2p::Topic::compute_deadline(r2p::Time const&) const
 .text._ZNK3r2p5Topic16compute_deadlineEv
                0x0000000008004ff0       0x30 build/obj/Middleware.o
                0x0000000008004ff0                r2p::Topic::compute_deadline() const
 .text._ZN3r2p5Topic11extend_poolEPNS_7MessageEj
                0x0000000008005020       0x20 build/obj/Middleware.o
                0x0000000008005020                r2p::Topic::extend_pool(r2p::Message*, unsigned int)
 .text._ZN3r2p6Mutex_10initializeEv
                0x0000000008005040       0x20 build/obj/Middleware.o
                0x0000000008005040                r2p::Mutex_::initialize()
 .text._ZN3r2p6Mutex_14acquire_unsafeEv
                0x0000000008005060       0x20 build/obj/Middleware.o
                0x0000000008005060                r2p::Mutex_::acquire_unsafe()
 .text._ZN3r2p6Mutex_14release_unsafeEv
                0x0000000008005080       0x10 build/obj/Middleware.o
                0x0000000008005080                r2p::Mutex_::release_unsafe()
 .text._ZN3r2p6Mutex_C2Eb
                0x0000000008005090       0x30 build/obj/Middleware.o
                0x0000000008005090                r2p::Mutex_::Mutex_(bool)
                0x0000000008005090                r2p::Mutex_::Mutex_(bool)
 .text._ZN3r2p5Mutex10initializeEv
                0x00000000080050c0       0x20 build/obj/Middleware.o
                0x00000000080050c0                r2p::Mutex::initialize()
 .text._ZN3r2p5Mutex14acquire_unsafeEv
                0x00000000080050e0       0x20 build/obj/Middleware.o
                0x00000000080050e0                r2p::Mutex::acquire_unsafe()
 .text._ZN3r2p5Mutex14release_unsafeEv
                0x0000000008005100       0x20 build/obj/Middleware.o
                0x0000000008005100                r2p::Mutex::release_unsafe()
 .text._ZN3r2p5MutexC2Eb
                0x0000000008005120       0x30 build/obj/Middleware.o
                0x0000000008005120                r2p::Mutex::Mutex(bool)
                0x0000000008005120                r2p::Mutex::Mutex(bool)
 .text._ZN3r2p7ReMutex10initializeEv
                0x0000000008005150       0x20 build/obj/Middleware.o
                0x0000000008005150                r2p::ReMutex::initialize()
 .text._ZN3r2p7ReMutex14acquire_unsafeEv
                0x0000000008005170       0x40 build/obj/Middleware.o
                0x0000000008005170                r2p::ReMutex::acquire_unsafe()
 .text._ZN3r2p7ReMutex14release_unsafeEv
                0x00000000080051b0       0x50 build/obj/Middleware.o
                0x00000000080051b0                r2p::ReMutex::release_unsafe()
 .text._ZN3r2p7ReMutex7acquireEv
                0x0000000008005200       0x20 build/obj/Middleware.o
                0x0000000008005200                r2p::ReMutex::acquire()
 .text._ZN3r2p7ReMutex7releaseEv
                0x0000000008005220       0x20 build/obj/Middleware.o
                0x0000000008005220                r2p::ReMutex::release()
 .text._ZN3r2p7ReMutexC2Eb
                0x0000000008005240       0x40 build/obj/Middleware.o
                0x0000000008005240                r2p::ReMutex::ReMutex(bool)
                0x0000000008005240                r2p::ReMutex::ReMutex(bool)
 .text._ZNK3r2p10Middleware10is_stoppedEv
                0x0000000008005280       0x10 build/obj/Middleware.o
                0x0000000008005280                r2p::Middleware::is_stopped() const
 .text._ZN3r2p10Middleware10initializeEPvjmS1_jm
                0x0000000008005290       0x60 build/obj/Middleware.o
                0x0000000008005290                r2p::Middleware::initialize(void*, unsigned int, unsigned long, void*, unsigned int, unsigned long)
 .text._ZN3r2p10Middleware5startEv
                0x00000000080052f0       0xb0 build/obj/Middleware.o
                0x00000000080052f0                r2p::Middleware::start()
 .text._ZN3r2p10Middleware4stopEv
                0x00000000080053a0       0xd0 build/obj/Middleware.o
                0x00000000080053a0                r2p::Middleware::stop()
 .text._ZN3r2p10Middleware3addERNS_4NodeE
                0x0000000008005470       0x40 build/obj/Middleware.o
                0x0000000008005470                r2p::Middleware::add(r2p::Node&)
 .text._ZN3r2p10Middleware3addERNS_9TransportE
                0x00000000080054b0       0x20 build/obj/Middleware.o
                0x00000000080054b0                r2p::Middleware::add(r2p::Transport&)
 .text._ZN3r2p10Middleware9advertiseERNS_14LocalPublisherEPKcRKNS_4TimeEj
                0x00000000080054d0       0xf0 build/obj/Middleware.o
                0x00000000080054d0                r2p::Middleware::advertise(r2p::LocalPublisher&, char const*, r2p::Time const&, unsigned int)
 .text._ZN3r2p10Middleware9advertiseERNS_15RemotePublisherEPKcRKNS_4TimeEj
                0x00000000080055c0       0x60 build/obj/Middleware.o
                0x00000000080055c0                r2p::Middleware::advertise(r2p::RemotePublisher&, char const*, r2p::Time const&, unsigned int)
 .text._ZN3r2p10Middleware9subscribeERNS_15LocalSubscriberEPKcPNS_7MessageEjj
                0x0000000008005620      0x140 build/obj/Middleware.o
                0x0000000008005620                r2p::Middleware::subscribe(r2p::LocalSubscriber&, char const*, r2p::Message*, unsigned int, unsigned int)
 .text._ZN3r2p10Middleware9subscribeERNS_16RemoteSubscriberEPKcPNS_7MessageEjj
                0x0000000008005760       0x70 build/obj/Middleware.o
                0x0000000008005760                r2p::Middleware::subscribe(r2p::RemoteSubscriber&, char const*, r2p::Message*, unsigned int, unsigned int)
 .text._ZN3r2p10Middleware12confirm_stopERKNS_4NodeE
                0x00000000080057d0       0x70 build/obj/Middleware.o
                0x00000000080057d0                r2p::Middleware::confirm_stop(r2p::Node const&)
 .text._ZN3r2p10Middleware10find_topicEPKc
                0x0000000008005840       0x40 build/obj/Middleware.o
                0x0000000008005840                r2p::Middleware::find_topic(char const*)
 .text._ZN3r2p10Middleware11touch_topicEPKcj
                0x0000000008005880       0x70 build/obj/Middleware.o
                0x0000000008005880                r2p::Middleware::touch_topic(char const*, unsigned int)
 .text._ZN3r2p10Middleware14do_mgmt_threadEv
                0x00000000080058f0      0x610 build/obj/Middleware.o
                0x00000000080058f0                r2p::Middleware::do_mgmt_thread()
 .text._ZN3r2p10Middleware16do_cmd_advertiseERKNS_7MgmtMsgE
                0x0000000008005f00      0x120 build/obj/Middleware.o
                0x0000000008005f00                r2p::Middleware::do_cmd_advertise(r2p::MgmtMsg const&)
 .text._ZN3r2p10Middleware24do_cmd_subscribe_requestERKNS_7MgmtMsgE
                0x0000000008006020      0x150 build/obj/Middleware.o
                0x0000000008006020                r2p::Middleware::do_cmd_subscribe_request(r2p::MgmtMsg const&)
 .text._ZN3r2p10Middleware25do_cmd_subscribe_responseERKNS_7MgmtMsgE
                0x0000000008006170       0x90 build/obj/Middleware.o
                0x0000000008006170                r2p::Middleware::do_cmd_subscribe_response(r2p::MgmtMsg const&)
 .text._ZN3r2p7MgmtMsgC2Ev
                0x0000000008006200       0x20 build/obj/Middleware.o
                0x0000000008006200                r2p::MgmtMsg::MgmtMsg()
                0x0000000008006200                r2p::MgmtMsg::MgmtMsg()
 .text._ZN3r2p10MiddlewareC2EPKcS2_PNS0_10PubSubStepEj
                0x0000000008006220      0x120 build/obj/Middleware.o
                0x0000000008006220                r2p::Middleware::Middleware(char const*, char const*, r2p::Middleware::PubSubStep*, unsigned int)
                0x0000000008006220                r2p::Middleware::Middleware(char const*, char const*, r2p::Middleware::PubSubStep*, unsigned int)
 .text._ZN3r2p10Middleware12mgmt_threadfEPv
                0x0000000008006340       0x20 build/obj/Middleware.o
                0x0000000008006340                r2p::Middleware::mgmt_threadf(void*)
 .text._ZN3r2p4TimeC2IlEET_
                0x0000000008006360       0x20 build/obj/Middleware.o
                0x0000000008006360                r2p::Time::Time<long>(long)
                0x0000000008006360                r2p::Time::Time<long>(long)
 .text._ZNK3r2p10StaticListINS_15LocalSubscriberEE15is_empty_unsafeEv
                0x0000000008006380       0x20 build/obj/Middleware.o
                0x0000000008006380                r2p::StaticList<r2p::LocalSubscriber>::is_empty_unsafe() const
 .text._ZN3r2p10StaticListINS_5TopicEE4linkERNS2_4LinkE
                0x00000000080063a0       0x20 build/obj/Middleware.o
                0x00000000080063a0                r2p::StaticList<r2p::Topic>::link(r2p::StaticList<r2p::Topic>::Link&)
 .text._ZN3r2p10StaticListINS_4NodeEE5beginEv
                0x00000000080063c0       0x20 build/obj/Middleware.o
                0x00000000080063c0                r2p::StaticList<r2p::Node>::begin()
 .text._ZN3r2p10StaticListINS_4NodeEE3endEv
                0x00000000080063e0       0x20 build/obj/Middleware.o
                0x00000000080063e0                r2p::StaticList<r2p::Node>::end()
 .text._ZNK3r2p10StaticListINS_4NodeEE8IteratorneERKS3_
                0x0000000008006400       0x20 build/obj/Middleware.o
                0x0000000008006400                r2p::StaticList<r2p::Node>::Iterator::operator!=(r2p::StaticList<r2p::Node>::Iterator const&) const
 .text._ZN3r2p10StaticListINS_4NodeEE8IteratorppEv
                0x0000000008006420       0x30 build/obj/Middleware.o
                0x0000000008006420                r2p::StaticList<r2p::Node>::Iterator::operator++()
 .text._ZNK3r2p10StaticListINS_4NodeEE8IteratorptEv
                0x0000000008006450       0x10 build/obj/Middleware.o
                0x0000000008006450                r2p::StaticList<r2p::Node>::Iterator::operator->() const
 .text._ZN3r2p9PublisherINS_7MgmtMsgEE5allocERPS1_
                0x0000000008006460       0x20 build/obj/Middleware.o
                0x0000000008006460                r2p::Publisher<r2p::MgmtMsg>::alloc(r2p::MgmtMsg*&)
 .text._ZN3r2p10StaticListINS_4NodeEE11link_unsafeERNS2_4LinkE
                0x0000000008006480       0x50 build/obj/Middleware.o
                0x0000000008006480                r2p::StaticList<r2p::Node>::link_unsafe(r2p::StaticList<r2p::Node>::Link&)
 .text._ZN3r2p10StaticListINS_9TransportEE4linkERNS2_4LinkE
                0x00000000080064d0       0x20 build/obj/Middleware.o
                0x00000000080064d0                r2p::StaticList<r2p::Transport>::link(r2p::StaticList<r2p::Transport>::Link&)
 .text._ZN3r2p10StaticListINS_9TransportEE5beginEv
                0x00000000080064f0       0x20 build/obj/Middleware.o
                0x00000000080064f0                r2p::StaticList<r2p::Transport>::begin()
 .text._ZN3r2p10StaticListINS_9TransportEE3endEv
                0x0000000008006510       0x20 build/obj/Middleware.o
                0x0000000008006510                r2p::StaticList<r2p::Transport>::end()
 .text._ZNK3r2p10StaticListINS_9TransportEE8IteratorneERKS3_
                0x0000000008006530       0x20 build/obj/Middleware.o
                0x0000000008006530                r2p::StaticList<r2p::Transport>::Iterator::operator!=(r2p::StaticList<r2p::Transport>::Iterator const&) const
 .text._ZN3r2p10StaticListINS_9TransportEE8IteratorppEv
                0x0000000008006550       0x30 build/obj/Middleware.o
                0x0000000008006550                r2p::StaticList<r2p::Transport>::Iterator::operator++()
 .text._ZNK3r2p10StaticListINS_4NodeEE15contains_unsafeERKS1_
                0x0000000008006580       0x30 build/obj/Middleware.o
                0x0000000008006580                r2p::StaticList<r2p::Node>::contains_unsafe(r2p::Node const&) const
 .text._ZN3r2p10StaticListINS_4NodeEE13unlink_unsafeERNS2_4LinkE
                0x00000000080065b0       0x60 build/obj/Middleware.o
                0x00000000080065b0                r2p::StaticList<r2p::Node>::unlink_unsafe(r2p::StaticList<r2p::Node>::Link&)
 .text._ZNK3r2p10StaticListINS_5TopicEE10find_firstIPFbRKS1_PKcEcEEPS1_T_PKT0_
                0x0000000008006610       0x20 build/obj/Middleware.o
                0x0000000008006610                r2p::Topic* r2p::StaticList<r2p::Topic>::find_first<bool (*)(r2p::Topic const&, char const*), char>(bool (*)(r2p::Topic const&, char const*), char const*) const
 .text._ZN3r2p4Node9advertiseINS_7MgmtMsgEEEbRNS_9PublisherIT_EEPKcRKNS_4TimeE
                0x0000000008006630       0x30 build/obj/Middleware.o
                0x0000000008006630                bool r2p::Node::advertise<r2p::MgmtMsg>(r2p::Publisher<r2p::MgmtMsg>&, char const*, r2p::Time const&)
 .text._ZN3r2p4Node9subscribeINS_7MgmtMsgEEEbRNS_16SubscriberExtBufIT_EEPKcPS4_
                0x0000000008006660       0x30 build/obj/Middleware.o
                0x0000000008006660                bool r2p::Node::subscribe<r2p::MgmtMsg>(r2p::SubscriberExtBuf<r2p::MgmtMsg>&, char const*, r2p::MgmtMsg*)
 .text._ZN3r2p7Message13reset_payloadINS_7MgmtMsgEEEvRT_
                0x0000000008006690       0x20 build/obj/Middleware.o
                0x0000000008006690                void r2p::Message::reset_payload<r2p::MgmtMsg>(r2p::MgmtMsg&)
 .text._ZN3r2p16SubscriberExtBufINS_7MgmtMsgEE5fetchERPS1_RNS_4TimeE
                0x00000000080066b0       0x20 build/obj/Middleware.o
                0x00000000080066b0                r2p::SubscriberExtBuf<r2p::MgmtMsg>::fetch(r2p::MgmtMsg*&, r2p::Time&)
 .text._ZN3r2p16SubscriberExtBufINS_7MgmtMsgEE7releaseERS1_
                0x00000000080066d0       0x20 build/obj/Middleware.o
                0x00000000080066d0                r2p::SubscriberExtBuf<r2p::MgmtMsg>::release(r2p::MgmtMsg&)
 .text._ZNK3r2p10StaticListINS_4NodeEE13ConstIterator8is_validEv
                0x00000000080066f0       0x20 build/obj/Middleware.o
                0x00000000080066f0                r2p::StaticList<r2p::Node>::ConstIterator::is_valid() const
 .text._ZNK3r2p10StaticListINS_4NodeEE7restartERNS2_13ConstIteratorE
                0x0000000008006710       0x30 build/obj/Middleware.o
                0x0000000008006710                r2p::StaticList<r2p::Node>::restart(r2p::StaticList<r2p::Node>::ConstIterator&) const
 .text._ZNK3r2p10StaticListINS_4NodeEE13ConstIteratordeEv
                0x0000000008006740       0x10 build/obj/Middleware.o
                0x0000000008006740                r2p::StaticList<r2p::Node>::ConstIterator::operator*() const
 .text._ZN3r2p10StaticListINS_4NodeEE13ConstIteratorppEv
                0x0000000008006750       0x30 build/obj/Middleware.o
                0x0000000008006750                r2p::StaticList<r2p::Node>::ConstIterator::operator++()
 .text._ZNK3r2p10StaticListINS_4NodeEE13ConstIteratorptEv
                0x0000000008006780       0x10 build/obj/Middleware.o
                0x0000000008006780                r2p::StaticList<r2p::Node>::ConstIterator::operator->() const
 .text._ZNK3r2p10StaticListINS_14LocalPublisherEE7restartERNS2_13ConstIteratorE
                0x0000000008006790       0x30 build/obj/Middleware.o
                0x0000000008006790                r2p::StaticList<r2p::LocalPublisher>::restart(r2p::StaticList<r2p::LocalPublisher>::ConstIterator&) const
 .text._ZNK3r2p10StaticListINS_15LocalSubscriberEE7restartERNS2_13ConstIteratorE
                0x00000000080067c0       0x30 build/obj/Middleware.o
                0x00000000080067c0                r2p::StaticList<r2p::LocalSubscriber>::restart(r2p::StaticList<r2p::LocalSubscriber>::ConstIterator&) const
 .text._ZNK3r2p10StaticListINS_14LocalPublisherEE13ConstIterator8is_validEv
                0x00000000080067f0       0x20 build/obj/Middleware.o
                0x00000000080067f0                r2p::StaticList<r2p::LocalPublisher>::ConstIterator::is_valid() const
 .text._ZNK3r2p10StaticListINS_14LocalPublisherEE13ConstIteratorptEv
                0x0000000008006810       0x10 build/obj/Middleware.o
                0x0000000008006810                r2p::StaticList<r2p::LocalPublisher>::ConstIterator::operator->() const
 .text._ZN3r2p10StaticListINS_14LocalPublisherEE13ConstIteratorppEv
                0x0000000008006820       0x30 build/obj/Middleware.o
                0x0000000008006820                r2p::StaticList<r2p::LocalPublisher>::ConstIterator::operator++()
 .text._ZNK3r2p10StaticListINS_15LocalSubscriberEE13ConstIterator8is_validEv
                0x0000000008006850       0x20 build/obj/Middleware.o
                0x0000000008006850                r2p::StaticList<r2p::LocalSubscriber>::ConstIterator::is_valid() const
 .text._ZNK3r2p10StaticListINS_15LocalSubscriberEE13ConstIteratorptEv
                0x0000000008006870       0x10 build/obj/Middleware.o
                0x0000000008006870                r2p::StaticList<r2p::LocalSubscriber>::ConstIterator::operator->() const
 .text._ZN3r2p10StaticListINS_15LocalSubscriberEE13ConstIteratorppEv
                0x0000000008006880       0x30 build/obj/Middleware.o
                0x0000000008006880                r2p::StaticList<r2p::LocalSubscriber>::ConstIterator::operator++()
 .text._ZNK3r2p10StaticListINS_9TransportEE5countEv
                0x00000000080068b0       0x40 build/obj/Middleware.o
                0x00000000080068b0                r2p::StaticList<r2p::Transport>::count() const
 .text._ZNK3r2p10StaticListINS_9TransportEE8IteratorptEv
                0x00000000080068f0       0x10 build/obj/Middleware.o
                0x00000000080068f0                r2p::StaticList<r2p::Transport>::Iterator::operator->() const
 .text._ZN3r2p10StaticListINS_4NodeEEC2Ev
                0x0000000008006900       0x20 build/obj/Middleware.o
                0x0000000008006900                r2p::StaticList<r2p::Node>::StaticList()
                0x0000000008006900                r2p::StaticList<r2p::Node>::StaticList()
 .text._ZN3r2p10StaticListINS_5TopicEEC2Ev
                0x0000000008006920       0x20 build/obj/Middleware.o
                0x0000000008006920                r2p::StaticList<r2p::Topic>::StaticList()
                0x0000000008006920                r2p::StaticList<r2p::Topic>::StaticList()
 .text._ZN3r2p10StaticListINS_9TransportEEC2Ev
                0x0000000008006940       0x20 build/obj/Middleware.o
                0x0000000008006940                r2p::StaticList<r2p::Transport>::StaticList()
                0x0000000008006940                r2p::StaticList<r2p::Transport>::StaticList()
 .text._ZN3r2p9PublisherINS_7MgmtMsgEEC2Ev
                0x0000000008006960       0x30 build/obj/Middleware.o
                0x0000000008006960                r2p::Publisher<r2p::MgmtMsg>::Publisher()
                0x0000000008006960                r2p::Publisher<r2p::MgmtMsg>::Publisher()
 .text._ZN3r2p9PublisherINS_7MgmtMsgEED2Ev
                0x0000000008006990       0x30 build/obj/Middleware.o
                0x0000000008006990                r2p::Publisher<r2p::MgmtMsg>::~Publisher()
                0x0000000008006990                r2p::Publisher<r2p::MgmtMsg>::~Publisher()
 .text._ZN3r2p9PublisherINS_7MgmtMsgEED0Ev
                0x00000000080069c0       0x20 build/obj/Middleware.o
                0x00000000080069c0                r2p::Publisher<r2p::MgmtMsg>::~Publisher()
 .text._ZN3r2p16SubscriberExtBufINS_7MgmtMsgEEC2EPPS1_jPFbRKS1_E
                0x00000000080069e0       0x30 build/obj/Middleware.o
                0x00000000080069e0                r2p::SubscriberExtBuf<r2p::MgmtMsg>::SubscriberExtBuf(r2p::MgmtMsg**, unsigned int, bool (*)(r2p::MgmtMsg const&))
                0x00000000080069e0                r2p::SubscriberExtBuf<r2p::MgmtMsg>::SubscriberExtBuf(r2p::MgmtMsg**, unsigned int, bool (*)(r2p::MgmtMsg const&))
 .text._ZN3r2p16SubscriberExtBufINS_7MgmtMsgEED2Ev
                0x0000000008006a10       0x30 build/obj/Middleware.o
                0x0000000008006a10                r2p::SubscriberExtBuf<r2p::MgmtMsg>::~SubscriberExtBuf()
                0x0000000008006a10                r2p::SubscriberExtBuf<r2p::MgmtMsg>::~SubscriberExtBuf()
 .text._ZN3r2p16SubscriberExtBufINS_7MgmtMsgEED0Ev
                0x0000000008006a40       0x20 build/obj/Middleware.o
                0x0000000008006a40                r2p::SubscriberExtBuf<r2p::MgmtMsg>::~SubscriberExtBuf()
 .text._ZN3r2p10StaticListINS_4NodeEE13ConstIteratorC2Ev
                0x0000000008006a60       0x20 build/obj/Middleware.o
                0x0000000008006a60                r2p::StaticList<r2p::Node>::ConstIterator::ConstIterator()
                0x0000000008006a60                r2p::StaticList<r2p::Node>::ConstIterator::ConstIterator()
 .text._ZN3r2p10StaticListINS_14LocalPublisherEE13ConstIteratorC2Ev
                0x0000000008006a80       0x20 build/obj/Middleware.o
                0x0000000008006a80                r2p::StaticList<r2p::LocalPublisher>::ConstIterator::ConstIterator()
                0x0000000008006a80                r2p::StaticList<r2p::LocalPublisher>::ConstIterator::ConstIterator()
 .text._ZN3r2p10StaticListINS_15LocalSubscriberEE13ConstIteratorC2Ev
                0x0000000008006aa0       0x20 build/obj/Middleware.o
                0x0000000008006aa0                r2p::StaticList<r2p::LocalSubscriber>::ConstIterator::ConstIterator()
                0x0000000008006aa0                r2p::StaticList<r2p::LocalSubscriber>::ConstIterator::ConstIterator()
 .text._ZN3r2p10StaticListINS_5TopicEE16link_tail_unsafeERNS2_4LinkE
                0x0000000008006ac0       0x70 build/obj/Middleware.o
                0x0000000008006ac0                r2p::StaticList<r2p::Topic>::link_tail_unsafe(r2p::StaticList<r2p::Topic>::Link&)
 .text._ZNK3r2p10StaticListINS_4NodeEE8get_headEv
                0x0000000008006b30       0x20 build/obj/Middleware.o
                0x0000000008006b30                r2p::StaticList<r2p::Node>::get_head() const
 .text._ZN3r2p10StaticListINS_4NodeEE8IteratorC2EPKNS2_4LinkE
                0x0000000008006b50       0x20 build/obj/Middleware.o
                0x0000000008006b50                r2p::StaticList<r2p::Node>::Iterator::Iterator(r2p::StaticList<r2p::Node>::Link const*)
                0x0000000008006b50                r2p::StaticList<r2p::Node>::Iterator::Iterator(r2p::StaticList<r2p::Node>::Link const*)
 .text._ZN3r2p10StaticListINS_9TransportEE16link_tail_unsafeERNS2_4LinkE
                0x0000000008006b70       0x70 build/obj/Middleware.o
                0x0000000008006b70                r2p::StaticList<r2p::Transport>::link_tail_unsafe(r2p::StaticList<r2p::Transport>::Link&)
 .text._ZNK3r2p10StaticListINS_9TransportEE8get_headEv
                0x0000000008006be0       0x20 build/obj/Middleware.o
                0x0000000008006be0                r2p::StaticList<r2p::Transport>::get_head() const
 .text._ZN3r2p10StaticListINS_9TransportEE8IteratorC2EPKNS2_4LinkE
                0x0000000008006c00       0x20 build/obj/Middleware.o
                0x0000000008006c00                r2p::StaticList<r2p::Transport>::Iterator::Iterator(r2p::StaticList<r2p::Transport>::Link const*)
                0x0000000008006c00                r2p::StaticList<r2p::Transport>::Iterator::Iterator(r2p::StaticList<r2p::Transport>::Link const*)
 .text._ZNK3r2p10StaticListINS_5TopicEE10find_firstEPFbRKS1_PKvES6_
                0x0000000008006c20       0x60 build/obj/Middleware.o
                0x0000000008006c20                r2p::StaticList<r2p::Topic>::find_first(bool (*)(r2p::Topic const&, void const*), void const*) const
 .text._ZN3r2p7Message16get_payload_sizeINS_7MgmtMsgEEEjv
                0x0000000008006c80       0x10 build/obj/Middleware.o
                0x0000000008006c80                unsigned int r2p::Message::get_payload_size<r2p::MgmtMsg>()
 .text._ZNK3r2p10StaticListINS_4NodeEE5beginEv
                0x0000000008006c90       0x20 build/obj/Middleware.o
                0x0000000008006c90                r2p::StaticList<r2p::Node>::begin() const
 .text._ZN3r2p10StaticListINS_4NodeEE13ConstIteratoraSERKS3_
                0x0000000008006cb0       0x20 build/obj/Middleware.o
                0x0000000008006cb0                r2p::StaticList<r2p::Node>::ConstIterator::operator=(r2p::StaticList<r2p::Node>::ConstIterator const&)
 .text._ZNK3r2p10StaticListINS_14LocalPublisherEE5beginEv
                0x0000000008006cd0       0x20 build/obj/Middleware.o
                0x0000000008006cd0                r2p::StaticList<r2p::LocalPublisher>::begin() const
 .text._ZN3r2p10StaticListINS_14LocalPublisherEE13ConstIteratoraSERKS3_
                0x0000000008006cf0       0x20 build/obj/Middleware.o
                0x0000000008006cf0                r2p::StaticList<r2p::LocalPublisher>::ConstIterator::operator=(r2p::StaticList<r2p::LocalPublisher>::ConstIterator const&)
 .text._ZNK3r2p10StaticListINS_15LocalSubscriberEE5beginEv
                0x0000000008006d10       0x20 build/obj/Middleware.o
                0x0000000008006d10                r2p::StaticList<r2p::LocalSubscriber>::begin() const
 .text._ZN3r2p10StaticListINS_15LocalSubscriberEE13ConstIteratoraSERKS3_
                0x0000000008006d30       0x20 build/obj/Middleware.o
                0x0000000008006d30                r2p::StaticList<r2p::LocalSubscriber>::ConstIterator::operator=(r2p::StaticList<r2p::LocalSubscriber>::ConstIterator const&)
 .text._ZN3r2p10StaticListINS_5TopicEE13unlink_unsafeERNS2_4LinkE
                0x0000000008006d50       0x60 build/obj/Middleware.o
                0x0000000008006d50                r2p::StaticList<r2p::Topic>::unlink_unsafe(r2p::StaticList<r2p::Topic>::Link&)
 .text._ZNK3r2p10StaticListINS_5TopicEE15is_empty_unsafeEv
                0x0000000008006db0       0x20 build/obj/Middleware.o
                0x0000000008006db0                r2p::StaticList<r2p::Topic>::is_empty_unsafe() const
 .text._ZNK3r2p10StaticListINS_4NodeEE15get_head_unsafeEv
                0x0000000008006dd0       0x10 build/obj/Middleware.o
                0x0000000008006dd0                r2p::StaticList<r2p::Node>::get_head_unsafe() const
 .text._ZN3r2p10StaticListINS_9TransportEE13unlink_unsafeERNS2_4LinkE
                0x0000000008006de0       0x60 build/obj/Middleware.o
                0x0000000008006de0                r2p::StaticList<r2p::Transport>::unlink_unsafe(r2p::StaticList<r2p::Transport>::Link&)
 .text._ZNK3r2p10StaticListINS_9TransportEE15is_empty_unsafeEv
                0x0000000008006e40       0x20 build/obj/Middleware.o
                0x0000000008006e40                r2p::StaticList<r2p::Transport>::is_empty_unsafe() const
 .text._ZNK3r2p10StaticListINS_9TransportEE15get_head_unsafeEv
                0x0000000008006e60       0x10 build/obj/Middleware.o
                0x0000000008006e60                r2p::StaticList<r2p::Transport>::get_head_unsafe() const
 .text._ZN3r2p10StaticListINS_4NodeEE13ConstIteratorC2EPKNS2_9ConstLinkE
                0x0000000008006e70       0x20 build/obj/Middleware.o
                0x0000000008006e70                r2p::StaticList<r2p::Node>::ConstIterator::ConstIterator(r2p::StaticList<r2p::Node>::ConstLink const*)
                0x0000000008006e70                r2p::StaticList<r2p::Node>::ConstIterator::ConstIterator(r2p::StaticList<r2p::Node>::ConstLink const*)
 .text._ZNK3r2p10StaticListINS_14LocalPublisherEE15get_head_unsafeEv
                0x0000000008006e90       0x10 build/obj/Middleware.o
                0x0000000008006e90                r2p::StaticList<r2p::LocalPublisher>::get_head_unsafe() const
 .text._ZN3r2p10StaticListINS_14LocalPublisherEE13ConstIteratorC2EPKNS2_9ConstLinkE
                0x0000000008006ea0       0x20 build/obj/Middleware.o
                0x0000000008006ea0                r2p::StaticList<r2p::LocalPublisher>::ConstIterator::ConstIterator(r2p::StaticList<r2p::LocalPublisher>::ConstLink const*)
                0x0000000008006ea0                r2p::StaticList<r2p::LocalPublisher>::ConstIterator::ConstIterator(r2p::StaticList<r2p::LocalPublisher>::ConstLink const*)
 .text._ZNK3r2p10StaticListINS_15LocalSubscriberEE15get_head_unsafeEv
                0x0000000008006ec0       0x10 build/obj/Middleware.o
                0x0000000008006ec0                r2p::StaticList<r2p::LocalSubscriber>::get_head_unsafe() const
 .text._ZN3r2p10StaticListINS_15LocalSubscriberEE13ConstIteratorC2EPKNS2_9ConstLinkE
                0x0000000008006ed0       0x20 build/obj/Middleware.o
                0x0000000008006ed0                r2p::StaticList<r2p::LocalSubscriber>::ConstIterator::ConstIterator(r2p::StaticList<r2p::LocalSubscriber>::ConstLink const*)
                0x0000000008006ed0                r2p::StaticList<r2p::LocalSubscriber>::ConstIterator::ConstIterator(r2p::StaticList<r2p::LocalSubscriber>::ConstLink const*)
 .text._ZNK3r2p4Time9to_us_rawEv
                0x0000000008006ef0       0x10 build/obj/Node.o
                0x0000000008006ef0                r2p::Time::to_us_raw() const
 .text._ZNK3r2p4Time9to_ms_rawEv
                0x0000000008006f00       0x20 build/obj/Node.o
                0x0000000008006f00                r2p::Time::to_ms_raw() const
 .text._ZN3r2peqERKNS_4TimeES2_
                0x0000000008006f20       0x20 build/obj/Node.o
                0x0000000008006f20                r2p::operator==(r2p::Time const&, r2p::Time const&)
 .text._ZN3r2p10SpinEvent_4waitERKNS_4TimeE
                0x0000000008006f40       0xb0 build/obj/Node.o
                0x0000000008006f40                r2p::SpinEvent_::wait(r2p::Time const&)
 .text._ZN3r2p10SpinEvent_C2EPNS_6ThreadE
                0x0000000008006ff0       0x20 build/obj/Node.o
                0x0000000008006ff0                r2p::SpinEvent_::SpinEvent_(r2p::Thread*)
                0x0000000008006ff0                r2p::SpinEvent_::SpinEvent_(r2p::Thread*)
 .text._ZN3r2p9SpinEvent4waitERKNS_4TimeE
                0x0000000008007010       0x20 build/obj/Node.o
                0x0000000008007010                r2p::SpinEvent::wait(r2p::Time const&)
 .text._ZN3r2p9SpinEventC2EPNS_6ThreadE
                0x0000000008007030       0x30 build/obj/Node.o
                0x0000000008007030                r2p::SpinEvent::SpinEvent(r2p::Thread*)
                0x0000000008007030                r2p::SpinEvent::SpinEvent(r2p::Thread*)
 .text._ZNK3r2p15LocalSubscriber12get_callbackEv
                0x0000000008007060       0x10 build/obj/Node.o
                0x0000000008007060                r2p::LocalSubscriber::get_callback() const
 .text._ZN3r2p4Node9advertiseERNS_14LocalPublisherEPKcRKNS_4TimeEj
                0x0000000008007070       0x60 build/obj/Node.o
                0x0000000008007070                r2p::Node::advertise(r2p::LocalPublisher&, char const*, r2p::Time const&, unsigned int)
 .text._ZN3r2p4Node9subscribeERNS_15LocalSubscriberEPKcPNS_7MessageEj
                0x00000000080070d0       0xd0 build/obj/Node.o
                0x00000000080070d0                r2p::Node::subscribe(r2p::LocalSubscriber&, char const*, r2p::Message*, unsigned int)
 .text._ZN3r2p4Node4spinERKNS_4TimeE
                0x00000000080071a0       0xf0 build/obj/Node.o
                0x00000000080071a0                r2p::Node::spin(r2p::Time const&)
 .text._ZN3r2p10StaticListINS_14LocalPublisherEED2Ev
                0x0000000008007290       0x20 build/obj/Node.o
                0x0000000008007290                r2p::StaticList<r2p::LocalPublisher>::~StaticList()
                0x0000000008007290                r2p::StaticList<r2p::LocalPublisher>::~StaticList()
 .text._ZN3r2p10StaticListINS_15LocalSubscriberEED2Ev
                0x00000000080072b0       0x20 build/obj/Node.o
                0x00000000080072b0                r2p::StaticList<r2p::LocalSubscriber>::~StaticList()
                0x00000000080072b0                r2p::StaticList<r2p::LocalSubscriber>::~StaticList()
 .text._ZN3r2p9SpinEventD2Ev
                0x00000000080072d0       0x20 build/obj/Node.o
                0x00000000080072d0                r2p::SpinEvent::~SpinEvent()
                0x00000000080072d0                r2p::SpinEvent::~SpinEvent()
 .text._ZN3r2p4NodeC2EPKcb
                0x00000000080072f0       0xa0 build/obj/Node.o
                0x00000000080072f0                r2p::Node::Node(char const*, bool)
                0x00000000080072f0                r2p::Node::Node(char const*, bool)
 .text._ZN3r2p4NodeD2Ev
                0x0000000008007390       0x40 build/obj/Node.o
                0x0000000008007390                r2p::Node::~Node()
                0x0000000008007390                r2p::Node::~Node()
 .text._ZN3r2p10StaticListINS_14LocalPublisherEE4linkERNS2_4LinkE
                0x00000000080073d0       0x20 build/obj/Node.o
                0x00000000080073d0                r2p::StaticList<r2p::LocalPublisher>::link(r2p::StaticList<r2p::LocalPublisher>::Link&)
 .text._ZNK3r2p10StaticListINS_15LocalSubscriberEE5countEv
                0x00000000080073f0       0x40 build/obj/Node.o
                0x00000000080073f0                r2p::StaticList<r2p::LocalSubscriber>::count() const
 .text._ZN3r2p10StaticListINS_15LocalSubscriberEE4linkERNS2_4LinkE
                0x0000000008007430       0x20 build/obj/Node.o
                0x0000000008007430                r2p::StaticList<r2p::LocalSubscriber>::link(r2p::StaticList<r2p::LocalSubscriber>::Link&)
 .text._ZN3r2p10StaticListINS_15LocalSubscriberEE6unlinkERNS2_4LinkE
                0x0000000008007450       0x30 build/obj/Node.o
                0x0000000008007450                r2p::StaticList<r2p::LocalSubscriber>::unlink(r2p::StaticList<r2p::LocalSubscriber>::Link&)
 .text._ZN3r2p10StaticListINS_15LocalSubscriberEE5beginEv
                0x0000000008007480       0x20 build/obj/Node.o
                0x0000000008007480                r2p::StaticList<r2p::LocalSubscriber>::begin()
 .text._ZN3r2p10StaticListINS_15LocalSubscriberEE3endEv
                0x00000000080074a0       0x20 build/obj/Node.o
                0x00000000080074a0                r2p::StaticList<r2p::LocalSubscriber>::end()
 .text._ZNK3r2p10StaticListINS_15LocalSubscriberEE8IteratorneERKS3_
                0x00000000080074c0       0x20 build/obj/Node.o
                0x00000000080074c0                r2p::StaticList<r2p::LocalSubscriber>::Iterator::operator!=(r2p::StaticList<r2p::LocalSubscriber>::Iterator const&) const
 .text._ZN3r2p10StaticListINS_15LocalSubscriberEE8IteratorppEv
                0x00000000080074e0       0x30 build/obj/Node.o
                0x00000000080074e0                r2p::StaticList<r2p::LocalSubscriber>::Iterator::operator++()
 .text._ZNK3r2p10StaticListINS_15LocalSubscriberEE8IteratorptEv
                0x0000000008007510       0x10 build/obj/Node.o
                0x0000000008007510                r2p::StaticList<r2p::LocalSubscriber>::Iterator::operator->() const
 .text._ZN3r2p10StaticListINS_14LocalPublisherEEC2Ev
                0x0000000008007520       0x20 build/obj/Node.o
                0x0000000008007520                r2p::StaticList<r2p::LocalPublisher>::StaticList()
                0x0000000008007520                r2p::StaticList<r2p::LocalPublisher>::StaticList()
 .text._ZN3r2p10StaticListINS_15LocalSubscriberEEC2Ev
                0x0000000008007540       0x20 build/obj/Node.o
                0x0000000008007540                r2p::StaticList<r2p::LocalSubscriber>::StaticList()
                0x0000000008007540                r2p::StaticList<r2p::LocalSubscriber>::StaticList()
 .text._ZN3r2p10StaticListINS_4NodeEE4LinkC2ERS1_
                0x0000000008007560       0x20 build/obj/Node.o
                0x0000000008007560                r2p::StaticList<r2p::Node>::Link::Link(r2p::Node&)
                0x0000000008007560                r2p::StaticList<r2p::Node>::Link::Link(r2p::Node&)
 .text._ZN3r2p10StaticListINS_14LocalPublisherEE16link_tail_unsafeERNS2_4LinkE
                0x0000000008007580       0x70 build/obj/Node.o
                0x0000000008007580                r2p::StaticList<r2p::LocalPublisher>::link_tail_unsafe(r2p::StaticList<r2p::LocalPublisher>::Link&)
 .text._ZN3r2p10StaticListINS_15LocalSubscriberEE16link_tail_unsafeERNS2_4LinkE
                0x00000000080075f0       0x70 build/obj/Node.o
                0x00000000080075f0                r2p::StaticList<r2p::LocalSubscriber>::link_tail_unsafe(r2p::StaticList<r2p::LocalSubscriber>::Link&)
 .text._ZN3r2p10StaticListINS_15LocalSubscriberEE13unlink_unsafeERNS2_4LinkE
                0x0000000008007660       0x60 build/obj/Node.o
                0x0000000008007660                r2p::StaticList<r2p::LocalSubscriber>::unlink_unsafe(r2p::StaticList<r2p::LocalSubscriber>::Link&)
 .text._ZNK3r2p10StaticListINS_15LocalSubscriberEE8get_headEv
                0x00000000080076c0       0x20 build/obj/Node.o
                0x00000000080076c0                r2p::StaticList<r2p::LocalSubscriber>::get_head() const
 .text._ZN3r2p10StaticListINS_15LocalSubscriberEE8IteratorC2EPKNS2_4LinkE
                0x00000000080076e0       0x20 build/obj/Node.o
                0x00000000080076e0                r2p::StaticList<r2p::LocalSubscriber>::Iterator::Iterator(r2p::StaticList<r2p::LocalSubscriber>::Link const*)
                0x00000000080076e0                r2p::StaticList<r2p::LocalSubscriber>::Iterator::Iterator(r2p::StaticList<r2p::LocalSubscriber>::Link const*)
 .text._ZN3r2p10StaticListINS_14LocalPublisherEE13unlink_unsafeERNS2_4LinkE
                0x0000000008007700       0x60 build/obj/Node.o
                0x0000000008007700                r2p::StaticList<r2p::LocalPublisher>::unlink_unsafe(r2p::StaticList<r2p::LocalPublisher>::Link&)
 .text._ZNK3r2p10StaticListINS_14LocalPublisherEE15is_empty_unsafeEv
                0x0000000008007760       0x20 build/obj/Node.o
                0x0000000008007760                r2p::StaticList<r2p::LocalPublisher>::is_empty_unsafe() const
 .text._ZN3r2p15RemotePublisherC2ERNS_9TransportE
                0x0000000008007780       0x40 build/obj/RemotePublisher.o
                0x0000000008007780                r2p::RemotePublisher::RemotePublisher(r2p::Transport&)
                0x0000000008007780                r2p::RemotePublisher::RemotePublisher(r2p::Transport&)
 .text._ZN3r2p15RemotePublisherD2Ev
                0x00000000080077c0       0x30 build/obj/RemotePublisher.o
                0x00000000080077c0                r2p::RemotePublisher::~RemotePublisher()
                0x00000000080077c0                r2p::RemotePublisher::~RemotePublisher()
 .text._ZN3r2p10StaticListINS_15RemotePublisherEE4LinkC2ERS1_
                0x00000000080077f0       0x20 build/obj/RemotePublisher.o
                0x00000000080077f0                r2p::StaticList<r2p::RemotePublisher>::Link::Link(r2p::RemotePublisher&)
                0x00000000080077f0                r2p::StaticList<r2p::RemotePublisher>::Link::Link(r2p::RemotePublisher&)
 .text._ZN3r2p16RemoteSubscriberC2ERNS_9TransportE
                0x0000000008007810       0x50 build/obj/RemoteSubscriber.o
                0x0000000008007810                r2p::RemoteSubscriber::RemoteSubscriber(r2p::Transport&)
                0x0000000008007810                r2p::RemoteSubscriber::RemoteSubscriber(r2p::Transport&)
 .text._ZN3r2p16RemoteSubscriberD2Ev
                0x0000000008007860       0x30 build/obj/RemoteSubscriber.o
                0x0000000008007860                r2p::RemoteSubscriber::~RemoteSubscriber()